<html>
<body>
<pre>
<h1>礦ision Build Log</h1>
<h2>Tool Versions:</h2>
IDE-Version: μVision V5.41.0.0
Copyright (C) 2024 ARM Ltd and ARM Germany GmbH. All rights reserved.
License Information: Yang yufei, Zhejiang University, LIC=IK1BF-6IS5Y-GKQBG-VMX2R-DWAZS-W72YJ
 
Tool Versions:
Toolchain:       MDK-ARM Plus  Version: 5.41.0.0
Toolchain Path:  D:\Keil5\ARM\ARMCC\Bin
C Compiler:      Armcc.exe V5.06 update 7 (build 960)
Assembler:       Armasm.exe V5.06 update 7 (build 960)
Linker/Locator:  ArmLink.exe V5.06 update 7 (build 960)
Library Manager: ArmAr.exe V5.06 update 7 (build 960)
Hex Converter:   FromElf.exe V5.06 update 7 (build 960)
CPU DLL:         SARMCM3.DLL V5.41.0.0
Dialog DLL:      DCM.DLL V1.17.5.0
Target DLL:      STLink\ST-LINKIII-KEIL_SWO.dll V3.3.0.0
Dialog DLL:      TCM.DLL V1.56.4.0
 
<h2>Project:</h2>
F:\Course_Project\school_contest\code\stm32f407\Lissajous_THDSys\MDK-ARM\Lissajous_THDSys.uvprojx
Project File Date:  07/22/2025

<h2>Output:</h2>
*** Using Compiler 'V5.06 update 7 (build 960)', folder: 'D:\Keil5\ARM\ARMCC\Bin'
Build target 'Lissajous_THDSys'
compiling serial_screen.c...
..\Users\serial_screen\serial_screen.c(290): warning:  #181-D: argument is incompatible with corresponding format string conversion
          sscanf((const char*)str, "%d", &ppl_value);
..\Users\serial_screen\serial_screen.c(399): warning:  #550-D: variable "years"  was set but never used
      uint8 years;
..\Users\serial_screen\serial_screen.c(400): warning:  #550-D: variable "months"  was set but never used
      uint8 months;
..\Users\serial_screen\serial_screen.c(401): warning:  #550-D: variable "weeks"  was set but never used
      uint8 weeks;
..\Users\serial_screen\serial_screen.c(402): warning:  #550-D: variable "days"  was set but never used
      uint8 days;
..\Users\serial_screen\serial_screen.c(403): warning:  #550-D: variable "hours"  was set but never used
      uint8 hours;
..\Users\serial_screen\serial_screen.c(404): warning:  #550-D: variable "minutes"  was set but never used
      uint8 minutes;
..\Users\serial_screen\serial_screen.c(405): warning:  #550-D: variable "sec"  was set but never used
      uint8 sec;
..\Users\serial_screen\serial_screen.c: 8 warnings, 0 errors
compiling lissajous_graph.c...
..\Users\lissajous_graph\lissajous_graph.c(104): warning:  #546-D: transfer of control bypasses initialization of:
            variable "idx_y1"  (declared at line 107)
            variable "idx_y2"  (declared at line 116)
            variable "diff"  (declared at line 125)
            variable "period"  (declared at line 126)
      if (idx_x1 < 0) goto DONE;  // 本帧未找到 X 上升
                      ^
..\Users\lissajous_graph\lissajous_graph.c(113): warning:  #546-D: transfer of control bypasses initialization of:
            variable "idx_y2"  (declared at line 116)
            variable "diff"  (declared at line 125)
            variable "period"  (declared at line 126)
      if (idx_y1 < 0) goto DONE;  // 本帧未找到 Y 上升
                      ^
..\Users\lissajous_graph\lissajous_graph.c(122): warning:  #546-D: transfer of control bypasses initialization of:
            variable "diff"  (declared at line 125)
            variable "period"  (declared at line 126)
      if (idx_y2 < 0) goto DONE;  // 本帧未找到完整周期
                      ^
..\Users\lissajous_graph\lissajous_graph.c(136): warning:  #1-D: last line of file ends without a newline
  }
..\Users\lissajous_graph\lissajous_graph.c: 4 warnings, 0 errors
compiling adc.c...
compiling fft_hp_estimate.c...
..\Users\fft_hp_estimate\fft_hp_estimate.c(29): warning:  #1035-D: single-precision operand implicitly converted to double-precision
              win[n] = 0.5f * (1.0f - cosf(2.0f * PI_F * n / (N_RAW-1)));
..\Users\fft_hp_estimate\fft_hp_estimate.c: 1 warning, 0 errors
compiling main.c...
linking...
Program Size: Code=40588 RO-data=120492 RW-data=2124 ZI-data=21636  
FromELF: creating hex file...
"Lissajous_THDSys\Lissajous_THDSys.axf" - 0 Error(s), 13 Warning(s).

<h2>Software Packages used:</h2>

Package Vendor: ARM
                https://www.keil.com/pack/ARM.CMSIS.6.1.0.pack
                ARM::CMSIS@6.1.0
                CMSIS (Common Microcontroller Software Interface Standard)
   * Component: CORE Version: 6.1.0

Package Vendor: Keil
                https://www.keil.com/pack/Keil.STM32F4xx_DFP.3.0.0.pack
                Keil::STM32F4xx_DFP@3.0.0
                STMicroelectronics STM32F4 Series Device Support

<h2>Collection of Component include folders:</h2>
  ./RTE/_Lissajous_THDSys
  D:/Keil5/ARM/PACK/ARM/CMSIS/6.1.0/CMSIS/Core/Include

<h2>Collection of Component Files used:</h2>

   * Component: ARM::CMSIS:CORE@6.1.0
      Include file:  CMSIS/Core/Include/tz_context.h
Build Time Elapsed:  00:02:13
</pre>
</body>
</html>
