Component: ARM Compiler 5.06 update 7 (build 960) Tool: armlink [4d3601]

==============================================================================

Section Cross References

    startup_stm32f407xx.o(RESET) refers to startup_stm32f407xx.o(STACK) for __initial_sp
    startup_stm32f407xx.o(RESET) refers to startup_stm32f407xx.o(.text) for Reset_Handler
    startup_stm32f407xx.o(RESET) refers to stm32f4xx_it.o(i.NMI_Handler) for NMI_Handler
    startup_stm32f407xx.o(RESET) refers to stm32f4xx_it.o(i.HardFault_Handler) for HardFault_Handler
    startup_stm32f407xx.o(RESET) refers to stm32f4xx_it.o(i.MemManage_Handler) for MemManage_Handler
    startup_stm32f407xx.o(RESET) refers to stm32f4xx_it.o(i.BusFault_Handler) for BusFault_Handler
    startup_stm32f407xx.o(RESET) refers to stm32f4xx_it.o(i.UsageFault_Handler) for UsageFault_Handler
    startup_stm32f407xx.o(RESET) refers to stm32f4xx_it.o(i.SVC_Handler) for SVC_Handler
    startup_stm32f407xx.o(RESET) refers to stm32f4xx_it.o(i.DebugMon_Handler) for DebugMon_Handler
    startup_stm32f407xx.o(RESET) refers to stm32f4xx_it.o(i.PendSV_Handler) for PendSV_Handler
    startup_stm32f407xx.o(RESET) refers to stm32f4xx_it.o(i.SysTick_Handler) for SysTick_Handler
    startup_stm32f407xx.o(RESET) refers to stm32f4xx_it.o(i.DMA1_Stream1_IRQHandler) for DMA1_Stream1_IRQHandler
    startup_stm32f407xx.o(RESET) refers to stm32f4xx_it.o(i.DMA1_Stream3_IRQHandler) for DMA1_Stream3_IRQHandler
    startup_stm32f407xx.o(RESET) refers to stm32f4xx_it.o(i.TIM4_IRQHandler) for TIM4_IRQHandler
    startup_stm32f407xx.o(RESET) refers to stm32f4xx_it.o(i.USART1_IRQHandler) for USART1_IRQHandler
    startup_stm32f407xx.o(RESET) refers to stm32f4xx_it.o(i.USART3_IRQHandler) for USART3_IRQHandler
    startup_stm32f407xx.o(RESET) refers to stm32f4xx_it.o(i.DMA2_Stream0_IRQHandler) for DMA2_Stream0_IRQHandler
    startup_stm32f407xx.o(RESET) refers to stm32f4xx_it.o(i.DMA2_Stream1_IRQHandler) for DMA2_Stream1_IRQHandler
    startup_stm32f407xx.o(.text) refers to system_stm32f4xx.o(i.SystemInit) for SystemInit
    startup_stm32f407xx.o(.text) refers to entry.o(.ARM.Collect$$$$00000000) for __main
    main.o(i.HAL_SYSTICK_Callback) refers to serial_screen.o(.data) for timer_tick_count
    main.o(i.SystemClock_Config) refers to memseta.o(.text) for __aeabi_memclr4
    main.o(i.SystemClock_Config) refers to stm32f4xx_hal_rcc.o(i.HAL_RCC_OscConfig) for HAL_RCC_OscConfig
    main.o(i.SystemClock_Config) refers to stm32f4xx_hal_rcc.o(i.HAL_RCC_ClockConfig) for HAL_RCC_ClockConfig
    main.o(i.main) refers to stm32f4xx_hal.o(i.HAL_Init) for HAL_Init
    main.o(i.main) refers to main.o(i.SystemClock_Config) for SystemClock_Config
    main.o(i.main) refers to gpio.o(i.MX_GPIO_Init) for MX_GPIO_Init
    main.o(i.main) refers to dma.o(i.MX_DMA_Init) for MX_DMA_Init
    main.o(i.main) refers to adc.o(i.MX_ADC1_Init) for MX_ADC1_Init
    main.o(i.main) refers to usart.o(i.MX_USART1_UART_Init) for MX_USART1_UART_Init
    main.o(i.main) refers to fsmc.o(i.MX_FSMC_Init) for MX_FSMC_Init
    main.o(i.main) refers to tim.o(i.MX_TIM2_Init) for MX_TIM2_Init
    main.o(i.main) refers to usart.o(i.MX_USART3_UART_Init) for MX_USART3_UART_Init
    main.o(i.main) refers to adc.o(i.MX_ADC2_Init) for MX_ADC2_Init
    main.o(i.main) refers to tim.o(i.MX_TIM8_Init) for MX_TIM8_Init
    main.o(i.main) refers to adc.o(i.MX_ADC3_Init) for MX_ADC3_Init
    main.o(i.main) refers to dac.o(i.MX_DAC_Init) for MX_DAC_Init
    main.o(i.main) refers to tim.o(i.MX_TIM3_Init) for MX_TIM3_Init
    main.o(i.main) refers to tim.o(i.MX_TIM4_Init) for MX_TIM4_Init
    main.o(i.main) refers to tim.o(i.MX_TIM5_Init) for MX_TIM5_Init
    main.o(i.main) refers to bsp_ad9833.o(i.AD9833_Init) for AD9833_Init
    main.o(i.main) refers to bsp_ad9833.o(i.AD9833_Config) for AD9833_Config
    main.o(i.main) refers to printfa.o(i.__0printf) for __2printf
    main.o(i.main) refers to cmd_queue.o(i.queue_find_cmd) for queue_find_cmd
    main.o(i.main) refers to serial_screen.o(i.ProcessMessage) for ProcessMessage
    main.o(i.main) refers to serial_screen.o(i.UpdateUI) for UpdateUI
    main.o(i.main) refers to serial_screen.o(.bss) for cmd_buffer
    main.o(i.main) refers to serial_screen.o(.data) for timer_tick_count
    gpio.o(i.MX_GPIO_Init) refers to memseta.o(.text) for __aeabi_memclr4
    gpio.o(i.MX_GPIO_Init) refers to stm32f4xx_hal_gpio.o(i.HAL_GPIO_WritePin) for HAL_GPIO_WritePin
    gpio.o(i.MX_GPIO_Init) refers to stm32f4xx_hal_gpio.o(i.HAL_GPIO_Init) for HAL_GPIO_Init
    adc.o(i.HAL_ADC_ConvCpltCallback) refers to adc.o(.data) for .data
    adc.o(i.HAL_ADC_MspDeInit) refers to stm32f4xx_hal_gpio.o(i.HAL_GPIO_DeInit) for HAL_GPIO_DeInit
    adc.o(i.HAL_ADC_MspDeInit) refers to stm32f4xx_hal_dma.o(i.HAL_DMA_DeInit) for HAL_DMA_DeInit
    adc.o(i.HAL_ADC_MspInit) refers to memseta.o(.text) for __aeabi_memclr4
    adc.o(i.HAL_ADC_MspInit) refers to stm32f4xx_hal_gpio.o(i.HAL_GPIO_Init) for HAL_GPIO_Init
[...]
    arm_const_structs.o(.rodata.arm_rfft_fast_sR_f64_len256) refers to arm_common_tables.o(.rodata.twiddleCoefF64_rfft_256) for twiddleCoefF64_rfft_256
    arm_const_structs.o(.rodata.arm_rfft_fast_sR_f64_len512) refers to arm_common_tables.o(.rodata.twiddleCoefF64_256) for twiddleCoefF64_256
    arm_const_structs.o(.rodata.arm_rfft_fast_sR_f64_len512) refers to arm_common_tables.o(.rodata.armBitRevIndexTableF64_256) for armBitRevIndexTableF64_256
    arm_const_structs.o(.rodata.arm_rfft_fast_sR_f64_len512) refers to arm_common_tables.o(.rodata.twiddleCoefF64_rfft_512) for twiddleCoefF64_rfft_512
    arm_const_structs.o(.rodata.arm_rfft_fast_sR_f64_len1024) refers to arm_common_tables.o(.rodata.twiddleCoefF64_512) for twiddleCoefF64_512
    arm_const_structs.o(.rodata.arm_rfft_fast_sR_f64_len1024) refers to arm_common_tables.o(.rodata.armBitRevIndexTableF64_512) for armBitRevIndexTableF64_512
    arm_const_structs.o(.rodata.arm_rfft_fast_sR_f64_len1024) refers to arm_common_tables.o(.rodata.twiddleCoefF64_rfft_1024) for twiddleCoefF64_rfft_1024
    arm_const_structs.o(.rodata.arm_rfft_fast_sR_f64_len2048) refers to arm_common_tables.o(.rodata.twiddleCoefF64_1024) for twiddleCoefF64_1024
    arm_const_structs.o(.rodata.arm_rfft_fast_sR_f64_len2048) refers to arm_common_tables.o(.rodata.armBitRevIndexTableF64_1024) for armBitRevIndexTableF64_1024
    arm_const_structs.o(.rodata.arm_rfft_fast_sR_f64_len2048) refers to arm_common_tables.o(.rodata.twiddleCoefF64_rfft_2048) for twiddleCoefF64_rfft_2048
    arm_const_structs.o(.rodata.arm_rfft_fast_sR_f64_len4096) refers to arm_common_tables.o(.rodata.twiddleCoefF64_2048) for twiddleCoefF64_2048
    arm_const_structs.o(.rodata.arm_rfft_fast_sR_f64_len4096) refers to arm_common_tables.o(.rodata.armBitRevIndexTableF64_2048) for armBitRevIndexTableF64_2048
    arm_const_structs.o(.rodata.arm_rfft_fast_sR_f64_len4096) refers to arm_common_tables.o(.rodata.twiddleCoefF64_rfft_4096) for twiddleCoefF64_rfft_4096
    arm_const_structs.o(.rodata.arm_rfft_fast_sR_f32_len32) refers to arm_common_tables.o(.rodata.twiddleCoef_16) for twiddleCoef_16
    arm_const_structs.o(.rodata.arm_rfft_fast_sR_f32_len32) refers to arm_common_tables.o(.rodata.armBitRevIndexTable16) for armBitRevIndexTable16
    arm_const_structs.o(.rodata.arm_rfft_fast_sR_f32_len32) refers to arm_common_tables.o(.rodata.twiddleCoef_rfft_32) for twiddleCoef_rfft_32
    arm_const_structs.o(.rodata.arm_rfft_fast_sR_f32_len64) refers to arm_common_tables.o(.rodata.twiddleCoef_32) for twiddleCoef_32
    arm_const_structs.o(.rodata.arm_rfft_fast_sR_f32_len64) refers to arm_common_tables.o(.rodata.armBitRevIndexTable32) for armBitRevIndexTable32
    arm_const_structs.o(.rodata.arm_rfft_fast_sR_f32_len64) refers to arm_common_tables.o(.rodata.twiddleCoef_rfft_64) for twiddleCoef_rfft_64
    arm_const_structs.o(.rodata.arm_rfft_fast_sR_f32_len128) refers to arm_common_tables.o(.rodata.twiddleCoef_64) for twiddleCoef_64
    arm_const_structs.o(.rodata.arm_rfft_fast_sR_f32_len128) refers to arm_common_tables.o(.rodata.armBitRevIndexTable64) for armBitRevIndexTable64
    arm_const_structs.o(.rodata.arm_rfft_fast_sR_f32_len128) refers to arm_common_tables.o(.rodata.twiddleCoef_rfft_128) for twiddleCoef_rfft_128
    arm_const_structs.o(.rodata.arm_rfft_fast_sR_f32_len256) refers to arm_common_tables.o(.rodata.twiddleCoef_128) for twiddleCoef_128
    arm_const_structs.o(.rodata.arm_rfft_fast_sR_f32_len256) refers to arm_common_tables.o(.rodata.armBitRevIndexTable128) for armBitRevIndexTable128
    arm_const_structs.o(.rodata.arm_rfft_fast_sR_f32_len256) refers to arm_common_tables.o(.rodata.twiddleCoef_rfft_256) for twiddleCoef_rfft_256
    arm_const_structs.o(.rodata.arm_rfft_fast_sR_f32_len512) refers to arm_common_tables.o(.rodata.twiddleCoef_256) for twiddleCoef_256
    arm_const_structs.o(.rodata.arm_rfft_fast_sR_f32_len512) refers to arm_common_tables.o(.rodata.armBitRevIndexTable256) for armBitRevIndexTable256
    arm_const_structs.o(.rodata.arm_rfft_fast_sR_f32_len512) refers to arm_common_tables.o(.rodata.twiddleCoef_rfft_512) for twiddleCoef_rfft_512
    arm_const_structs.o(.rodata.arm_rfft_fast_sR_f32_len1024) refers to arm_common_tables.o(.rodata.twiddleCoef_512) for twiddleCoef_512
    arm_const_structs.o(.rodata.arm_rfft_fast_sR_f32_len1024) refers to arm_common_tables.o(.rodata.armBitRevIndexTable512) for armBitRevIndexTable512
    arm_const_structs.o(.rodata.arm_rfft_fast_sR_f32_len1024) refers to arm_common_tables.o(.rodata.twiddleCoef_rfft_1024) for twiddleCoef_rfft_1024
    arm_const_structs.o(.rodata.arm_rfft_fast_sR_f32_len2048) refers to arm_common_tables.o(.rodata.twiddleCoef_1024) for twiddleCoef_1024
    arm_const_structs.o(.rodata.arm_rfft_fast_sR_f32_len2048) refers to arm_common_tables.o(.rodata.armBitRevIndexTable1024) for armBitRevIndexTable1024
    arm_const_structs.o(.rodata.arm_rfft_fast_sR_f32_len2048) refers to arm_common_tables.o(.rodata.twiddleCoef_rfft_2048) for twiddleCoef_rfft_2048
    arm_const_structs.o(.rodata.arm_rfft_fast_sR_f32_len4096) refers to arm_common_tables.o(.rodata.twiddleCoef_2048) for twiddleCoef_2048
    arm_const_structs.o(.rodata.arm_rfft_fast_sR_f32_len4096) refers to arm_common_tables.o(.rodata.armBitRevIndexTable2048) for armBitRevIndexTable2048
    arm_const_structs.o(.rodata.arm_rfft_fast_sR_f32_len4096) refers to arm_common_tables.o(.rodata.twiddleCoef_rfft_4096) for twiddleCoef_rfft_4096
    arm_const_structs.o(.rodata.arm_rfft_sR_q31_len32) refers to arm_common_tables.o(.rodata.realCoefAQ31) for realCoefAQ31
    arm_const_structs.o(.rodata.arm_rfft_sR_q31_len32) refers to arm_common_tables.o(.rodata.realCoefBQ31) for realCoefBQ31
    arm_const_structs.o(.rodata.arm_rfft_sR_q31_len32) refers to arm_const_structs.o(.rodata.arm_cfft_sR_q31_len16) for arm_cfft_sR_q31_len16
    arm_const_structs.o(.rodata.arm_rfft_sR_q31_len64) refers to arm_common_tables.o(.rodata.realCoefAQ31) for realCoefAQ31
    arm_const_structs.o(.rodata.arm_rfft_sR_q31_len64) refers to arm_common_tables.o(.rodata.realCoefBQ31) for realCoefBQ31
    arm_const_structs.o(.rodata.arm_rfft_sR_q31_len64) refers to arm_const_structs.o(.rodata.arm_cfft_sR_q31_len32) for arm_cfft_sR_q31_len32
    arm_const_structs.o(.rodata.arm_rfft_sR_q31_len128) refers to arm_common_tables.o(.rodata.realCoefAQ31) for realCoefAQ31
    arm_const_structs.o(.rodata.arm_rfft_sR_q31_len128) refers to arm_common_tables.o(.rodata.realCoefBQ31) for realCoefBQ31
    arm_const_structs.o(.rodata.arm_rfft_sR_q31_len128) refers to arm_const_structs.o(.rodata.arm_cfft_sR_q31_len64) for arm_cfft_sR_q31_len64
    arm_const_structs.o(.rodata.arm_rfft_sR_q31_len256) refers to arm_common_tables.o(.rodata.realCoefAQ31) for realCoefAQ31
    arm_const_structs.o(.rodata.arm_rfft_sR_q31_len256) refers to arm_common_tables.o(.rodata.realCoefBQ31) for realCoefBQ31
    arm_const_structs.o(.rodata.arm_rfft_sR_q31_len256) refers to arm_const_structs.o(.rodata.arm_cfft_sR_q31_len128) for arm_cfft_sR_q31_len128
    arm_const_structs.o(.rodata.arm_rfft_sR_q31_len512) refers to arm_common_tables.o(.rodata.realCoefAQ31) for realCoefAQ31
    arm_const_structs.o(.rodata.arm_rfft_sR_q31_len512) refers to arm_common_tables.o(.rodata.realCoefBQ31) for realCoefBQ31
    arm_const_structs.o(.rodata.arm_rfft_sR_q31_len512) refers to arm_const_structs.o(.rodata.arm_cfft_sR_q31_len256) for arm_cfft_sR_q31_len256
    arm_const_structs.o(.rodata.arm_rfft_sR_q31_len1024) refers to arm_common_tables.o(.rodata.realCoefAQ31) for realCoefAQ31
    arm_const_structs.o(.rodata.arm_rfft_sR_q31_len1024) refers to arm_common_tables.o(.rodata.realCoefBQ31) for realCoefBQ31
    arm_const_structs.o(.rodata.arm_rfft_sR_q31_len1024) refers to arm_const_structs.o(.rodata.arm_cfft_sR_q31_len512) for arm_cfft_sR_q31_len512
    arm_const_structs.o(.rodata.arm_rfft_sR_q31_len2048) refers to arm_common_tables.o(.rodata.realCoefAQ31) for realCoefAQ31
    arm_const_structs.o(.rodata.arm_rfft_sR_q31_len2048) refers to arm_common_tables.o(.rodata.realCoefBQ31) for realCoefBQ31
    arm_const_structs.o(.rodata.arm_rfft_sR_q31_len2048) refers to arm_const_structs.o(.rodata.arm_cfft_sR_q31_len1024) for arm_cfft_sR_q31_len1024
    arm_const_structs.o(.rodata.arm_rfft_sR_q31_len4096) refers to arm_common_tables.o(.rodata.realCoefAQ31) for realCoefAQ31
    arm_const_structs.o(.rodata.arm_rfft_sR_q31_len4096) refers to arm_common_tables.o(.rodata.realCoefBQ31) for realCoefBQ31
    arm_const_structs.o(.rodata.arm_rfft_sR_q31_len4096) refers to arm_const_structs.o(.rodata.arm_cfft_sR_q31_len2048) for arm_cfft_sR_q31_len2048
    arm_const_structs.o(.rodata.arm_rfft_sR_q31_len8192) refers to arm_common_tables.o(.rodata.realCoefAQ31) for realCoefAQ31
    arm_const_structs.o(.rodata.arm_rfft_sR_q31_len8192) refers to arm_common_tables.o(.rodata.realCoefBQ31) for realCoefBQ31
    arm_const_structs.o(.rodata.arm_rfft_sR_q31_len8192) refers to arm_const_structs.o(.rodata.arm_cfft_sR_q31_len4096) for arm_cfft_sR_q31_len4096
    arm_const_structs.o(.rodata.arm_rfft_sR_q15_len32) refers to arm_common_tables.o(.rodata.realCoefAQ15) for realCoefAQ15
    arm_const_structs.o(.rodata.arm_rfft_sR_q15_len32) refers to arm_common_tables.o(.rodata.realCoefBQ15) for realCoefBQ15
    arm_const_structs.o(.rodata.arm_rfft_sR_q15_len32) refers to arm_const_structs.o(.rodata.arm_cfft_sR_q15_len16) for arm_cfft_sR_q15_len16
    arm_const_structs.o(.rodata.arm_rfft_sR_q15_len64) refers to arm_common_tables.o(.rodata.realCoefAQ15) for realCoefAQ15
    arm_const_structs.o(.rodata.arm_rfft_sR_q15_len64) refers to arm_common_tables.o(.rodata.realCoefBQ15) for realCoefBQ15
    arm_const_structs.o(.rodata.arm_rfft_sR_q15_len64) refers to arm_const_structs.o(.rodata.arm_cfft_sR_q15_len32) for arm_cfft_sR_q15_len32
    arm_const_structs.o(.rodata.arm_rfft_sR_q15_len128) refers to arm_common_tables.o(.rodata.realCoefAQ15) for realCoefAQ15
    arm_const_structs.o(.rodata.arm_rfft_sR_q15_len128) refers to arm_common_tables.o(.rodata.realCoefBQ15) for realCoefBQ15
    arm_const_structs.o(.rodata.arm_rfft_sR_q15_len128) refers to arm_const_structs.o(.rodata.arm_cfft_sR_q15_len64) for arm_cfft_sR_q15_len64
    arm_const_structs.o(.rodata.arm_rfft_sR_q15_len256) refers to arm_common_tables.o(.rodata.realCoefAQ15) for realCoefAQ15
    arm_const_structs.o(.rodata.arm_rfft_sR_q15_len256) refers to arm_common_tables.o(.rodata.realCoefBQ15) for realCoefBQ15
    arm_const_structs.o(.rodata.arm_rfft_sR_q15_len256) refers to arm_const_structs.o(.rodata.arm_cfft_sR_q15_len128) for arm_cfft_sR_q15_len128
    arm_const_structs.o(.rodata.arm_rfft_sR_q15_len512) refers to arm_common_tables.o(.rodata.realCoefAQ15) for realCoefAQ15
    arm_const_structs.o(.rodata.arm_rfft_sR_q15_len512) refers to arm_common_tables.o(.rodata.realCoefBQ15) for realCoefBQ15
    arm_const_structs.o(.rodata.arm_rfft_sR_q15_len512) refers to arm_const_structs.o(.rodata.arm_cfft_sR_q15_len256) for arm_cfft_sR_q15_len256
    arm_const_structs.o(.rodata.arm_rfft_sR_q15_len1024) refers to arm_common_tables.o(.rodata.realCoefAQ15) for realCoefAQ15
    arm_const_structs.o(.rodata.arm_rfft_sR_q15_len1024) refers to arm_common_tables.o(.rodata.realCoefBQ15) for realCoefBQ15
    arm_const_structs.o(.rodata.arm_rfft_sR_q15_len1024) refers to arm_const_structs.o(.rodata.arm_cfft_sR_q15_len512) for arm_cfft_sR_q15_len512
    arm_const_structs.o(.rodata.arm_rfft_sR_q15_len2048) refers to arm_common_tables.o(.rodata.realCoefAQ15) for realCoefAQ15
    arm_const_structs.o(.rodata.arm_rfft_sR_q15_len2048) refers to arm_common_tables.o(.rodata.realCoefBQ15) for realCoefBQ15
    arm_const_structs.o(.rodata.arm_rfft_sR_q15_len2048) refers to arm_const_structs.o(.rodata.arm_cfft_sR_q15_len1024) for arm_cfft_sR_q15_len1024
    arm_const_structs.o(.rodata.arm_rfft_sR_q15_len4096) refers to arm_common_tables.o(.rodata.realCoefAQ15) for realCoefAQ15
    arm_const_structs.o(.rodata.arm_rfft_sR_q15_len4096) refers to arm_common_tables.o(.rodata.realCoefBQ15) for realCoefBQ15
    arm_const_structs.o(.rodata.arm_rfft_sR_q15_len4096) refers to arm_const_structs.o(.rodata.arm_cfft_sR_q15_len2048) for arm_cfft_sR_q15_len2048
    arm_const_structs.o(.rodata.arm_rfft_sR_q15_len8192) refers to arm_common_tables.o(.rodata.realCoefAQ15) for realCoefAQ15
    arm_const_structs.o(.rodata.arm_rfft_sR_q15_len8192) refers to arm_common_tables.o(.rodata.realCoefBQ15) for realCoefBQ15
    arm_const_structs.o(.rodata.arm_rfft_sR_q15_len8192) refers to arm_const_structs.o(.rodata.arm_cfft_sR_q15_len4096) for arm_cfft_sR_q15_len4096
    cosf.o(i.__hardfp_cosf) refers (Special) to iusefp.o(.text) for __I$use$fp
    cosf.o(i.__hardfp_cosf) refers to rredf.o(i.__mathlib_rredf2) for __mathlib_rredf2
    cosf.o(i.__hardfp_cosf) refers to errno.o(i.__set_errno) for __set_errno
    cosf.o(i.__hardfp_cosf) refers to funder.o(i.__mathlib_flt_invalid) for __mathlib_flt_invalid
    cosf.o(i.__hardfp_cosf) refers to funder.o(i.__mathlib_flt_infnan) for __mathlib_flt_infnan
    cosf.o(i.__softfp_cosf) refers (Special) to iusefp.o(.text) for __I$use$fp
    cosf.o(i.__softfp_cosf) refers to cosf.o(i.__hardfp_cosf) for __hardfp_cosf
    cosf.o(i.cosf) refers (Special) to iusefp.o(.text) for __I$use$fp
    cosf.o(i.cosf) refers to cosf.o(i.__hardfp_cosf) for __hardfp_cosf
    cosf_x.o(i.____hardfp_cosf$lsc) refers (Special) to iusefp.o(.text) for __I$use$fp
    cosf_x.o(i.____hardfp_cosf$lsc) refers to rredf.o(i.__mathlib_rredf2) for __mathlib_rredf2
    cosf_x.o(i.____hardfp_cosf$lsc) refers to errno.o(i.__set_errno) for __set_errno
    cosf_x.o(i.____hardfp_cosf$lsc) refers to funder.o(i.__mathlib_flt_infnan) for __mathlib_flt_infnan
    cosf_x.o(i.____softfp_cosf$lsc) refers (Special) to iusefp.o(.text) for __I$use$fp
    cosf_x.o(i.____softfp_cosf$lsc) refers to cosf_x.o(i.____hardfp_cosf$lsc) for ____hardfp_cosf$lsc
    cosf_x.o(i.__cosf$lsc) refers (Special) to iusefp.o(.text) for __I$use$fp
    cosf_x.o(i.__cosf$lsc) refers to cosf_x.o(i.____hardfp_cosf$lsc) for ____hardfp_cosf$lsc
    sqrtf.o(i.__hardfp_sqrtf) refers (Special) to iusefp.o(.text) for __I$use$fp
    sqrtf.o(i.__hardfp_sqrtf) refers to errno.o(i.__set_errno) for __set_errno
    sqrtf.o(i.__softfp_sqrtf) refers (Special) to iusefp.o(.text) for __I$use$fp
    sqrtf.o(i.__softfp_sqrtf) refers to errno.o(i.__set_errno) for __set_errno
    sqrtf.o(i.sqrtf) refers (Special) to iusefp.o(.text) for __I$use$fp
    sqrtf.o(i.sqrtf) refers to errno.o(i.__set_errno) for __set_errno
    sqrtf_x.o(i.____hardfp_sqrtf$lsc) refers (Special) to iusefp.o(.text) for __I$use$fp
    sqrtf_x.o(i.____hardfp_sqrtf$lsc) refers to errno.o(i.__set_errno) for __set_errno
    sqrtf_x.o(i.____softfp_sqrtf$lsc) refers (Special) to iusefp.o(.text) for __I$use$fp
    sqrtf_x.o(i.____softfp_sqrtf$lsc) refers to errno.o(i.__set_errno) for __set_errno
    sqrtf_x.o(i.__sqrtf$lsc) refers (Special) to iusefp.o(.text) for __I$use$fp
    sqrtf_x.o(i.__sqrtf$lsc) refers to errno.o(i.__set_errno) for __set_errno
    entry.o(.ARM.Collect$$$$00000000) refers (Special) to entry10a.o(.ARM.Collect$$$$0000000F) for __rt_final_cpp
    entry.o(.ARM.Collect$$$$00000000) refers (Special) to entry11a.o(.ARM.Collect$$$$00000011) for __rt_final_exit
    entry.o(.ARM.Collect$$$$00000000) refers (Special) to entry12b.o(.ARM.Collect$$$$0000000E) for __rt_lib_shutdown_fini
    entry.o(.ARM.Collect$$$$00000000) refers (Special) to entry7b.o(.ARM.Collect$$$$00000008) for _main_clock
    entry.o(.ARM.Collect$$$$00000000) refers (Special) to entry8b.o(.ARM.Collect$$$$0000000A) for _main_cpp_init
    entry.o(.ARM.Collect$$$$00000000) refers (Special) to entry9a.o(.ARM.Collect$$$$0000000B) for _main_init
    entry.o(.ARM.Collect$$$$00000000) refers (Special) to entry5.o(.ARM.Collect$$$$00000004) for _main_scatterload
    entry.o(.ARM.Collect$$$$00000000) refers (Special) to entry2.o(.ARM.Collect$$$$00000001) for _main_stk
    uldiv.o(.text) refers to llushr.o(.text) for __aeabi_llsr
    uldiv.o(.text) refers to llshl.o(.text) for __aeabi_llsl
    printfb.o(i.__0fprintf$bare) refers to printfb.o(i._printf_core) for _printf_core
    printfb.o(i.__0fprintf$bare) refers to usart.o(i.fputc) for fputc
    printfb.o(i.__0printf$bare) refers to printfb.o(i._printf_core) for _printf_core
    printfb.o(i.__0printf$bare) refers to usart.o(i.fputc) for fputc
    printfb.o(i.__0printf$bare) refers to stdout.o(.data) for __stdout
    printfb.o(i.__0snprintf$bare) refers to printfb.o(i._printf_core) for _printf_core
    printfb.o(i.__0snprintf$bare) refers to printfb.o(i._snputc) for _snputc
    printfb.o(i.__0sprintf$bare) refers to printfb.o(i._printf_core) for _printf_core
    printfb.o(i.__0sprintf$bare) refers to printfb.o(i._sputc) for _sputc
    printfb.o(i.__0vfprintf$bare) refers to printfb.o(i._printf_core) for _printf_core
    printfb.o(i.__0vfprintf$bare) refers to usart.o(i.fputc) for fputc
    printfb.o(i.__0vprintf$bare) refers to printfb.o(i._printf_core) for _printf_core
    printfb.o(i.__0vprintf$bare) refers to usart.o(i.fputc) for fputc
    printfb.o(i.__0vprintf$bare) refers to stdout.o(.data) for __stdout
    printfb.o(i.__0vsnprintf$bare) refers to printfb.o(i._printf_core) for _printf_core
    printfb.o(i.__0vsnprintf$bare) refers to printfb.o(i._snputc) for _snputc
    printfb.o(i.__0vsprintf$bare) refers to printfb.o(i._printf_core) for _printf_core
    printfb.o(i.__0vsprintf$bare) refers to printfb.o(i._sputc) for _sputc
    printf0.o(i.__0fprintf$0) refers to printf0.o(i._printf_core) for _printf_core
    printf0.o(i.__0fprintf$0) refers to usart.o(i.fputc) for fputc
    printf0.o(i.__0printf$0) refers to printf0.o(i._printf_core) for _printf_core
    printf0.o(i.__0printf$0) refers to usart.o(i.fputc) for fputc
    printf0.o(i.__0printf$0) refers to stdout.o(.data) for __stdout
    printf0.o(i.__0snprintf$0) refers to printf0.o(i._printf_core) for _printf_core
    printf0.o(i.__0snprintf$0) refers to printf0.o(i._snputc) for _snputc
    printf0.o(i.__0sprintf$0) refers to printf0.o(i._printf_core) for _printf_core
    printf0.o(i.__0sprintf$0) refers to printf0.o(i._sputc) for _sputc
    printf0.o(i.__0vfprintf$0) refers to printf0.o(i._printf_core) for _printf_core
    printf0.o(i.__0vfprintf$0) refers to usart.o(i.fputc) for fputc
    printf0.o(i.__0vprintf$0) refers to printf0.o(i._printf_core) for _printf_core
    printf0.o(i.__0vprintf$0) refers to usart.o(i.fputc) for fputc
    printf0.o(i.__0vprintf$0) refers to stdout.o(.data) for __stdout
    printf0.o(i.__0vsnprintf$0) refers to printf0.o(i._printf_core) for _printf_core
    printf0.o(i.__0vsnprintf$0) refers to printf0.o(i._snputc) for _snputc
    printf0.o(i.__0vsprintf$0) refers to printf0.o(i._printf_core) for _printf_core
    printf0.o(i.__0vsprintf$0) refers to printf0.o(i._sputc) for _sputc
    printf1.o(i.__0fprintf$1) refers to printf1.o(i._printf_core) for _printf_core
    printf1.o(i.__0fprintf$1) refers to usart.o(i.fputc) for fputc
    printf1.o(i.__0printf$1) refers to printf1.o(i._printf_core) for _printf_core
    printf1.o(i.__0printf$1) refers to usart.o(i.fputc) for fputc
    printf1.o(i.__0printf$1) refers to stdout.o(.data) for __stdout
    printf1.o(i.__0snprintf$1) refers to printf1.o(i._printf_core) for _printf_core
    printf1.o(i.__0snprintf$1) refers to printf1.o(i._snputc) for _snputc
    printf1.o(i.__0sprintf$1) refers to printf1.o(i._printf_core) for _printf_core
    printf1.o(i.__0sprintf$1) refers to printf1.o(i._sputc) for _sputc
    printf1.o(i.__0vfprintf$1) refers to printf1.o(i._printf_core) for _printf_core
    printf1.o(i.__0vfprintf$1) refers to usart.o(i.fputc) for fputc
    printf1.o(i.__0vprintf$1) refers to printf1.o(i._printf_core) for _printf_core
    printf1.o(i.__0vprintf$1) refers to usart.o(i.fputc) for fputc
    printf1.o(i.__0vprintf$1) refers to stdout.o(.data) for __stdout
    printf1.o(i.__0vsnprintf$1) refers to printf1.o(i._printf_core) for _printf_core
    printf1.o(i.__0vsnprintf$1) refers to printf1.o(i._snputc) for _snputc
    printf1.o(i.__0vsprintf$1) refers to printf1.o(i._printf_core) for _printf_core
    printf1.o(i.__0vsprintf$1) refers to printf1.o(i._sputc) for _sputc
    printf1.o(i._printf_core) refers to uidiv.o(.text) for __aeabi_uidivmod
    printf2.o(i.__0fprintf$2) refers to printf2.o(i._printf_core) for _printf_core
    printf2.o(i.__0fprintf$2) refers to usart.o(i.fputc) for fputc
    printf2.o(i.__0printf$2) refers to printf2.o(i._printf_core) for _printf_core
    printf2.o(i.__0printf$2) refers to usart.o(i.fputc) for fputc
    printf2.o(i.__0printf$2) refers to stdout.o(.data) for __stdout
    printf2.o(i.__0snprintf$2) refers to printf2.o(i._printf_core) for _printf_core
    printf2.o(i.__0snprintf$2) refers to printf2.o(i._snputc) for _snputc
    printf2.o(i.__0sprintf$2) refers to printf2.o(i._printf_core) for _printf_core
    printf2.o(i.__0sprintf$2) refers to printf2.o(i._sputc) for _sputc
    printf2.o(i.__0vfprintf$2) refers to printf2.o(i._printf_core) for _printf_core
    printf2.o(i.__0vfprintf$2) refers to usart.o(i.fputc) for fputc
    printf2.o(i.__0vprintf$2) refers to printf2.o(i._printf_core) for _printf_core
    printf2.o(i.__0vprintf$2) refers to usart.o(i.fputc) for fputc
    printf2.o(i.__0vprintf$2) refers to stdout.o(.data) for __stdout
    printf2.o(i.__0vsnprintf$2) refers to printf2.o(i._printf_core) for _printf_core
    printf2.o(i.__0vsnprintf$2) refers to printf2.o(i._snputc) for _snputc
    printf2.o(i.__0vsprintf$2) refers to printf2.o(i._printf_core) for _printf_core
    printf2.o(i.__0vsprintf$2) refers to printf2.o(i._sputc) for _sputc
    printf3.o(i.__0fprintf$3) refers to printf3.o(i._printf_core) for _printf_core
    printf3.o(i.__0fprintf$3) refers to usart.o(i.fputc) for fputc
    printf3.o(i.__0printf$3) refers to printf3.o(i._printf_core) for _printf_core
    printf3.o(i.__0printf$3) refers to usart.o(i.fputc) for fputc
    printf3.o(i.__0printf$3) refers to stdout.o(.data) for __stdout
    printf3.o(i.__0snprintf$3) refers to printf3.o(i._printf_core) for _printf_core
    printf3.o(i.__0snprintf$3) refers to printf3.o(i._snputc) for _snputc
    printf3.o(i.__0sprintf$3) refers to printf3.o(i._printf_core) for _printf_core
    printf3.o(i.__0sprintf$3) refers to printf3.o(i._sputc) for _sputc
    printf3.o(i.__0vfprintf$3) refers to printf3.o(i._printf_core) for _printf_core
    printf3.o(i.__0vfprintf$3) refers to usart.o(i.fputc) for fputc
    printf3.o(i.__0vprintf$3) refers to printf3.o(i._printf_core) for _printf_core
    printf3.o(i.__0vprintf$3) refers to usart.o(i.fputc) for fputc
    printf3.o(i.__0vprintf$3) refers to stdout.o(.data) for __stdout
    printf3.o(i.__0vsnprintf$3) refers to printf3.o(i._printf_core) for _printf_core
    printf3.o(i.__0vsnprintf$3) refers to printf3.o(i._snputc) for _snputc
    printf3.o(i.__0vsprintf$3) refers to printf3.o(i._printf_core) for _printf_core
    printf3.o(i.__0vsprintf$3) refers to printf3.o(i._sputc) for _sputc
    printf3.o(i._printf_core) refers to uidiv.o(.text) for __aeabi_uidivmod
    printf4.o(i.__0fprintf$4) refers to printf4.o(i._printf_core) for _printf_core
    printf4.o(i.__0fprintf$4) refers to usart.o(i.fputc) for fputc
    printf4.o(i.__0printf$4) refers to printf4.o(i._printf_core) for _printf_core
    printf4.o(i.__0printf$4) refers to usart.o(i.fputc) for fputc
    printf4.o(i.__0printf$4) refers to stdout.o(.data) for __stdout
    printf4.o(i.__0snprintf$4) refers to printf4.o(i._printf_core) for _printf_core
    printf4.o(i.__0snprintf$4) refers to printf4.o(i._snputc) for _snputc
    printf4.o(i.__0sprintf$4) refers to printf4.o(i._printf_core) for _printf_core
    printf4.o(i.__0sprintf$4) refers to printf4.o(i._sputc) for _sputc
    printf4.o(i.__0vfprintf$4) refers to printf4.o(i._printf_core) for _printf_core
    printf4.o(i.__0vfprintf$4) refers to usart.o(i.fputc) for fputc
    printf4.o(i.__0vprintf$4) refers to printf4.o(i._printf_core) for _printf_core
    printf4.o(i.__0vprintf$4) refers to usart.o(i.fputc) for fputc
    printf4.o(i.__0vprintf$4) refers to stdout.o(.data) for __stdout
    printf4.o(i.__0vsnprintf$4) refers to printf4.o(i._printf_core) for _printf_core
    printf4.o(i.__0vsnprintf$4) refers to printf4.o(i._snputc) for _snputc
    printf4.o(i.__0vsprintf$4) refers to printf4.o(i._printf_core) for _printf_core
    printf4.o(i.__0vsprintf$4) refers to printf4.o(i._sputc) for _sputc
    printf4.o(i._printf_core) refers to uldiv.o(.text) for __aeabi_uldivmod
    printf5.o(i.__0fprintf$5) refers to printf5.o(i._printf_core) for _printf_core
    printf5.o(i.__0fprintf$5) refers to usart.o(i.fputc) for fputc
    printf5.o(i.__0printf$5) refers to printf5.o(i._printf_core) for _printf_core
    printf5.o(i.__0printf$5) refers to usart.o(i.fputc) for fputc
    printf5.o(i.__0printf$5) refers to stdout.o(.data) for __stdout
    printf5.o(i.__0snprintf$5) refers to printf5.o(i._printf_core) for _printf_core
    printf5.o(i.__0snprintf$5) refers to printf5.o(i._snputc) for _snputc
    printf5.o(i.__0sprintf$5) refers to printf5.o(i._printf_core) for _printf_core
    printf5.o(i.__0sprintf$5) refers to printf5.o(i._sputc) for _sputc
    printf5.o(i.__0vfprintf$5) refers to printf5.o(i._printf_core) for _printf_core
    printf5.o(i.__0vfprintf$5) refers to usart.o(i.fputc) for fputc
    printf5.o(i.__0vprintf$5) refers to printf5.o(i._printf_core) for _printf_core
    printf5.o(i.__0vprintf$5) refers to usart.o(i.fputc) for fputc
    printf5.o(i.__0vprintf$5) refers to stdout.o(.data) for __stdout
    printf5.o(i.__0vsnprintf$5) refers to printf5.o(i._printf_core) for _printf_core
    printf5.o(i.__0vsnprintf$5) refers to printf5.o(i._snputc) for _snputc
    printf5.o(i.__0vsprintf$5) refers to printf5.o(i._printf_core) for _printf_core
    printf5.o(i.__0vsprintf$5) refers to printf5.o(i._sputc) for _sputc
    printf5.o(i._printf_core) refers to uldiv.o(.text) for __aeabi_uldivmod
    printf6.o(i.__0fprintf$6) refers to printf6.o(i._printf_core) for _printf_core
    printf6.o(i.__0fprintf$6) refers to usart.o(i.fputc) for fputc
    printf6.o(i.__0printf$6) refers to printf6.o(i._printf_core) for _printf_core
    printf6.o(i.__0printf$6) refers to usart.o(i.fputc) for fputc
    printf6.o(i.__0printf$6) refers to stdout.o(.data) for __stdout
    printf6.o(i.__0snprintf$6) refers to printf6.o(i._printf_core) for _printf_core
    printf6.o(i.__0snprintf$6) refers to printf6.o(i._snputc) for _snputc
    printf6.o(i.__0sprintf$6) refers to printf6.o(i._printf_core) for _printf_core
    printf6.o(i.__0sprintf$6) refers to printf6.o(i._sputc) for _sputc
    printf6.o(i.__0vfprintf$6) refers to printf6.o(i._printf_core) for _printf_core
    printf6.o(i.__0vfprintf$6) refers to usart.o(i.fputc) for fputc
    printf6.o(i.__0vprintf$6) refers to printf6.o(i._printf_core) for _printf_core
    printf6.o(i.__0vprintf$6) refers to usart.o(i.fputc) for fputc
    printf6.o(i.__0vprintf$6) refers to stdout.o(.data) for __stdout
    printf6.o(i.__0vsnprintf$6) refers to printf6.o(i._printf_core) for _printf_core
    printf6.o(i.__0vsnprintf$6) refers to printf6.o(i._snputc) for _snputc
    printf6.o(i.__0vsprintf$6) refers to printf6.o(i._printf_core) for _printf_core
    printf6.o(i.__0vsprintf$6) refers to printf6.o(i._sputc) for _sputc
    printf6.o(i._printf_core) refers to printf6.o(i._printf_pre_padding) for _printf_pre_padding
    printf6.o(i._printf_core) refers to uidiv.o(.text) for __aeabi_uidivmod
    printf6.o(i._printf_core) refers to printf6.o(i._printf_post_padding) for _printf_post_padding
    printf7.o(i.__0fprintf$7) refers to printf7.o(i._printf_core) for _printf_core
    printf7.o(i.__0fprintf$7) refers to usart.o(i.fputc) for fputc
    printf7.o(i.__0printf$7) refers to printf7.o(i._printf_core) for _printf_core
    printf7.o(i.__0printf$7) refers to usart.o(i.fputc) for fputc
    printf7.o(i.__0printf$7) refers to stdout.o(.data) for __stdout
    printf7.o(i.__0snprintf$7) refers to printf7.o(i._printf_core) for _printf_core
    printf7.o(i.__0snprintf$7) refers to printf7.o(i._snputc) for _snputc
    printf7.o(i.__0sprintf$7) refers to printf7.o(i._printf_core) for _printf_core
    printf7.o(i.__0sprintf$7) refers to printf7.o(i._sputc) for _sputc
    printf7.o(i.__0vfprintf$7) refers to printf7.o(i._printf_core) for _printf_core
    printf7.o(i.__0vfprintf$7) refers to usart.o(i.fputc) for fputc
    printf7.o(i.__0vprintf$7) refers to printf7.o(i._printf_core) for _printf_core
    printf7.o(i.__0vprintf$7) refers to usart.o(i.fputc) for fputc
    printf7.o(i.__0vprintf$7) refers to stdout.o(.data) for __stdout
    printf7.o(i.__0vsnprintf$7) refers to printf7.o(i._printf_core) for _printf_core
    printf7.o(i.__0vsnprintf$7) refers to printf7.o(i._snputc) for _snputc
    printf7.o(i.__0vsprintf$7) refers to printf7.o(i._printf_core) for _printf_core
    printf7.o(i.__0vsprintf$7) refers to printf7.o(i._sputc) for _sputc
    printf7.o(i._printf_core) refers to printf7.o(i._printf_pre_padding) for _printf_pre_padding
    printf7.o(i._printf_core) refers to uldiv.o(.text) for __aeabi_uldivmod
    printf7.o(i._printf_core) refers to printf7.o(i._printf_post_padding) for _printf_post_padding
    printf8.o(i.__0fprintf$8) refers to printf8.o(i._printf_core) for _printf_core
    printf8.o(i.__0fprintf$8) refers to usart.o(i.fputc) for fputc
    printf8.o(i.__0printf$8) refers to printf8.o(i._printf_core) for _printf_core
    printf8.o(i.__0printf$8) refers to usart.o(i.fputc) for fputc
    printf8.o(i.__0printf$8) refers to stdout.o(.data) for __stdout
    printf8.o(i.__0snprintf$8) refers to printf8.o(i._printf_core) for _printf_core
    printf8.o(i.__0snprintf$8) refers to printf8.o(i._snputc) for _snputc
    printf8.o(i.__0sprintf$8) refers to printf8.o(i._printf_core) for _printf_core
    printf8.o(i.__0sprintf$8) refers to printf8.o(i._sputc) for _sputc
    printf8.o(i.__0vfprintf$8) refers to printf8.o(i._printf_core) for _printf_core
    printf8.o(i.__0vfprintf$8) refers to usart.o(i.fputc) for fputc
    printf8.o(i.__0vprintf$8) refers to printf8.o(i._printf_core) for _printf_core
    printf8.o(i.__0vprintf$8) refers to usart.o(i.fputc) for fputc
    printf8.o(i.__0vprintf$8) refers to stdout.o(.data) for __stdout
    printf8.o(i.__0vsnprintf$8) refers to printf8.o(i._printf_core) for _printf_core
    printf8.o(i.__0vsnprintf$8) refers to printf8.o(i._snputc) for _snputc
    printf8.o(i.__0vsprintf$8) refers to printf8.o(i._printf_core) for _printf_core
    printf8.o(i.__0vsprintf$8) refers to printf8.o(i._sputc) for _sputc
    printf8.o(i._printf_core) refers to printf8.o(i._printf_pre_padding) for _printf_pre_padding
    printf8.o(i._printf_core) refers to uldiv.o(.text) for __aeabi_uldivmod
    printf8.o(i._printf_core) refers to printf8.o(i._printf_post_padding) for _printf_post_padding
    printfa.o(i.__0fprintf) refers (Special) to iusefp.o(.text) for __I$use$fp
    printfa.o(i.__0fprintf) refers to printfa.o(i._printf_core) for _printf_core
    printfa.o(i.__0fprintf) refers to usart.o(i.fputc) for fputc
    printfa.o(i.__0printf) refers (Special) to iusefp.o(.text) for __I$use$fp
    printfa.o(i.__0printf) refers to printfa.o(i._printf_core) for _printf_core
    printfa.o(i.__0printf) refers to usart.o(i.fputc) for fputc
    printfa.o(i.__0printf) refers to stdout.o(.data) for __stdout
    printfa.o(i.__0snprintf) refers (Special) to iusefp.o(.text) for __I$use$fp
    printfa.o(i.__0snprintf) refers to printfa.o(i._printf_core) for _printf_core
    printfa.o(i.__0snprintf) refers to printfa.o(i._snputc) for _snputc
    printfa.o(i.__0sprintf) refers (Special) to iusefp.o(.text) for __I$use$fp
    printfa.o(i.__0sprintf) refers to printfa.o(i._printf_core) for _printf_core
    printfa.o(i.__0sprintf) refers to printfa.o(i._sputc) for _sputc
    printfa.o(i.__0vfprintf) refers (Special) to iusefp.o(.text) for __I$use$fp
    printfa.o(i.__0vfprintf) refers to printfa.o(i._printf_core) for _printf_core
    printfa.o(i.__0vfprintf) refers to usart.o(i.fputc) for fputc
    printfa.o(i.__0vprintf) refers (Special) to iusefp.o(.text) for __I$use$fp
    printfa.o(i.__0vprintf) refers to printfa.o(i._printf_core) for _printf_core
    printfa.o(i.__0vprintf) refers to usart.o(i.fputc) for fputc
    printfa.o(i.__0vprintf) refers to stdout.o(.data) for __stdout
    printfa.o(i.__0vsnprintf) refers (Special) to iusefp.o(.text) for __I$use$fp
    printfa.o(i.__0vsnprintf) refers to printfa.o(i._printf_core) for _printf_core
    printfa.o(i.__0vsnprintf) refers to printfa.o(i._snputc) for _snputc
    printfa.o(i.__0vsprintf) refers (Special) to iusefp.o(.text) for __I$use$fp
    printfa.o(i.__0vsprintf) refers to printfa.o(i._printf_core) for _printf_core
    printfa.o(i.__0vsprintf) refers to printfa.o(i._sputc) for _sputc
    printfa.o(i._fp_digits) refers (Special) to iusefp.o(.text) for __I$use$fp
    printfa.o(i._fp_digits) refers to dmul.o(.text) for __aeabi_dmul
    printfa.o(i._fp_digits) refers to ddiv.o(.text) for __aeabi_ddiv
    printfa.o(i._fp_digits) refers to cdrcmple.o(.text) for __aeabi_cdrcmple
    printfa.o(i._fp_digits) refers to dadd.o(.text) for __aeabi_dadd
    printfa.o(i._fp_digits) refers to dfixul.o(.text) for __aeabi_d2ulz
    printfa.o(i._fp_digits) refers to uldiv.o(.text) for __aeabi_uldivmod
    printfa.o(i._printf_core) refers (Special) to iusefp.o(.text) for __I$use$fp
    printfa.o(i._printf_core) refers to printfa.o(i._printf_pre_padding) for _printf_pre_padding
    printfa.o(i._printf_core) refers to uldiv.o(.text) for __aeabi_uldivmod
    printfa.o(i._printf_core) refers to printfa.o(i._printf_post_padding) for _printf_post_padding
    printfa.o(i._printf_core) refers to printfa.o(i._fp_digits) for _fp_digits
    printfa.o(i._printf_core) refers to uidiv.o(.text) for __aeabi_uidivmod
    printfa.o(i._printf_post_padding) refers (Special) to iusefp.o(.text) for __I$use$fp
    printfa.o(i._printf_pre_padding) refers (Special) to iusefp.o(.text) for __I$use$fp
    printfa.o(i._snputc) refers (Special) to iusefp.o(.text) for __I$use$fp
    printfa.o(i._sputc) refers (Special) to iusefp.o(.text) for __I$use$fp
    __0sscanf.o(.text) refers to scanf_char.o(.text) for __vfscanf_char
    __0sscanf.o(.text) refers to _sgetc.o(.text) for _sgetc
    scanf_fp.o(.text) refers (Special) to iusefp.o(.text) for __I$use$fp
    scanf_fp.o(.text) refers to dfltul.o(.text) for __aeabi_ul2d
    scanf_fp.o(.text) refers to dmul.o(.text) for __aeabi_dmul
    scanf_fp.o(.text) refers to ddiv.o(.text) for __aeabi_ddiv
    scanf_fp.o(.text) refers to scanf_fp.o(i._is_digit) for _is_digit
    scanf_fp.o(.text) refers to d2f.o(.text) for __aeabi_d2f
    dmul.o(.text) refers (Special) to iusefp.o(.text) for __I$use$fp
    dmul.o(.text) refers to depilogue.o(.text) for _double_epilogue
    ddiv.o(.text) refers (Special) to iusefp.o(.text) for __I$use$fp
    ddiv.o(.text) refers to depilogue.o(.text) for _double_round
    dfltui.o(.text) refers (Special) to iusefp.o(.text) for __I$use$fp
    dfltui.o(.text) refers to depilogue.o(.text) for _double_epilogue
    dfixui.o(.text) refers (Special) to iusefp.o(.text) for __I$use$fp
    dfixui.o(.text) refers to llushr.o(.text) for __aeabi_llsr
    f2d.o(.text) refers (Special) to iusefp.o(.text) for __I$use$fp
    d2f.o(.text) refers (Special) to iusefp.o(.text) for __I$use$fp
    d2f.o(.text) refers to fepilogue.o(.text) for _float_round
    rredf.o(i.__mathlib_rredf2) refers (Special) to iusefp.o(.text) for __I$use$fp
    rredf.o(i.__mathlib_rredf2) refers to rredf.o(.constdata) for .constdata
    rredf.o(.constdata) refers (Special) to iusefp.o(.text) for __I$use$fp
    entry2.o(.ARM.Collect$$$$00000001) refers to entry2.o(.ARM.Collect$$$$00002712) for __lit__00000000
    entry2.o(.ARM.Collect$$$$00002712) refers to startup_stm32f407xx.o(STACK) for __initial_sp
    entry2.o(__vectab_stack_and_reset_area) refers to startup_stm32f407xx.o(STACK) for __initial_sp
    entry2.o(__vectab_stack_and_reset_area) refers to entry.o(.ARM.Collect$$$$00000000) for __main
    entry5.o(.ARM.Collect$$$$00000004) refers to init.o(.text) for __scatterload
    entry9a.o(.ARM.Collect$$$$0000000B) refers to main.o(i.main) for main
    entry9b.o(.ARM.Collect$$$$0000000C) refers to main.o(i.main) for main
    errno.o(i.__aeabi_errno_addr) refers to errno.o(.data) for .data
    errno.o(i.__read_errno) refers to errno.o(.data) for .data
    errno.o(i.__set_errno) refers to errno.o(.data) for .data
    scanf_char.o(.text) refers to _scanf.o(.text) for __vfscanf
    scanf_char.o(.text) refers to isspace_c.o(.text) for isspace
    depilogue.o(.text) refers to llshl.o(.text) for __aeabi_llsl
    depilogue.o(.text) refers to llushr.o(.text) for __aeabi_llsr
    dadd.o(.text) refers to llshl.o(.text) for __aeabi_llsl
    dadd.o(.text) refers to llsshr.o(.text) for __aeabi_lasr
    dadd.o(.text) refers to depilogue.o(.text) for _double_epilogue
    dfltul.o(.text) refers to depilogue.o(.text) for _double_epilogue
    dfixul.o(.text) refers to llushr.o(.text) for __aeabi_llsr
    dfixul.o(.text) refers to llshl.o(.text) for __aeabi_llsl
    init.o(.text) refers to entry5.o(.ARM.Collect$$$$00000004) for __main_after_scatterload
    isspace_c.o(.text) refers to ctype_c.o(.text) for __ctype_lookup
    _scanf.o(.text) refers (Weak) to scanf_fp.o(.text) for _scanf_real
    ctype_c.o(.text) refers to ctype_c.o(.constdata) for .constdata
    scanf_fp.o(i._is_digit) refers (Special) to iusefp.o(.text) for __I$use$fp


==============================================================================

Removing Unused input sections from the image.

    Removing startup_stm32f407xx.o(HEAP), (512 bytes).
    Removing armlib_lock_glue.o(.rev16_text), (4 bytes).
    Removing armlib_lock_glue.o(.revsh_text), (4 bytes).
    Removing armlib_lock_glue.o(.rrx_text), (6 bytes).
    Removing armlib_lock_glue.o(i.Error_Handler), (2 bytes).
    Removing main.o(.rev16_text), (4 bytes).
    Removing main.o(.revsh_text), (4 bytes).
    Removing main.o(.rrx_text), (6 bytes).
    Removing main.o(i.HAL_SYSTICK_Callback), (16 bytes).
    Removing gpio.o(.rev16_text), (4 bytes).
    Removing gpio.o(.revsh_text), (4 bytes).
    Removing gpio.o(.rrx_text), (6 bytes).
    Removing adc.o(.rev16_text), (4 bytes).
    Removing adc.o(.revsh_text), (4 bytes).
    Removing adc.o(.rrx_text), (6 bytes).
    Removing adc.o(i.HAL_ADC_MspDeInit), (116 bytes).
    Removing dac.o(.rev16_text), (4 bytes).
    Removing dac.o(.revsh_text), (4 bytes).
    Removing dac.o(.rrx_text), (6 bytes).
    Removing dac.o(i.HAL_DAC_MspDeInit), (40 bytes).
    Removing dma.o(.rev16_text), (4 bytes).
    Removing dma.o(.revsh_text), (4 bytes).
    Removing dma.o(.rrx_text), (6 bytes).
    Removing fsmc.o(.rev16_text), (4 bytes).
    Removing fsmc.o(.revsh_text), (4 bytes).
    Removing fsmc.o(.rrx_text), (6 bytes).
    Removing fsmc.o(i.HAL_SRAM_MspDeInit), (92 bytes).
    Removing tim.o(.rev16_text), (4 bytes).
    Removing tim.o(.revsh_text), (4 bytes).
    Removing tim.o(.rrx_text), (6 bytes).
    Removing tim.o(i.HAL_TIM_Base_MspDeInit), (100 bytes).
    Removing tim.o(i.HAL_TIM_IC_MspDeInit), (40 bytes).
    Removing usart.o(.rev16_text), (4 bytes).
    Removing usart.o(.revsh_text), (4 bytes).
    Removing usart.o(.rrx_text), (6 bytes).
    Removing usart.o(i.HAL_UART_MspDeInit), (108 bytes).
    Removing usart.o(i.USART1_SendString), (40 bytes).
    Removing usart.o(i.fgetc), (28 bytes).
    Removing usart.o(i.usart_init), (56 bytes).
    Removing stm32f4xx_it.o(.rev16_text), (4 bytes).
    Removing stm32f4xx_it.o(.revsh_text), (4 bytes).
    Removing stm32f4xx_it.o(.rrx_text), (6 bytes).
    Removing stm32f4xx_hal_msp.o(.rev16_text), (4 bytes).
    Removing stm32f4xx_hal_msp.o(.revsh_text), (4 bytes).
    Removing stm32f4xx_hal_msp.o(.rrx_text), (6 bytes).
    Removing stm32f4xx_hal_adc.o(.rev16_text), (4 bytes).
    Removing stm32f4xx_hal_adc.o(.revsh_text), (4 bytes).
    Removing stm32f4xx_hal_adc.o(.rrx_text), (6 bytes).
    Removing stm32f4xx_hal_adc.o(i.HAL_ADC_AnalogWDGConfig), (404 bytes).
    Removing stm32f4xx_hal_adc.o(i.HAL_ADC_ConvCpltCallback), (2 bytes).
    Removing stm32f4xx_hal_adc.o(i.HAL_ADC_DeInit), (160 bytes).
    Removing stm32f4xx_hal_adc.o(i.HAL_ADC_GetError), (4 bytes).
    Removing stm32f4xx_hal_adc.o(i.HAL_ADC_GetState), (4 bytes).
    Removing stm32f4xx_hal_adc.o(i.HAL_ADC_GetValue), (6 bytes).
    Removing stm32f4xx_hal_adc.o(i.HAL_ADC_IRQHandler), (420 bytes).
    Removing stm32f4xx_hal_adc.o(i.HAL_ADC_LevelOutOfWindowCallback), (2 bytes).
    Removing stm32f4xx_hal_adc.o(i.HAL_ADC_MspDeInit), (2 bytes).
    Removing stm32f4xx_hal_adc.o(i.HAL_ADC_MspInit), (2 bytes).
    Removing stm32f4xx_hal_adc.o(i.HAL_ADC_PollForConversion), (170 bytes).
    Removing stm32f4xx_hal_adc.o(i.HAL_ADC_PollForEvent), (236 bytes).
    Removing stm32f4xx_hal_adc.o(i.HAL_ADC_Start), (360 bytes).
    Removing stm32f4xx_hal_adc.o(i.HAL_ADC_Start_IT), (376 bytes).
    Removing stm32f4xx_hal_adc.o(i.HAL_ADC_Stop), (160 bytes).
    Removing stm32f4xx_hal_adc.o(i.HAL_ADC_Stop_IT), (172 bytes).
    Removing stm32f4xx_hal_adc_ex.o(.rev16_text), (4 bytes).
    Removing stm32f4xx_hal_adc_ex.o(.revsh_text), (4 bytes).
    Removing stm32f4xx_hal_adc_ex.o(.rrx_text), (6 bytes).
    Removing stm32f4xx_hal_adc_ex.o(i.ADC_MultiModeDMAConvCplt), (90 bytes).
    Removing stm32f4xx_hal_adc_ex.o(i.ADC_MultiModeDMAError), (18 bytes).
    Removing stm32f4xx_hal_adc_ex.o(i.ADC_MultiModeDMAHalfConvCplt), (6 bytes).
    Removing stm32f4xx_hal_adc_ex.o(i.HAL_ADCEx_InjectedConvCpltCallback), (2 bytes).
    Removing stm32f4xx_hal_adc_ex.o(i.HAL_ADCEx_InjectedGetValue), (140 bytes).
    Removing stm32f4xx_hal_adc_ex.o(i.HAL_ADCEx_InjectedPollForConversion), (144 bytes).
    Removing stm32f4xx_hal_adc_ex.o(i.HAL_ADCEx_InjectedStart), (220 bytes).
    Removing stm32f4xx_hal_adc_ex.o(i.HAL_ADCEx_InjectedStart_IT), (228 bytes).
    Removing stm32f4xx_hal_adc_ex.o(i.HAL_ADCEx_InjectedStop), (192 bytes).
    Removing stm32f4xx_hal_adc_ex.o(i.HAL_ADCEx_InjectedStop_IT), (200 bytes).
    Removing stm32f4xx_hal_adc_ex.o(i.HAL_ADCEx_MultiModeGetValue), (12 bytes).
    Removing stm32f4xx_hal_adc_ex.o(i.HAL_ADCEx_MultiModeStart_DMA), (412 bytes).
    Removing stm32f4xx_hal_adc_ex.o(i.HAL_ADCEx_MultiModeStop_DMA), (200 bytes).
    Removing stm32f4xx_hal_rcc.o(.rev16_text), (4 bytes).
    Removing stm32f4xx_hal_rcc.o(.revsh_text), (4 bytes).
    Removing stm32f4xx_hal_rcc.o(.rrx_text), (6 bytes).
    Removing stm32f4xx_hal_rcc.o(i.HAL_RCC_CSSCallback), (2 bytes).
    Removing stm32f4xx_hal_rcc.o(i.HAL_RCC_DeInit), (4 bytes).
    Removing stm32f4xx_hal_rcc.o(i.HAL_RCC_DisableCSS), (12 bytes).
    Removing stm32f4xx_hal_rcc.o(i.HAL_RCC_EnableCSS), (12 bytes).
    Removing stm32f4xx_hal_rcc.o(i.HAL_RCC_GetClockConfig), (64 bytes).
    Removing stm32f4xx_hal_rcc.o(i.HAL_RCC_GetHCLKFreq), (12 bytes).
    Removing stm32f4xx_hal_rcc.o(i.HAL_RCC_GetOscConfig), (180 bytes).
    Removing stm32f4xx_hal_rcc.o(i.HAL_RCC_MCOConfig), (348 bytes).
    Removing stm32f4xx_hal_rcc.o(i.HAL_RCC_NMI_IRQHandler), (28 bytes).
    Removing stm32f4xx_hal_rcc_ex.o(.rev16_text), (4 bytes).
    Removing stm32f4xx_hal_rcc_ex.o(.revsh_text), (4 bytes).
    Removing stm32f4xx_hal_rcc_ex.o(.rrx_text), (6 bytes).
    Removing stm32f4xx_hal_rcc_ex.o(i.HAL_RCCEx_DisablePLLI2S), (52 bytes).
    Removing stm32f4xx_hal_rcc_ex.o(i.HAL_RCCEx_EnablePLLI2S), (200 bytes).
    Removing stm32f4xx_hal_rcc_ex.o(i.HAL_RCCEx_GetPeriphCLKConfig), (52 bytes).
    Removing stm32f4xx_hal_rcc_ex.o(i.HAL_RCCEx_GetPeriphCLKFreq), (96 bytes).
    Removing stm32f4xx_hal_rcc_ex.o(i.HAL_RCCEx_PeriphCLKConfig), (764 bytes).
    Removing stm32f4xx_hal_rcc_ex.o(i.HAL_RCC_DeInit), (308 bytes).
    Removing stm32f4xx_hal_flash.o(.rev16_text), (4 bytes).
    Removing stm32f4xx_hal_flash.o(.revsh_text), (4 bytes).
    Removing stm32f4xx_hal_flash.o(.rrx_text), (6 bytes).
    Removing stm32f4xx_hal_flash.o(i.FLASH_Program_Byte), (132 bytes).
    Removing stm32f4xx_hal_flash.o(i.FLASH_Program_DoubleWord), (144 bytes).
    Removing stm32f4xx_hal_flash.o(i.FLASH_Program_HalfWord), (136 bytes).
    Removing stm32f4xx_hal_flash.o(i.FLASH_Program_Word), (136 bytes).
    Removing stm32f4xx_hal_flash.o(i.FLASH_SetErrorCode), (104 bytes).
    Removing stm32f4xx_hal_flash.o(i.FLASH_WaitForLastOperation), (80 bytes).
    Removing stm32f4xx_hal_flash.o(i.HAL_FLASH_EndOfOperationCallback), (2 bytes).
    Removing stm32f4xx_hal_flash.o(i.HAL_FLASH_GetError), (12 bytes).
    Removing stm32f4xx_hal_flash.o(i.HAL_FLASH_IRQHandler), (200 bytes).
    Removing stm32f4xx_hal_flash.o(i.HAL_FLASH_Lock), (20 bytes).
    Removing stm32f4xx_hal_flash.o(i.HAL_FLASH_OB_Launch), (24 bytes).
    Removing stm32f4xx_hal_flash.o(i.HAL_FLASH_OB_Lock), (20 bytes).
    Removing stm32f4xx_hal_flash.o(i.HAL_FLASH_OB_Unlock), (40 bytes).
    Removing stm32f4xx_hal_flash.o(i.HAL_FLASH_OperationErrorCallback), (2 bytes).
    Removing stm32f4xx_hal_flash.o(i.HAL_FLASH_Program), (208 bytes).
    Removing stm32f4xx_hal_flash.o(i.HAL_FLASH_Program_IT), (188 bytes).
    Removing stm32f4xx_hal_flash.o(i.HAL_FLASH_Unlock), (44 bytes).
    Removing stm32f4xx_hal_flash.o(.bss), (32 bytes).
    Removing stm32f4xx_hal_flash_ex.o(.rev16_text), (4 bytes).
    Removing stm32f4xx_hal_flash_ex.o(.revsh_text), (4 bytes).
    Removing stm32f4xx_hal_flash_ex.o(.rrx_text), (6 bytes).
    Removing stm32f4xx_hal_flash_ex.o(i.FLASH_Erase_Sector), (220 bytes).
    Removing stm32f4xx_hal_flash_ex.o(i.FLASH_FlushCaches), (84 bytes).
    Removing stm32f4xx_hal_flash_ex.o(i.FLASH_MassErase), (148 bytes).
    Removing stm32f4xx_hal_flash_ex.o(i.FLASH_OB_DisableWRP), (68 bytes).
    Removing stm32f4xx_hal_flash_ex.o(i.FLASH_OB_EnableWRP), (68 bytes).
    Removing stm32f4xx_hal_flash_ex.o(i.FLASH_OB_UserConfig), (96 bytes).
    Removing stm32f4xx_hal_flash_ex.o(i.HAL_FLASHEx_Erase), (264 bytes).
    Removing stm32f4xx_hal_flash_ex.o(i.HAL_FLASHEx_Erase_IT), (196 bytes).
    Removing stm32f4xx_hal_flash_ex.o(i.HAL_FLASHEx_OBGetConfig), (64 bytes).
    Removing stm32f4xx_hal_flash_ex.o(i.HAL_FLASHEx_OBProgram), (364 bytes).
    Removing stm32f4xx_hal_flash_ramfunc.o(.rev16_text), (4 bytes).
    Removing stm32f4xx_hal_flash_ramfunc.o(.revsh_text), (4 bytes).
    Removing stm32f4xx_hal_flash_ramfunc.o(.rrx_text), (6 bytes).
    Removing stm32f4xx_hal_gpio.o(.rev16_text), (4 bytes).
    Removing stm32f4xx_hal_gpio.o(.revsh_text), (4 bytes).
    Removing stm32f4xx_hal_gpio.o(.rrx_text), (6 bytes).
    Removing stm32f4xx_hal_gpio.o(i.HAL_GPIO_DeInit), (488 bytes).
    Removing stm32f4xx_hal_gpio.o(i.HAL_GPIO_EXTI_Callback), (2 bytes).
    Removing stm32f4xx_hal_gpio.o(i.HAL_GPIO_EXTI_IRQHandler), (24 bytes).
    Removing stm32f4xx_hal_gpio.o(i.HAL_GPIO_LockPin), (116 bytes).
    Removing stm32f4xx_hal_gpio.o(i.HAL_GPIO_ReadPin), (88 bytes).
    Removing stm32f4xx_hal_gpio.o(i.HAL_GPIO_TogglePin), (96 bytes).
    Removing stm32f4xx_hal_dma_ex.o(.rev16_text), (4 bytes).
    Removing stm32f4xx_hal_dma_ex.o(.revsh_text), (4 bytes).
    Removing stm32f4xx_hal_dma_ex.o(.rrx_text), (6 bytes).
    Removing stm32f4xx_hal_dma_ex.o(i.DMA_MultiBufferSetConfig), (30 bytes).
    Removing stm32f4xx_hal_dma_ex.o(i.HAL_DMAEx_ChangeMemory), (14 bytes).
    Removing stm32f4xx_hal_dma_ex.o(i.HAL_DMAEx_MultiBufferStart), (188 bytes).
    Removing stm32f4xx_hal_dma_ex.o(i.HAL_DMAEx_MultiBufferStart_IT), (2516 bytes).
    Removing stm32f4xx_hal_dma.o(.rev16_text), (4 bytes).
    Removing stm32f4xx_hal_dma.o(.revsh_text), (4 bytes).
    Removing stm32f4xx_hal_dma.o(.rrx_text), (6 bytes).
    Removing stm32f4xx_hal_dma.o(i.HAL_DMA_DeInit), (300 bytes).
    Removing stm32f4xx_hal_dma.o(i.HAL_DMA_GetError), (4 bytes).
    Removing stm32f4xx_hal_dma.o(i.HAL_DMA_GetState), (6 bytes).
    Removing stm32f4xx_hal_dma.o(i.HAL_DMA_PollForTransfer), (288 bytes).
    Removing stm32f4xx_hal_dma.o(i.HAL_DMA_RegisterCallback), (82 bytes).
    Removing stm32f4xx_hal_dma.o(i.HAL_DMA_Start), (164 bytes).
    Removing stm32f4xx_hal_dma.o(i.HAL_DMA_UnRegisterCallback), (96 bytes).
    Removing stm32f4xx_hal_pwr.o(.rev16_text), (4 bytes).
    Removing stm32f4xx_hal_pwr.o(.revsh_text), (4 bytes).
    Removing stm32f4xx_hal_pwr.o(.rrx_text), (6 bytes).
    Removing stm32f4xx_hal_pwr.o(i.HAL_PWR_ConfigPVD), (280 bytes).
    Removing stm32f4xx_hal_pwr.o(i.HAL_PWR_DeInit), (24 bytes).
    Removing stm32f4xx_hal_pwr.o(i.HAL_PWR_DisableBkUpAccess), (24 bytes).
    Removing stm32f4xx_hal_pwr.o(i.HAL_PWR_DisablePVD), (12 bytes).
    Removing stm32f4xx_hal_pwr.o(i.HAL_PWR_DisableSEVOnPend), (16 bytes).
    Removing stm32f4xx_hal_pwr.o(i.HAL_PWR_DisableSleepOnExit), (16 bytes).
    Removing stm32f4xx_hal_pwr.o(i.HAL_PWR_DisableWakeUpPin), (92 bytes).
    Removing stm32f4xx_hal_pwr.o(i.HAL_PWR_EnableBkUpAccess), (24 bytes).
    Removing stm32f4xx_hal_pwr.o(i.HAL_PWR_EnablePVD), (12 bytes).
    Removing stm32f4xx_hal_pwr.o(i.HAL_PWR_EnableSEVOnPend), (16 bytes).
    Removing stm32f4xx_hal_pwr.o(i.HAL_PWR_EnableSleepOnExit), (16 bytes).
    Removing stm32f4xx_hal_pwr.o(i.HAL_PWR_EnableWakeUpPin), (92 bytes).
    Removing stm32f4xx_hal_pwr.o(i.HAL_PWR_EnterSLEEPMode), (132 bytes).
    Removing stm32f4xx_hal_pwr.o(i.HAL_PWR_EnterSTANDBYMode), (32 bytes).
    Removing stm32f4xx_hal_pwr.o(i.HAL_PWR_EnterSTOPMode), (160 bytes).
    Removing stm32f4xx_hal_pwr.o(i.HAL_PWR_PVDCallback), (2 bytes).
    Removing stm32f4xx_hal_pwr.o(i.HAL_PWR_PVD_IRQHandler), (28 bytes).
    Removing stm32f4xx_hal_pwr_ex.o(.rev16_text), (4 bytes).
    Removing stm32f4xx_hal_pwr_ex.o(.revsh_text), (4 bytes).
    Removing stm32f4xx_hal_pwr_ex.o(.rrx_text), (6 bytes).
    Removing stm32f4xx_hal_pwr_ex.o(i.HAL_PWREx_ControlVoltageScaling), (168 bytes).
    Removing stm32f4xx_hal_pwr_ex.o(i.HAL_PWREx_DisableBkUpReg), (60 bytes).
    Removing stm32f4xx_hal_pwr_ex.o(i.HAL_PWREx_DisableFlashPowerDown), (12 bytes).
    Removing stm32f4xx_hal_pwr_ex.o(i.HAL_PWREx_EnableBkUpReg), (60 bytes).
    Removing stm32f4xx_hal_pwr_ex.o(i.HAL_PWREx_EnableFlashPowerDown), (12 bytes).
    Removing stm32f4xx_hal_pwr_ex.o(i.HAL_PWREx_GetVoltageRange), (16 bytes).
    Removing stm32f4xx_hal_cortex.o(.rev16_text), (4 bytes).
    Removing stm32f4xx_hal_cortex.o(.revsh_text), (4 bytes).
    Removing stm32f4xx_hal_cortex.o(.rrx_text), (6 bytes).
    Removing stm32f4xx_hal_cortex.o(i.HAL_CORTEX_ClearEvent), (6 bytes).
    Removing stm32f4xx_hal_cortex.o(i.HAL_MPU_ConfigRegion), (476 bytes).
    Removing stm32f4xx_hal_cortex.o(i.HAL_MPU_Disable), (28 bytes).
    Removing stm32f4xx_hal_cortex.o(i.HAL_MPU_DisableRegion), (128 bytes).
    Removing stm32f4xx_hal_cortex.o(i.HAL_MPU_Enable), (36 bytes).
    Removing stm32f4xx_hal_cortex.o(i.HAL_MPU_EnableRegion), (128 bytes).
    Removing stm32f4xx_hal_cortex.o(i.HAL_NVIC_ClearPendingIRQ), (104 bytes).
    Removing stm32f4xx_hal_cortex.o(i.HAL_NVIC_DisableIRQ), (108 bytes).
    Removing stm32f4xx_hal_cortex.o(i.HAL_NVIC_GetActive), (112 bytes).
    Removing stm32f4xx_hal_cortex.o(i.HAL_NVIC_GetPendingIRQ), (112 bytes).
    Removing stm32f4xx_hal_cortex.o(i.HAL_NVIC_GetPriority), (184 bytes).
    Removing stm32f4xx_hal_cortex.o(i.HAL_NVIC_GetPriorityGrouping), (16 bytes).
    Removing stm32f4xx_hal_cortex.o(i.HAL_NVIC_SetPendingIRQ), (104 bytes).
    Removing stm32f4xx_hal_cortex.o(i.HAL_NVIC_SystemReset), (36 bytes).
    Removing stm32f4xx_hal_cortex.o(i.HAL_SYSTICK_CLKSourceConfig), (100 bytes).
    Removing stm32f4xx_hal_cortex.o(i.HAL_SYSTICK_Callback), (2 bytes).
    Removing stm32f4xx_hal_cortex.o(i.HAL_SYSTICK_IRQHandler), (8 bytes).
    Removing stm32f4xx_hal.o(.rev16_text), (4 bytes).
    Removing stm32f4xx_hal.o(.revsh_text), (4 bytes).
    Removing stm32f4xx_hal.o(.rrx_text), (6 bytes).
    Removing stm32f4xx_hal.o(i.HAL_DBGMCU_DisableDBGSleepMode), (16 bytes).
    Removing stm32f4xx_hal.o(i.HAL_DBGMCU_DisableDBGStandbyMode), (16 bytes).
    Removing stm32f4xx_hal.o(i.HAL_DBGMCU_DisableDBGStopMode), (16 bytes).
    Removing stm32f4xx_hal.o(i.HAL_DBGMCU_EnableDBGSleepMode), (16 bytes).
    Removing stm32f4xx_hal.o(i.HAL_DBGMCU_EnableDBGStandbyMode), (16 bytes).
    Removing stm32f4xx_hal.o(i.HAL_DBGMCU_EnableDBGStopMode), (16 bytes).
    Removing stm32f4xx_hal.o(i.HAL_DeInit), (72 bytes).
    Removing stm32f4xx_hal.o(i.HAL_DisableCompensationCell), (12 bytes).
    Removing stm32f4xx_hal.o(i.HAL_EnableCompensationCell), (12 bytes).
    Removing stm32f4xx_hal.o(i.HAL_GetDEVID), (16 bytes).
    Removing stm32f4xx_hal.o(i.HAL_GetHalVersion), (8 bytes).
    Removing stm32f4xx_hal.o(i.HAL_GetREVID), (12 bytes).
    Removing stm32f4xx_hal.o(i.HAL_GetTickFreq), (12 bytes).
    Removing stm32f4xx_hal.o(i.HAL_GetTickPrio), (12 bytes).
    Removing stm32f4xx_hal.o(i.HAL_GetUIDw0), (12 bytes).
    Removing stm32f4xx_hal.o(i.HAL_GetUIDw1), (12 bytes).
    Removing stm32f4xx_hal.o(i.HAL_GetUIDw2), (12 bytes).
    Removing stm32f4xx_hal.o(i.HAL_MspDeInit), (2 bytes).
    Removing stm32f4xx_hal.o(i.HAL_MspInit), (2 bytes).
    Removing stm32f4xx_hal.o(i.HAL_ResumeTick), (14 bytes).
    Removing stm32f4xx_hal.o(i.HAL_SetTickFreq), (116 bytes).
    Removing stm32f4xx_hal.o(i.HAL_SuspendTick), (14 bytes).
    Removing stm32f4xx_hal_exti.o(.rev16_text), (4 bytes).
    Removing stm32f4xx_hal_exti.o(.revsh_text), (4 bytes).
    Removing stm32f4xx_hal_exti.o(.rrx_text), (6 bytes).
    Removing stm32f4xx_hal_exti.o(i.HAL_EXTI_ClearConfigLine), (228 bytes).
    Removing stm32f4xx_hal_exti.o(i.HAL_EXTI_ClearPending), (160 bytes).
    Removing stm32f4xx_hal_exti.o(i.HAL_EXTI_GenerateSWI), (144 bytes).
    Removing stm32f4xx_hal_exti.o(i.HAL_EXTI_GetConfigLine), (264 bytes).
    Removing stm32f4xx_hal_exti.o(i.HAL_EXTI_GetHandle), (120 bytes).
    Removing stm32f4xx_hal_exti.o(i.HAL_EXTI_GetPending), (164 bytes).
    Removing stm32f4xx_hal_exti.o(i.HAL_EXTI_IRQHandler), (36 bytes).
    Removing stm32f4xx_hal_exti.o(i.HAL_EXTI_RegisterCallback), (14 bytes).
    Removing stm32f4xx_hal_exti.o(i.HAL_EXTI_SetConfigLine), (360 bytes).
    Removing stm32f4xx_hal_dac.o(.rev16_text), (4 bytes).
    Removing stm32f4xx_hal_dac.o(.revsh_text), (4 bytes).
    Removing stm32f4xx_hal_dac.o(.rrx_text), (6 bytes).
    Removing stm32f4xx_hal_dac.o(i.DAC_DMAConvCpltCh1), (16 bytes).
    Removing stm32f4xx_hal_dac.o(i.DAC_DMAErrorCh1), (24 bytes).
    Removing stm32f4xx_hal_dac.o(i.DAC_DMAHalfConvCpltCh1), (10 bytes).
    Removing stm32f4xx_hal_dac.o(i.HAL_DAC_ConvCpltCallbackCh1), (2 bytes).
    Removing stm32f4xx_hal_dac.o(i.HAL_DAC_ConvHalfCpltCallbackCh1), (2 bytes).
    Removing stm32f4xx_hal_dac.o(i.HAL_DAC_DMAUnderrunCallbackCh1), (2 bytes).
    Removing stm32f4xx_hal_dac.o(i.HAL_DAC_DeInit), (108 bytes).
    Removing stm32f4xx_hal_dac.o(i.HAL_DAC_ErrorCallbackCh1), (2 bytes).
    Removing stm32f4xx_hal_dac.o(i.HAL_DAC_GetError), (4 bytes).
    Removing stm32f4xx_hal_dac.o(i.HAL_DAC_GetState), (4 bytes).
    Removing stm32f4xx_hal_dac.o(i.HAL_DAC_GetValue), (104 bytes).
    Removing stm32f4xx_hal_dac.o(i.HAL_DAC_IRQHandler), (104 bytes).
    Removing stm32f4xx_hal_dac.o(i.HAL_DAC_MspDeInit), (2 bytes).
    Removing stm32f4xx_hal_dac.o(i.HAL_DAC_MspInit), (2 bytes).
    Removing stm32f4xx_hal_dac.o(i.HAL_DAC_Start_DMA), (320 bytes).
    Removing stm32f4xx_hal_dac.o(i.HAL_DAC_Stop), (108 bytes).
    Removing stm32f4xx_hal_dac.o(i.HAL_DAC_Stop_DMA), (156 bytes).
    Removing stm32f4xx_hal_dac_ex.o(.rev16_text), (4 bytes).
    Removing stm32f4xx_hal_dac_ex.o(.revsh_text), (4 bytes).
    Removing stm32f4xx_hal_dac_ex.o(.rrx_text), (6 bytes).
    Removing stm32f4xx_hal_dac_ex.o(i.DAC_DMAConvCpltCh2), (16 bytes).
    Removing stm32f4xx_hal_dac_ex.o(i.DAC_DMAErrorCh2), (24 bytes).
    Removing stm32f4xx_hal_dac_ex.o(i.DAC_DMAHalfConvCpltCh2), (10 bytes).
    Removing stm32f4xx_hal_dac_ex.o(i.HAL_DACEx_ConvCpltCallbackCh2), (2 bytes).
    Removing stm32f4xx_hal_dac_ex.o(i.HAL_DACEx_ConvHalfCpltCallbackCh2), (2 bytes).
    Removing stm32f4xx_hal_dac_ex.o(i.HAL_DACEx_DMAUnderrunCallbackCh2), (2 bytes).
    Removing stm32f4xx_hal_dac_ex.o(i.HAL_DACEx_DualGetValue), (12 bytes).
    Removing stm32f4xx_hal_dac_ex.o(i.HAL_DACEx_DualSetValue), (156 bytes).
    Removing stm32f4xx_hal_dac_ex.o(i.HAL_DACEx_DualStart), (94 bytes).
    Removing stm32f4xx_hal_dac_ex.o(i.HAL_DACEx_DualStop), (34 bytes).
    Removing stm32f4xx_hal_dac_ex.o(i.HAL_DACEx_ErrorCallbackCh2), (2 bytes).
    Removing stm32f4xx_hal_dac_ex.o(i.HAL_DACEx_NoiseWaveGenerate), (216 bytes).
    Removing stm32f4xx_hal_dac_ex.o(i.HAL_DACEx_TriangleWaveGenerate), (216 bytes).
    Removing stm32f4xx_ll_fsmc.o(.rev16_text), (4 bytes).
    Removing stm32f4xx_ll_fsmc.o(.revsh_text), (4 bytes).
    Removing stm32f4xx_ll_fsmc.o(.rrx_text), (6 bytes).
    Removing stm32f4xx_ll_fsmc.o(i.FSMC_NAND_AttributeSpace_Timing_Init), (220 bytes).
    Removing stm32f4xx_ll_fsmc.o(i.FSMC_NAND_CommonSpace_Timing_Init), (220 bytes).
    Removing stm32f4xx_ll_fsmc.o(i.FSMC_NAND_DeInit), (160 bytes).
    Removing stm32f4xx_ll_fsmc.o(i.FSMC_NAND_ECC_Disable), (124 bytes).
    Removing stm32f4xx_ll_fsmc.o(i.FSMC_NAND_ECC_Enable), (124 bytes).
    Removing stm32f4xx_ll_fsmc.o(i.FSMC_NAND_GetECC), (176 bytes).
    Removing stm32f4xx_ll_fsmc.o(i.FSMC_NAND_Init), (308 bytes).
    Removing stm32f4xx_ll_fsmc.o(i.FSMC_NORSRAM_DeInit), (176 bytes).
    Removing stm32f4xx_ll_fsmc.o(i.FSMC_NORSRAM_WriteOperation_Disable), (120 bytes).
    Removing stm32f4xx_ll_fsmc.o(i.FSMC_NORSRAM_WriteOperation_Enable), (120 bytes).
    Removing stm32f4xx_ll_fsmc.o(i.FSMC_PCCARD_AttributeSpace_Timing_Init), (172 bytes).
    Removing stm32f4xx_ll_fsmc.o(i.FSMC_PCCARD_CommonSpace_Timing_Init), (172 bytes).
    Removing stm32f4xx_ll_fsmc.o(i.FSMC_PCCARD_DeInit), (112 bytes).
    Removing stm32f4xx_ll_fsmc.o(i.FSMC_PCCARD_IOSpace_Timing_Init), (172 bytes).
    Removing stm32f4xx_ll_fsmc.o(i.FSMC_PCCARD_Init), (168 bytes).
    Removing stm32f4xx_hal_sram.o(.rev16_text), (4 bytes).
    Removing stm32f4xx_hal_sram.o(.revsh_text), (4 bytes).
    Removing stm32f4xx_hal_sram.o(.rrx_text), (6 bytes).
    Removing stm32f4xx_hal_sram.o(i.HAL_SRAM_DMA_XferCpltCallback), (2 bytes).
    Removing stm32f4xx_hal_sram.o(i.HAL_SRAM_DMA_XferErrorCallback), (2 bytes).
    Removing stm32f4xx_hal_sram.o(i.HAL_SRAM_DeInit), (28 bytes).
    Removing stm32f4xx_hal_sram.o(i.HAL_SRAM_GetState), (6 bytes).
    Removing stm32f4xx_hal_sram.o(i.HAL_SRAM_MspDeInit), (2 bytes).
    Removing stm32f4xx_hal_sram.o(i.HAL_SRAM_MspInit), (2 bytes).
    Removing stm32f4xx_hal_sram.o(i.HAL_SRAM_Read_16b), (88 bytes).
    Removing stm32f4xx_hal_sram.o(i.HAL_SRAM_Read_32b), (66 bytes).
    Removing stm32f4xx_hal_sram.o(i.HAL_SRAM_Read_8b), (70 bytes).
    Removing stm32f4xx_hal_sram.o(i.HAL_SRAM_Read_DMA), (92 bytes).
    Removing stm32f4xx_hal_sram.o(i.HAL_SRAM_WriteOperation_Disable), (60 bytes).
    Removing stm32f4xx_hal_sram.o(i.HAL_SRAM_WriteOperation_Enable), (58 bytes).
    Removing stm32f4xx_hal_sram.o(i.HAL_SRAM_Write_16b), (94 bytes).
    Removing stm32f4xx_hal_sram.o(i.HAL_SRAM_Write_32b), (62 bytes).
    Removing stm32f4xx_hal_sram.o(i.HAL_SRAM_Write_8b), (66 bytes).
    Removing stm32f4xx_hal_sram.o(i.HAL_SRAM_Write_DMA), (76 bytes).
    Removing stm32f4xx_hal_sram.o(i.SRAM_DMACplt), (26 bytes).
    Removing stm32f4xx_hal_sram.o(i.SRAM_DMACpltProt), (26 bytes).
    Removing stm32f4xx_hal_sram.o(i.SRAM_DMAError), (26 bytes).
    Removing stm32f4xx_hal_tim.o(.rev16_text), (4 bytes).
    Removing stm32f4xx_hal_tim.o(.revsh_text), (4 bytes).
    Removing stm32f4xx_hal_tim.o(.rrx_text), (6 bytes).
    Removing stm32f4xx_hal_tim.o(i.HAL_TIM_Base_DeInit), (296 bytes).
    Removing stm32f4xx_hal_tim.o(i.HAL_TIM_Base_GetState), (6 bytes).
    Removing stm32f4xx_hal_tim.o(i.HAL_TIM_Base_MspDeInit), (2 bytes).
    Removing stm32f4xx_hal_tim.o(i.HAL_TIM_Base_MspInit), (2 bytes).
    Removing stm32f4xx_hal_tim.o(i.HAL_TIM_Base_Start_DMA), (320 bytes).
    Removing stm32f4xx_hal_tim.o(i.HAL_TIM_Base_Start_IT), (304 bytes).
    Removing stm32f4xx_hal_tim.o(i.HAL_TIM_Base_Stop_DMA), (204 bytes).
    Removing stm32f4xx_hal_tim.o(i.HAL_TIM_Base_Stop_IT), (256 bytes).
    Removing stm32f4xx_hal_tim.o(i.HAL_TIM_ConfigOCrefClear), (428 bytes).
    Removing stm32f4xx_hal_tim.o(i.HAL_TIM_ConfigTI1Input), (164 bytes).
    Removing stm32f4xx_hal_tim.o(i.HAL_TIM_DMABurstState), (136 bytes).
    Removing stm32f4xx_hal_tim.o(i.HAL_TIM_DMABurst_MultiReadStart), (672 bytes).
    Removing stm32f4xx_hal_tim.o(i.HAL_TIM_DMABurst_MultiWriteStart), (672 bytes).
    Removing stm32f4xx_hal_tim.o(i.HAL_TIM_DMABurst_ReadStart), (18 bytes).
    Removing stm32f4xx_hal_tim.o(i.HAL_TIM_DMABurst_ReadStop), (180 bytes).
    Removing stm32f4xx_hal_tim.o(i.HAL_TIM_DMABurst_WriteStart), (18 bytes).
    Removing stm32f4xx_hal_tim.o(i.HAL_TIM_DMABurst_WriteStop), (180 bytes).
    Removing stm32f4xx_hal_tim.o(i.HAL_TIM_Encoder_DeInit), (280 bytes).
    Removing stm32f4xx_hal_tim.o(i.HAL_TIM_Encoder_GetState), (6 bytes).
    Removing stm32f4xx_hal_tim.o(i.HAL_TIM_Encoder_Init), (616 bytes).
    Removing stm32f4xx_hal_tim.o(i.HAL_TIM_Encoder_MspDeInit), (2 bytes).
    Removing stm32f4xx_hal_tim.o(i.HAL_TIM_Encoder_MspInit), (2 bytes).
    Removing stm32f4xx_hal_tim.o(i.HAL_TIM_Encoder_Start), (304 bytes).
    Removing stm32f4xx_hal_tim.o(i.HAL_TIM_Encoder_Start_DMA), (584 bytes).
    Removing stm32f4xx_hal_tim.o(i.HAL_TIM_Encoder_Start_IT), (344 bytes).
    Removing stm32f4xx_hal_tim.o(i.HAL_TIM_Encoder_Stop), (248 bytes).
    Removing stm32f4xx_hal_tim.o(i.HAL_TIM_Encoder_Stop_DMA), (320 bytes).
    Removing stm32f4xx_hal_tim.o(i.HAL_TIM_Encoder_Stop_IT), (292 bytes).
    Removing stm32f4xx_hal_tim.o(i.HAL_TIM_ErrorCallback), (2 bytes).
    Removing stm32f4xx_hal_tim.o(i.HAL_TIM_GenerateEvent), (264 bytes).
    Removing stm32f4xx_hal_tim.o(i.HAL_TIM_GetActiveChannel), (4 bytes).
    Removing stm32f4xx_hal_tim.o(i.HAL_TIM_GetChannelState), (340 bytes).
    Removing stm32f4xx_hal_tim.o(i.HAL_TIM_IC_CaptureCallback), (2 bytes).
    Removing stm32f4xx_hal_tim.o(i.HAL_TIM_IC_CaptureHalfCpltCallback), (2 bytes).
    Removing stm32f4xx_hal_tim.o(i.HAL_TIM_IC_DeInit), (296 bytes).
    Removing stm32f4xx_hal_tim.o(i.HAL_TIM_IC_GetState), (6 bytes).
    Removing stm32f4xx_hal_tim.o(i.HAL_TIM_IC_MspDeInit), (2 bytes).
    Removing stm32f4xx_hal_tim.o(i.HAL_TIM_IC_MspInit), (2 bytes).
    Removing stm32f4xx_hal_tim.o(i.HAL_TIM_IC_Start), (504 bytes).
    Removing stm32f4xx_hal_tim.o(i.HAL_TIM_IC_Start_DMA), (780 bytes).
    Removing stm32f4xx_hal_tim.o(i.HAL_TIM_IC_Stop), (384 bytes).
    Removing stm32f4xx_hal_tim.o(i.HAL_TIM_IC_Stop_DMA), (512 bytes).
    Removing stm32f4xx_hal_tim.o(i.HAL_TIM_OC_ConfigChannel), (488 bytes).
    Removing stm32f4xx_hal_tim.o(i.HAL_TIM_OC_DeInit), (296 bytes).
    Removing stm32f4xx_hal_tim.o(i.HAL_TIM_OC_GetState), (6 bytes).
    Removing stm32f4xx_hal_tim.o(i.HAL_TIM_OC_Init), (404 bytes).
    Removing stm32f4xx_hal_tim.o(i.HAL_TIM_OC_MspDeInit), (2 bytes).
    Removing stm32f4xx_hal_tim.o(i.HAL_TIM_OC_MspInit), (2 bytes).
    Removing stm32f4xx_hal_tim.o(i.HAL_TIM_OC_Start), (476 bytes).
    Removing stm32f4xx_hal_tim.o(i.HAL_TIM_OC_Start_DMA), (712 bytes).
    Removing stm32f4xx_hal_tim.o(i.HAL_TIM_OC_Start_IT), (528 bytes).
    Removing stm32f4xx_hal_tim.o(i.HAL_TIM_OC_Stop), (420 bytes).
    Removing stm32f4xx_hal_tim.o(i.HAL_TIM_OC_Stop_DMA), (508 bytes).
    Removing stm32f4xx_hal_tim.o(i.HAL_TIM_OC_Stop_IT), (488 bytes).
    Removing stm32f4xx_hal_tim.o(i.HAL_TIM_OnePulse_ConfigChannel), (648 bytes).
    Removing stm32f4xx_hal_tim.o(i.HAL_TIM_OnePulse_DeInit), (280 bytes).
    Removing stm32f4xx_hal_tim.o(i.HAL_TIM_OnePulse_GetState), (6 bytes).
    Removing stm32f4xx_hal_tim.o(i.HAL_TIM_OnePulse_Init), (420 bytes).
    Removing stm32f4xx_hal_tim.o(i.HAL_TIM_OnePulse_MspDeInit), (2 bytes).
    Removing stm32f4xx_hal_tim.o(i.HAL_TIM_OnePulse_MspInit), (2 bytes).
    Removing stm32f4xx_hal_tim.o(i.HAL_TIM_OnePulse_Start), (112 bytes).
    Removing stm32f4xx_hal_tim.o(i.HAL_TIM_OnePulse_Start_IT), (132 bytes).
    Removing stm32f4xx_hal_tim.o(i.HAL_TIM_OnePulse_Stop), (112 bytes).
    Removing stm32f4xx_hal_tim.o(i.HAL_TIM_OnePulse_Stop_IT), (132 bytes).
    Removing stm32f4xx_hal_tim.o(i.HAL_TIM_PWM_ConfigChannel), (616 bytes).
    Removing stm32f4xx_hal_tim.o(i.HAL_TIM_PWM_DeInit), (296 bytes).
    Removing stm32f4xx_hal_tim.o(i.HAL_TIM_PWM_GetState), (6 bytes).
    Removing stm32f4xx_hal_tim.o(i.HAL_TIM_PWM_Init), (404 bytes).
    Removing stm32f4xx_hal_tim.o(i.HAL_TIM_PWM_MspDeInit), (2 bytes).
    Removing stm32f4xx_hal_tim.o(i.HAL_TIM_PWM_MspInit), (2 bytes).
    Removing stm32f4xx_hal_tim.o(i.HAL_TIM_PWM_PulseFinishedHalfCpltCallback), (2 bytes).
    Removing stm32f4xx_hal_tim.o(i.HAL_TIM_PWM_Start), (476 bytes).
    Removing stm32f4xx_hal_tim.o(i.HAL_TIM_PWM_Start_DMA), (712 bytes).
    Removing stm32f4xx_hal_tim.o(i.HAL_TIM_PWM_Start_IT), (528 bytes).
    Removing stm32f4xx_hal_tim.o(i.HAL_TIM_PWM_Stop), (420 bytes).
    Removing stm32f4xx_hal_tim.o(i.HAL_TIM_PWM_Stop_DMA), (508 bytes).
    Removing stm32f4xx_hal_tim.o(i.HAL_TIM_PWM_Stop_IT), (488 bytes).
    Removing stm32f4xx_hal_tim.o(i.HAL_TIM_PeriodElapsedHalfCpltCallback), (2 bytes).
    Removing stm32f4xx_hal_tim.o(i.HAL_TIM_SlaveConfigSynchro_IT), (308 bytes).
    Removing stm32f4xx_hal_tim.o(i.HAL_TIM_TriggerHalfCpltCallback), (2 bytes).
    Removing stm32f4xx_hal_tim.o(i.TIM_DMACaptureCplt), (110 bytes).
    Removing stm32f4xx_hal_tim.o(i.TIM_DMACaptureHalfCplt), (56 bytes).
    Removing stm32f4xx_hal_tim.o(i.TIM_DMADelayPulseCplt), (94 bytes).
    Removing stm32f4xx_hal_tim.o(i.TIM_DMADelayPulseHalfCplt), (56 bytes).
    Removing stm32f4xx_hal_tim.o(i.TIM_DMAError), (84 bytes).
    Removing stm32f4xx_hal_tim.o(i.TIM_DMAPeriodElapsedCplt), (22 bytes).
    Removing stm32f4xx_hal_tim.o(i.TIM_DMAPeriodElapsedHalfCplt), (10 bytes).
    Removing stm32f4xx_hal_tim.o(i.TIM_DMATriggerCplt), (22 bytes).
    Removing stm32f4xx_hal_tim.o(i.TIM_DMATriggerHalfCplt), (10 bytes).
    Removing stm32f4xx_hal_tim.o(i.TIM_OC1_SetConfig), (228 bytes).
    Removing stm32f4xx_hal_tim.o(i.TIM_OC2_SetConfig), (236 bytes).
    Removing stm32f4xx_hal_tim.o(i.TIM_OC3_SetConfig), (236 bytes).
    Removing stm32f4xx_hal_tim.o(i.TIM_OC4_SetConfig), (164 bytes).
    Removing stm32f4xx_hal_tim_ex.o(.rev16_text), (4 bytes).
    Removing stm32f4xx_hal_tim_ex.o(.revsh_text), (4 bytes).
    Removing stm32f4xx_hal_tim_ex.o(.rrx_text), (6 bytes).
    Removing stm32f4xx_hal_tim_ex.o(i.HAL_TIMEx_CommutHalfCpltCallback), (2 bytes).
    Removing stm32f4xx_hal_tim_ex.o(i.HAL_TIMEx_ConfigBreakDeadTime), (328 bytes).
    Removing stm32f4xx_hal_tim_ex.o(i.HAL_TIMEx_ConfigCommutEvent), (240 bytes).
    Removing stm32f4xx_hal_tim_ex.o(i.HAL_TIMEx_ConfigCommutEvent_DMA), (272 bytes).
    Removing stm32f4xx_hal_tim_ex.o(i.HAL_TIMEx_ConfigCommutEvent_IT), (240 bytes).
    Removing stm32f4xx_hal_tim_ex.o(i.HAL_TIMEx_GetChannelNState), (152 bytes).
    Removing stm32f4xx_hal_tim_ex.o(i.HAL_TIMEx_HallSensor_DeInit), (284 bytes).
    Removing stm32f4xx_hal_tim_ex.o(i.HAL_TIMEx_HallSensor_GetState), (6 bytes).
    Removing stm32f4xx_hal_tim_ex.o(i.HAL_TIMEx_HallSensor_Init), (496 bytes).
    Removing stm32f4xx_hal_tim_ex.o(i.HAL_TIMEx_HallSensor_MspDeInit), (2 bytes).
    Removing stm32f4xx_hal_tim_ex.o(i.HAL_TIMEx_HallSensor_MspInit), (2 bytes).
    Removing stm32f4xx_hal_tim_ex.o(i.HAL_TIMEx_HallSensor_Start), (284 bytes).
    Removing stm32f4xx_hal_tim_ex.o(i.HAL_TIMEx_HallSensor_Start_DMA), (332 bytes).
    Removing stm32f4xx_hal_tim_ex.o(i.HAL_TIMEx_HallSensor_Start_IT), (292 bytes).
    Removing stm32f4xx_hal_tim_ex.o(i.HAL_TIMEx_HallSensor_Stop), (188 bytes).
    Removing stm32f4xx_hal_tim_ex.o(i.HAL_TIMEx_HallSensor_Stop_DMA), (200 bytes).
    Removing stm32f4xx_hal_tim_ex.o(i.HAL_TIMEx_HallSensor_Stop_IT), (196 bytes).
    Removing stm32f4xx_hal_tim_ex.o(i.HAL_TIMEx_OCN_Start), (304 bytes).
    Removing stm32f4xx_hal_tim_ex.o(i.HAL_TIMEx_OCN_Start_DMA), (496 bytes).
    Removing stm32f4xx_hal_tim_ex.o(i.HAL_TIMEx_OCN_Start_IT), (344 bytes).
    Removing stm32f4xx_hal_tim_ex.o(i.HAL_TIMEx_OCN_Stop), (220 bytes).
    Removing stm32f4xx_hal_tim_ex.o(i.HAL_TIMEx_OCN_Stop_DMA), (280 bytes).
    Removing stm32f4xx_hal_tim_ex.o(i.HAL_TIMEx_OCN_Stop_IT), (280 bytes).
    Removing stm32f4xx_hal_tim_ex.o(i.HAL_TIMEx_OnePulseN_Start), (228 bytes).
    Removing stm32f4xx_hal_tim_ex.o(i.HAL_TIMEx_OnePulseN_Start_IT), (248 bytes).
    Removing stm32f4xx_hal_tim_ex.o(i.HAL_TIMEx_OnePulseN_Stop), (216 bytes).
    Removing stm32f4xx_hal_tim_ex.o(i.HAL_TIMEx_OnePulseN_Stop_IT), (236 bytes).
    Removing stm32f4xx_hal_tim_ex.o(i.HAL_TIMEx_PWMN_Start), (304 bytes).
    Removing stm32f4xx_hal_tim_ex.o(i.HAL_TIMEx_PWMN_Start_DMA), (496 bytes).
    Removing stm32f4xx_hal_tim_ex.o(i.HAL_TIMEx_PWMN_Start_IT), (344 bytes).
    Removing stm32f4xx_hal_tim_ex.o(i.HAL_TIMEx_PWMN_Stop), (220 bytes).
    Removing stm32f4xx_hal_tim_ex.o(i.HAL_TIMEx_PWMN_Stop_DMA), (280 bytes).
    Removing stm32f4xx_hal_tim_ex.o(i.HAL_TIMEx_PWMN_Stop_IT), (280 bytes).
    Removing stm32f4xx_hal_tim_ex.o(i.HAL_TIMEx_RemapConfig), (176 bytes).
    Removing stm32f4xx_hal_tim_ex.o(i.TIMEx_DMACommutationCplt), (16 bytes).
    Removing stm32f4xx_hal_tim_ex.o(i.TIMEx_DMACommutationHalfCplt), (16 bytes).
    Removing stm32f4xx_hal_tim_ex.o(i.TIM_CCxNChannelCmd), (26 bytes).
    Removing stm32f4xx_hal_tim_ex.o(i.TIM_DMADelayPulseNCplt), (74 bytes).
    Removing stm32f4xx_hal_tim_ex.o(i.TIM_DMAErrorCCxN), (62 bytes).
    Removing stm32f4xx_hal_uart.o(.rev16_text), (4 bytes).
    Removing stm32f4xx_hal_uart.o(.revsh_text), (4 bytes).
    Removing stm32f4xx_hal_uart.o(.rrx_text), (6 bytes).
    Removing stm32f4xx_hal_uart.o(i.HAL_HalfDuplex_EnableReceiver), (50 bytes).
    Removing stm32f4xx_hal_uart.o(i.HAL_HalfDuplex_EnableTransmitter), (50 bytes).
    Removing stm32f4xx_hal_uart.o(i.HAL_HalfDuplex_Init), (284 bytes).
    Removing stm32f4xx_hal_uart.o(i.HAL_LIN_Init), (308 bytes).
    Removing stm32f4xx_hal_uart.o(i.HAL_LIN_SendBreak), (196 bytes).
    Removing stm32f4xx_hal_uart.o(i.HAL_MultiProcessor_EnterMuteMode), (196 bytes).
    Removing stm32f4xx_hal_uart.o(i.HAL_MultiProcessor_ExitMuteMode), (196 bytes).
    Removing stm32f4xx_hal_uart.o(i.HAL_MultiProcessor_Init), (348 bytes).
    Removing stm32f4xx_hal_uart.o(i.HAL_UARTEx_GetRxEventType), (4 bytes).
    Removing stm32f4xx_hal_uart.o(i.HAL_UARTEx_ReceiveToIdle), (240 bytes).
    Removing stm32f4xx_hal_uart.o(i.HAL_UARTEx_ReceiveToIdle_IT), (78 bytes).
    Removing stm32f4xx_hal_uart.o(i.HAL_UARTEx_RxEventCallback), (2 bytes).
    Removing stm32f4xx_hal_uart.o(i.HAL_UART_Abort), (210 bytes).
    Removing stm32f4xx_hal_uart.o(i.HAL_UART_AbortCpltCallback), (2 bytes).
    Removing stm32f4xx_hal_uart.o(i.HAL_UART_AbortReceive), (148 bytes).
    Removing stm32f4xx_hal_uart.o(i.HAL_UART_AbortReceiveCpltCallback), (2 bytes).
    Removing stm32f4xx_hal_uart.o(i.HAL_UART_AbortReceive_IT), (152 bytes).
    Removing stm32f4xx_hal_uart.o(i.HAL_UART_AbortTransmit), (98 bytes).
    Removing stm32f4xx_hal_uart.o(i.HAL_UART_AbortTransmitCpltCallback), (2 bytes).
    Removing stm32f4xx_hal_uart.o(i.HAL_UART_AbortTransmit_IT), (104 bytes).
    Removing stm32f4xx_hal_uart.o(i.HAL_UART_Abort_IT), (244 bytes).
    Removing stm32f4xx_hal_uart.o(i.HAL_UART_DMAPause), (120 bytes).
    Removing stm32f4xx_hal_uart.o(i.HAL_UART_DMAResume), (114 bytes).
    Removing stm32f4xx_hal_uart.o(i.HAL_UART_DMAStop), (112 bytes).
    Removing stm32f4xx_hal_uart.o(i.HAL_UART_DeInit), (188 bytes).
    Removing stm32f4xx_hal_uart.o(i.HAL_UART_GetError), (4 bytes).
    Removing stm32f4xx_hal_uart.o(i.HAL_UART_GetState), (10 bytes).
    Removing stm32f4xx_hal_uart.o(i.HAL_UART_MspDeInit), (2 bytes).
    Removing stm32f4xx_hal_uart.o(i.HAL_UART_MspInit), (2 bytes).
    Removing stm32f4xx_hal_uart.o(i.HAL_UART_Receive), (176 bytes).
    Removing stm32f4xx_hal_uart.o(i.HAL_UART_Receive_DMA), (28 bytes).
    Removing stm32f4xx_hal_uart.o(i.HAL_UART_RxCpltCallback), (2 bytes).
    Removing stm32f4xx_hal_uart.o(i.HAL_UART_Transmit_DMA), (132 bytes).
    Removing stm32f4xx_hal_uart.o(i.HAL_UART_Transmit_IT), (50 bytes).
    Removing stm32f4xx_hal_uart.o(i.HAL_UART_TxHalfCpltCallback), (2 bytes).
    Removing stm32f4xx_hal_uart.o(i.UART_DMARxAbortCallback), (44 bytes).
    Removing stm32f4xx_hal_uart.o(i.UART_DMARxOnlyAbortCallback), (22 bytes).
    Removing stm32f4xx_hal_uart.o(i.UART_DMATransmitCplt), (66 bytes).
    Removing stm32f4xx_hal_uart.o(i.UART_DMATxAbortCallback), (44 bytes).
    Removing stm32f4xx_hal_uart.o(i.UART_DMATxHalfCplt), (10 bytes).
    Removing stm32f4xx_hal_uart.o(i.UART_DMATxOnlyAbortCallback), (20 bytes).
    Removing system_stm32f4xx.o(.rev16_text), (4 bytes).
    Removing system_stm32f4xx.o(.revsh_text), (4 bytes).
    Removing system_stm32f4xx.o(.rrx_text), (6 bytes).
    Removing system_stm32f4xx.o(i.SystemCoreClockUpdate), (120 bytes).
    Removing bsp_ad9833.o(.rev16_text), (4 bytes).
    Removing bsp_ad9833.o(.revsh_text), (4 bytes).
    Removing bsp_ad9833.o(.rrx_text), (6 bytes).
    Removing bsp_ad9833.o(i.AD9833_ClearReset), (6 bytes).
    Removing bsp_ad9833.o(i.AD9833_Reset), (20 bytes).
    Removing bsp_ad9833.o(i.AD9833_SetFrequency), (84 bytes).
    Removing bsp_ad9833.o(i.AD9833_SetFrequencyQuick), (22 bytes).
    Removing bsp_ad9833.o(i.AD9833_SetPhase), (6 bytes).
    Removing bsp_ad9833.o(i.AD9833_SetWave), (4 bytes).
    Removing bsp_ad9833.o(i.AD9833_Setup), (8 bytes).
    Removing fft_hp_estimate.o(.rev16_text), (4 bytes).
    Removing fft_hp_estimate.o(.revsh_text), (4 bytes).
    Removing fft_hp_estimate.o(.rrx_text), (6 bytes).
    Removing fft_hp_estimate.o(i.fft_top2_hann_zero_interp), (392 bytes).
    Removing fft_hp_estimate.o(i.fft_top5_hann_zero_nointp), (420 bytes).
    Removing fft_hp_estimate.o(.constdata), (40 bytes).
    Removing key.o(.rev16_text), (4 bytes).
    Removing key.o(.revsh_text), (4 bytes).
    Removing key.o(.rrx_text), (6 bytes).
    Removing key.o(i.Detect_KeyPress), (60 bytes).
    Removing key.o(.data), (8 bytes).
    Removing cmd_queue.o(.rev16_text), (4 bytes).
    Removing cmd_queue.o(.revsh_text), (4 bytes).
    Removing cmd_queue.o(.rrx_text), (6 bytes).
    Removing cmd_queue.o(i.queue_reset), (24 bytes).
    Removing hmi_driver.o(.rev16_text), (4 bytes).
    Removing hmi_driver.o(.revsh_text), (4 bytes).
    Removing hmi_driver.o(.rrx_text), (6 bytes).
    Removing hmi_driver.o(i.AnimationPause), (76 bytes).
    Removing hmi_driver.o(i.AnimationPlayFrame), (84 bytes).
    Removing hmi_driver.o(i.AnimationPlayNext), (76 bytes).
    Removing hmi_driver.o(i.AnimationPlayPrev), (76 bytes).
    Removing hmi_driver.o(i.AnimationStop), (76 bytes).
    Removing hmi_driver.o(i.BatchBegin), (38 bytes).
    Removing hmi_driver.o(i.BatchEnd), (30 bytes).
    Removing hmi_driver.o(i.BatchSetButtonValue), (40 bytes).
    Removing hmi_driver.o(i.BatchSetEnable), (34 bytes).
    Removing hmi_driver.o(i.BatchSetFrame), (46 bytes).
    Removing hmi_driver.o(i.BatchSetMeterValue), (62 bytes).
    Removing hmi_driver.o(i.BatchSetProgressValue), (62 bytes).
    Removing hmi_driver.o(i.BatchSetSliderValue), (62 bytes).
    Removing hmi_driver.o(i.BatchSetText), (54 bytes).
    Removing hmi_driver.o(i.BatchSetVisible), (34 bytes).
    Removing hmi_driver.o(i.CalibrateTouchPane), (42 bytes).
    Removing hmi_driver.o(i.ClearLayer), (50 bytes).
    Removing hmi_driver.o(i.ColorPicker), (78 bytes).
    Removing hmi_driver.o(i.CopyLayer), (58 bytes).
    Removing hmi_driver.o(i.DelayMS), (22 bytes).
    Removing hmi_driver.o(i.DisArea_Image), (94 bytes).
    Removing hmi_driver.o(i.DisCursor), (96 bytes).
    Removing hmi_driver.o(i.DisCut_Image), (162 bytes).
    Removing hmi_driver.o(i.DisFlashImage), (102 bytes).
    Removing hmi_driver.o(i.DisFull_Image), (64 bytes).
    Removing hmi_driver.o(i.DisText), (96 bytes).
    Removing hmi_driver.o(i.DisplyLayer), (50 bytes).
    Removing hmi_driver.o(i.GUI_Arc), (120 bytes).
    Removing hmi_driver.o(i.GUI_AreaInycolor), (100 bytes).
    Removing hmi_driver.o(i.GUI_BcolorConDots), (60 bytes).
    Removing hmi_driver.o(i.GUI_BcolorConOffsetDots), (84 bytes).
    Removing hmi_driver.o(i.GUI_Circle), (84 bytes).
    Removing hmi_driver.o(i.GUI_CircleFill), (84 bytes).
    Removing hmi_driver.o(i.GUI_CleanScreen), (42 bytes).
    Removing hmi_driver.o(i.GUI_ConDots), (68 bytes).
    Removing hmi_driver.o(i.GUI_ConSpaceDots), (84 bytes).
    Removing hmi_driver.o(i.GUI_DispRTC), (110 bytes).
    Removing hmi_driver.o(i.GUI_Dot), (70 bytes).
    Removing hmi_driver.o(i.GUI_Ellipse), (100 bytes).
    Removing hmi_driver.o(i.GUI_EllipseFill), (100 bytes).
    Removing hmi_driver.o(i.GUI_FcolorConDots), (60 bytes).
    Removing hmi_driver.o(i.GUI_FcolorConOffsetDots), (84 bytes).
    Removing hmi_driver.o(i.GUI_Line), (100 bytes).
    Removing hmi_driver.o(i.GUI_Rectangle), (100 bytes).
    Removing hmi_driver.o(i.GUI_RectangleFill), (100 bytes).
    Removing hmi_driver.o(i.GetScreen), (48 bytes).
    Removing hmi_driver.o(i.GetStringLen), (16 bytes).
    Removing hmi_driver.o(i.GraphChannelAdd), (100 bytes).
    Removing hmi_driver.o(i.GraphChannelDataAdd), (110 bytes).
    Removing hmi_driver.o(i.GraphChannelDataClear), (84 bytes).
    Removing hmi_driver.o(i.GraphChannelDel), (84 bytes).
    Removing hmi_driver.o(i.GraphSetViewport), (144 bytes).
    Removing hmi_driver.o(i.LockDeviceConfig), (66 bytes).
    Removing hmi_driver.o(i.PauseTimer), (76 bytes).
    Removing hmi_driver.o(i.ReadRTC), (42 bytes).
    Removing hmi_driver.o(i.ReadUserFlash), (86 bytes).
    Removing hmi_driver.o(i.Record_Add), (84 bytes).
    Removing hmi_driver.o(i.Record_Clear), (76 bytes).
    Removing hmi_driver.o(i.Record_GetCount), (76 bytes).
    Removing hmi_driver.o(i.Record_SetOffset), (90 bytes).
    Removing hmi_driver.o(i.SeTimer), (106 bytes).
    Removing hmi_driver.o(i.SendNU16), (40 bytes).
    Removing hmi_driver.o(i.SendNU8), (26 bytes).
    Removing hmi_driver.o(i.SetBackLight), (50 bytes).
    Removing hmi_driver.o(i.SetBcolor), (56 bytes).
    Removing hmi_driver.o(i.SetBuzzer), (50 bytes).
    Removing hmi_driver.o(i.SetCommBps), (50 bytes).
    Removing hmi_driver.o(i.SetControlBackColor), (90 bytes).
    Removing hmi_driver.o(i.SetControlEnable), (84 bytes).
    Removing hmi_driver.o(i.SetControlFocus), (84 bytes).
    Removing hmi_driver.o(i.SetControlForeColor), (90 bytes).
    Removing hmi_driver.o(i.SetControlVisiable), (84 bytes).
    Removing hmi_driver.o(i.SetFcolor), (56 bytes).
    Removing hmi_driver.o(i.SetFilterColor), (70 bytes).
    Removing hmi_driver.o(i.SetFont_Region), (78 bytes).
    Removing hmi_driver.o(i.SetHandShake), (42 bytes).
    Removing hmi_driver.o(i.SetMeterValue), (106 bytes).
    Removing hmi_driver.o(i.SetPowerSaving), (76 bytes).
    Removing hmi_driver.o(i.SetProgressValue), (106 bytes).
    Removing hmi_driver.o(i.SetScreen), (62 bytes).
    Removing hmi_driver.o(i.SetScreenUpdateEnable), (50 bytes).
    Removing hmi_driver.o(i.SetSelectorValue), (84 bytes).
    Removing hmi_driver.o(i.SetSliderValue), (106 bytes).
    Removing hmi_driver.o(i.SetTextInt32), (138 bytes).
    Removing hmi_driver.o(i.SetTextSpace), (58 bytes).
    Removing hmi_driver.o(i.SetTouchPaneOption), (76 bytes).
    Removing hmi_driver.o(i.Set_picMeterValue), (90 bytes).
    Removing hmi_driver.o(i.ShowKeyboard), (104 bytes).
    Removing hmi_driver.o(i.ShowPopupMenu), (100 bytes).
    Removing hmi_driver.o(i.StartTimer), (76 bytes).
    Removing hmi_driver.o(i.StopTimer), (76 bytes).
    Removing hmi_driver.o(i.TestTouchPane), (42 bytes).
    Removing hmi_driver.o(i.UnlockDeviceConfig), (66 bytes).
    Removing hmi_driver.o(i.WriteLayer), (50 bytes).
    Removing hmi_driver.o(i.WriteUserFlash), (84 bytes).
    Removing serial_screen.o(.rev16_text), (4 bytes).
    Removing serial_screen.o(.revsh_text), (4 bytes).
    Removing serial_screen.o(.rrx_text), (6 bytes).
    Removing serial_screen.o(i.NotifyMenu), (2 bytes).
    Removing serial_screen.o(i.NotifyMeter), (2 bytes).
    Removing serial_screen.o(i.NotifyProgress), (2 bytes).
    Removing serial_screen.o(i.NotifyReadFlash), (2 bytes).
    Removing serial_screen.o(i.NotifySelector), (2 bytes).
    Removing serial_screen.o(i.NotifySlider), (2 bytes).
    Removing serial_screen.o(i.NotifyTimer), (2 bytes).
    Removing serial_screen.o(i.NotifyTouchXY), (2 bytes).
    Removing serial_screen.o(i.NotifyWriteFlash), (2 bytes).
    Removing duty_set.o(.rev16_text), (4 bytes).
    Removing duty_set.o(.revsh_text), (4 bytes).
    Removing duty_set.o(.rrx_text), (6 bytes).
    Removing arm_cmplx_mag_f32.o(.text), (0 bytes).
    Removing arm_cmplx_mag_f32.o(.ARM.exidx.text.arm_cmplx_mag_f32), (8 bytes).
    Removing arm_rfft_fast_f32.o(.text), (0 bytes).
    Removing arm_rfft_fast_f32.o(.ARM.exidx.text.stage_rfft_f32), (8 bytes).
    Removing arm_rfft_fast_f32.o(.ARM.exidx.text.merge_rfft_f32), (8 bytes).
    Removing arm_rfft_fast_f32.o(.ARM.exidx.text.arm_rfft_fast_f32), (8 bytes).
    Removing arm_rfft_fast_init_f32.o(.text), (0 bytes).
    Removing arm_rfft_fast_init_f32.o(.ARM.exidx.text.arm_rfft_fast_init_f32), (8 bytes).
    Removing arm_rfft_fast_init_f32.o(.ARM.exidx.text.arm_rfft_4096_fast_init_f32), (8 bytes).
    Removing arm_rfft_fast_init_f32.o(.ARM.exidx.text.arm_rfft_2048_fast_init_f32), (8 bytes).
    Removing arm_rfft_fast_init_f32.o(.ARM.exidx.text.arm_rfft_1024_fast_init_f32), (8 bytes).
    Removing arm_rfft_fast_init_f32.o(.ARM.exidx.text.arm_rfft_512_fast_init_f32), (8 bytes).
    Removing arm_rfft_fast_init_f32.o(.ARM.exidx.text.arm_rfft_256_fast_init_f32), (8 bytes).
    Removing arm_rfft_fast_init_f32.o(.ARM.exidx.text.arm_rfft_128_fast_init_f32), (8 bytes).
    Removing arm_rfft_fast_init_f32.o(.ARM.exidx.text.arm_rfft_64_fast_init_f32), (8 bytes).
    Removing arm_rfft_fast_init_f32.o(.ARM.exidx.text.arm_rfft_32_fast_init_f32), (8 bytes).
    Removing arm_max_f32.o(.text), (0 bytes).
    Removing arm_max_f32.o(.ARM.exidx.text.arm_max_f32), (8 bytes).
    Removing arm_cfft_f32.o(.text), (0 bytes).
    Removing arm_cfft_f32.o(.ARM.exidx.text.arm_cfft_radix8by2_f32), (8 bytes).
    Removing arm_cfft_f32.o(.ARM.exidx.text.arm_cfft_radix8by4_f32), (8 bytes).
    Removing arm_cfft_f32.o(.ARM.exidx.text.arm_cfft_f32), (8 bytes).
    Removing arm_cfft_init_f32.o(.text), (0 bytes).
    Removing arm_cfft_init_f32.o(.ARM.exidx.text.arm_cfft_init_f32), (8 bytes).
    Removing arm_common_tables.o(.text), (0 bytes).
    Removing arm_common_tables.o(.rodata.armBitRevTable), (2048 bytes).
    Removing arm_common_tables.o(.rodata.twiddleCoefF64_16), (256 bytes).
    Removing arm_common_tables.o(.rodata.twiddleCoefF64_32), (512 bytes).
    Removing arm_common_tables.o(.rodata.twiddleCoefF64_64), (1024 bytes).
    Removing arm_common_tables.o(.rodata.twiddleCoefF64_128), (2048 bytes).
    Removing arm_common_tables.o(.rodata.twiddleCoefF64_256), (4096 bytes).
    Removing arm_common_tables.o(.rodata.twiddleCoefF64_512), (8192 bytes).
    Removing arm_common_tables.o(.rodata.twiddleCoefF64_1024), (16384 bytes).
    Removing arm_common_tables.o(.rodata.twiddleCoefF64_2048), (32768 bytes).
    Removing arm_common_tables.o(.rodata.twiddleCoefF64_4096), (65536 bytes).
    Removing arm_common_tables.o(.rodata.twiddleCoef_16_q31), (96 bytes).
    Removing arm_common_tables.o(.rodata.twiddleCoef_32_q31), (192 bytes).
    Removing arm_common_tables.o(.rodata.twiddleCoef_64_q31), (384 bytes).
    Removing arm_common_tables.o(.rodata.twiddleCoef_128_q31), (768 bytes).
    Removing arm_common_tables.o(.rodata.twiddleCoef_256_q31), (1536 bytes).
    Removing arm_common_tables.o(.rodata.twiddleCoef_512_q31), (3072 bytes).
    Removing arm_common_tables.o(.rodata.twiddleCoef_1024_q31), (6144 bytes).
    Removing arm_common_tables.o(.rodata.twiddleCoef_2048_q31), (12288 bytes).
    Removing arm_common_tables.o(.rodata.twiddleCoef_4096_q31), (24576 bytes).
    Removing arm_common_tables.o(.rodata.twiddleCoef_16_q15), (48 bytes).
    Removing arm_common_tables.o(.rodata.twiddleCoef_32_q15), (96 bytes).
    Removing arm_common_tables.o(.rodata.twiddleCoef_64_q15), (192 bytes).
    Removing arm_common_tables.o(.rodata.twiddleCoef_128_q15), (384 bytes).
    Removing arm_common_tables.o(.rodata.twiddleCoef_256_q15), (768 bytes).
    Removing arm_common_tables.o(.rodata.twiddleCoef_512_q15), (1536 bytes).
    Removing arm_common_tables.o(.rodata.twiddleCoef_1024_q15), (3072 bytes).
    Removing arm_common_tables.o(.rodata.twiddleCoef_2048_q15), (6144 bytes).
    Removing arm_common_tables.o(.rodata.twiddleCoef_4096_q15), (12288 bytes).
    Removing arm_common_tables.o(.rodata.armBitRevIndexTableF64_16), (24 bytes).
    Removing arm_common_tables.o(.rodata.armBitRevIndexTableF64_32), (48 bytes).
    Removing arm_common_tables.o(.rodata.armBitRevIndexTableF64_64), (112 bytes).
    Removing arm_common_tables.o(.rodata.armBitRevIndexTableF64_128), (224 bytes).
    Removing arm_common_tables.o(.rodata.armBitRevIndexTableF64_256), (480 bytes).
    Removing arm_common_tables.o(.rodata.armBitRevIndexTableF64_512), (960 bytes).
    Removing arm_common_tables.o(.rodata.armBitRevIndexTableF64_1024), (1984 bytes).
    Removing arm_common_tables.o(.rodata.armBitRevIndexTableF64_2048), (3968 bytes).
    Removing arm_common_tables.o(.rodata.armBitRevIndexTableF64_4096), (8064 bytes).
    Removing arm_common_tables.o(.rodata.armBitRevIndexTable_fixed_16), (24 bytes).
    Removing arm_common_tables.o(.rodata.armBitRevIndexTable_fixed_32), (48 bytes).
    Removing arm_common_tables.o(.rodata.armBitRevIndexTable_fixed_64), (112 bytes).
    Removing arm_common_tables.o(.rodata.armBitRevIndexTable_fixed_128), (224 bytes).
    Removing arm_common_tables.o(.rodata.armBitRevIndexTable_fixed_256), (480 bytes).
    Removing arm_common_tables.o(.rodata.armBitRevIndexTable_fixed_512), (960 bytes).
    Removing arm_common_tables.o(.rodata.armBitRevIndexTable_fixed_1024), (1984 bytes).
    Removing arm_common_tables.o(.rodata.armBitRevIndexTable_fixed_2048), (3968 bytes).
    Removing arm_common_tables.o(.rodata.armBitRevIndexTable_fixed_4096), (8064 bytes).
    Removing arm_common_tables.o(.rodata.twiddleCoefF64_rfft_32), (256 bytes).
    Removing arm_common_tables.o(.rodata.twiddleCoefF64_rfft_64), (512 bytes).
    Removing arm_common_tables.o(.rodata.twiddleCoefF64_rfft_128), (1024 bytes).
    Removing arm_common_tables.o(.rodata.twiddleCoefF64_rfft_256), (2048 bytes).
    Removing arm_common_tables.o(.rodata.twiddleCoefF64_rfft_512), (4096 bytes).
    Removing arm_common_tables.o(.rodata.twiddleCoefF64_rfft_1024), (8192 bytes).
    Removing arm_common_tables.o(.rodata.twiddleCoefF64_rfft_2048), (16384 bytes).
    Removing arm_common_tables.o(.rodata.twiddleCoefF64_rfft_4096), (32768 bytes).
    Removing arm_common_tables.o(.rodata.realCoefA), (32768 bytes).
    Removing arm_common_tables.o(.rodata.realCoefB), (32768 bytes).
    Removing arm_common_tables.o(.rodata.realCoefAQ31), (32768 bytes).
    Removing arm_common_tables.o(.rodata.realCoefBQ31), (32768 bytes).
    Removing arm_common_tables.o(.rodata.realCoefAQ15), (16384 bytes).
    Removing arm_common_tables.o(.rodata.realCoefBQ15), (16384 bytes).
    Removing arm_common_tables.o(.rodata.Weights_128), (1024 bytes).
    Removing arm_common_tables.o(.rodata.cos_factors_128), (512 bytes).
    Removing arm_common_tables.o(.rodata.Weights_512), (4096 bytes).
    Removing arm_common_tables.o(.rodata.cos_factors_512), (2048 bytes).
    Removing arm_common_tables.o(.rodata.Weights_2048), (16384 bytes).
    Removing arm_common_tables.o(.rodata.cos_factors_2048), (8192 bytes).
    Removing arm_common_tables.o(.rodata.Weights_8192), (65536 bytes).
    Removing arm_common_tables.o(.rodata.cos_factors_8192), (32768 bytes).
    Removing arm_common_tables.o(.rodata.WeightsQ15_128), (512 bytes).
    Removing arm_common_tables.o(.rodata.cos_factorsQ15_128), (256 bytes).
    Removing arm_common_tables.o(.rodata.WeightsQ15_512), (2048 bytes).
    Removing arm_common_tables.o(.rodata.cos_factorsQ15_512), (1024 bytes).
    Removing arm_common_tables.o(.rodata.WeightsQ15_2048), (8192 bytes).
    Removing arm_common_tables.o(.rodata.cos_factorsQ15_2048), (4096 bytes).
    Removing arm_common_tables.o(.rodata.WeightsQ15_8192), (32768 bytes).
    Removing arm_common_tables.o(.rodata.cos_factorsQ15_8192), (16384 bytes).
    Removing arm_common_tables.o(.rodata.WeightsQ31_128), (1024 bytes).
    Removing arm_common_tables.o(.rodata.cos_factorsQ31_128), (512 bytes).
    Removing arm_common_tables.o(.rodata.WeightsQ31_512), (4096 bytes).
    Removing arm_common_tables.o(.rodata.cos_factorsQ31_512), (2048 bytes).
    Removing arm_common_tables.o(.rodata.WeightsQ31_2048), (16384 bytes).
    Removing arm_common_tables.o(.rodata.cos_factorsQ31_2048), (8192 bytes).
    Removing arm_common_tables.o(.rodata.WeightsQ31_8192), (65536 bytes).
    Removing arm_common_tables.o(.rodata.cos_factorsQ31_8192), (32768 bytes).
    Removing arm_common_tables.o(.rodata.armRecipTableQ15), (128 bytes).
    Removing arm_common_tables.o(.rodata.armRecipTableQ31), (256 bytes).
    Removing arm_common_tables.o(.rodata.sinTable_f32), (2052 bytes).
    Removing arm_common_tables.o(.rodata.sinTable_q31), (2052 bytes).
    Removing arm_common_tables.o(.rodata.sinTable_q15), (1026 bytes).
    Removing arm_bitreversal2.o(.text), (0 bytes).
    Removing arm_bitreversal2.o(.text.arm_bitreversal_64), (138 bytes).
    Removing arm_bitreversal2.o(.ARM.exidx.text.arm_bitreversal_64), (8 bytes).
    Removing arm_bitreversal2.o(.ARM.exidx.text.arm_bitreversal_32), (8 bytes).
    Removing arm_bitreversal2.o(.text.arm_bitreversal_16), (74 bytes).
    Removing arm_bitreversal2.o(.ARM.exidx.text.arm_bitreversal_16), (8 bytes).
    Removing arm_cfft_radix8_f32.o(.text), (0 bytes).
    Removing arm_cfft_radix8_f32.o(.ARM.exidx.text.arm_radix8_butterfly_f32), (8 bytes).
    Removing arm_const_structs.o(.text), (0 bytes).
    Removing arm_const_structs.o(.rodata.arm_cfft_sR_f64_len16), (16 bytes).
    Removing arm_const_structs.o(.rodata.arm_cfft_sR_f64_len32), (16 bytes).
    Removing arm_const_structs.o(.rodata.arm_cfft_sR_f64_len64), (16 bytes).
    Removing arm_const_structs.o(.rodata.arm_cfft_sR_f64_len128), (16 bytes).
    Removing arm_const_structs.o(.rodata.arm_cfft_sR_f64_len256), (16 bytes).
    Removing arm_const_structs.o(.rodata.arm_cfft_sR_f64_len512), (16 bytes).
    Removing arm_const_structs.o(.rodata.arm_cfft_sR_f64_len1024), (16 bytes).
    Removing arm_const_structs.o(.rodata.arm_cfft_sR_f64_len2048), (16 bytes).
    Removing arm_const_structs.o(.rodata.arm_cfft_sR_f64_len4096), (16 bytes).
    Removing arm_const_structs.o(.rodata.arm_cfft_sR_q31_len16), (16 bytes).
    Removing arm_const_structs.o(.rodata.arm_cfft_sR_q31_len32), (16 bytes).
    Removing arm_const_structs.o(.rodata.arm_cfft_sR_q31_len64), (16 bytes).
    Removing arm_const_structs.o(.rodata.arm_cfft_sR_q31_len128), (16 bytes).
    Removing arm_const_structs.o(.rodata.arm_cfft_sR_q31_len256), (16 bytes).
    Removing arm_const_structs.o(.rodata.arm_cfft_sR_q31_len512), (16 bytes).
    Removing arm_const_structs.o(.rodata.arm_cfft_sR_q31_len1024), (16 bytes).
    Removing arm_const_structs.o(.rodata.arm_cfft_sR_q31_len2048), (16 bytes).
    Removing arm_const_structs.o(.rodata.arm_cfft_sR_q31_len4096), (16 bytes).
    Removing arm_const_structs.o(.rodata.arm_cfft_sR_q15_len16), (16 bytes).
    Removing arm_const_structs.o(.rodata.arm_cfft_sR_q15_len32), (16 bytes).
    Removing arm_const_structs.o(.rodata.arm_cfft_sR_q15_len64), (16 bytes).
    Removing arm_const_structs.o(.rodata.arm_cfft_sR_q15_len128), (16 bytes).
    Removing arm_const_structs.o(.rodata.arm_cfft_sR_q15_len256), (16 bytes).
    Removing arm_const_structs.o(.rodata.arm_cfft_sR_q15_len512), (16 bytes).
    Removing arm_const_structs.o(.rodata.arm_cfft_sR_q15_len1024), (16 bytes).
    Removing arm_const_structs.o(.rodata.arm_cfft_sR_q15_len2048), (16 bytes).
    Removing arm_const_structs.o(.rodata.arm_cfft_sR_q15_len4096), (16 bytes).
    Removing arm_const_structs.o(.rodata.arm_rfft_fast_sR_f64_len32), (24 bytes).
    Removing arm_const_structs.o(.rodata.arm_rfft_fast_sR_f64_len64), (24 bytes).
    Removing arm_const_structs.o(.rodata.arm_rfft_fast_sR_f64_len128), (24 bytes).
    Removing arm_const_structs.o(.rodata.arm_rfft_fast_sR_f64_len256), (24 bytes).
    Removing arm_const_structs.o(.rodata.arm_rfft_fast_sR_f64_len512), (24 bytes).
    Removing arm_const_structs.o(.rodata.arm_rfft_fast_sR_f64_len1024), (24 bytes).
    Removing arm_const_structs.o(.rodata.arm_rfft_fast_sR_f64_len2048), (24 bytes).
    Removing arm_const_structs.o(.rodata.arm_rfft_fast_sR_f64_len4096), (24 bytes).
    Removing arm_const_structs.o(.rodata.arm_rfft_fast_sR_f32_len32), (24 bytes).
    Removing arm_const_structs.o(.rodata.arm_rfft_fast_sR_f32_len64), (24 bytes).
    Removing arm_const_structs.o(.rodata.arm_rfft_fast_sR_f32_len128), (24 bytes).
    Removing arm_const_structs.o(.rodata.arm_rfft_fast_sR_f32_len256), (24 bytes).
    Removing arm_const_structs.o(.rodata.arm_rfft_fast_sR_f32_len512), (24 bytes).
    Removing arm_const_structs.o(.rodata.arm_rfft_fast_sR_f32_len1024), (24 bytes).
    Removing arm_const_structs.o(.rodata.arm_rfft_fast_sR_f32_len2048), (24 bytes).
    Removing arm_const_structs.o(.rodata.arm_rfft_fast_sR_f32_len4096), (24 bytes).
    Removing arm_const_structs.o(.rodata.arm_rfft_sR_q31_len32), (24 bytes).
    Removing arm_const_structs.o(.rodata.arm_rfft_sR_q31_len64), (24 bytes).
    Removing arm_const_structs.o(.rodata.arm_rfft_sR_q31_len128), (24 bytes).
    Removing arm_const_structs.o(.rodata.arm_rfft_sR_q31_len256), (24 bytes).
    Removing arm_const_structs.o(.rodata.arm_rfft_sR_q31_len512), (24 bytes).
    Removing arm_const_structs.o(.rodata.arm_rfft_sR_q31_len1024), (24 bytes).
    Removing arm_const_structs.o(.rodata.arm_rfft_sR_q31_len2048), (24 bytes).
    Removing arm_const_structs.o(.rodata.arm_rfft_sR_q31_len4096), (24 bytes).
    Removing arm_const_structs.o(.rodata.arm_rfft_sR_q31_len8192), (24 bytes).
    Removing arm_const_structs.o(.rodata.arm_rfft_sR_q15_len32), (24 bytes).
    Removing arm_const_structs.o(.rodata.arm_rfft_sR_q15_len64), (24 bytes).
    Removing arm_const_structs.o(.rodata.arm_rfft_sR_q15_len128), (24 bytes).
    Removing arm_const_structs.o(.rodata.arm_rfft_sR_q15_len256), (24 bytes).
    Removing arm_const_structs.o(.rodata.arm_rfft_sR_q15_len512), (24 bytes).
    Removing arm_const_structs.o(.rodata.arm_rfft_sR_q15_len1024), (24 bytes).
    Removing arm_const_structs.o(.rodata.arm_rfft_sR_q15_len2048), (24 bytes).
    Removing arm_const_structs.o(.rodata.arm_rfft_sR_q15_len4096), (24 bytes).
    Removing arm_const_structs.o(.rodata.arm_rfft_sR_q15_len8192), (24 bytes).

834 unused section(s) (total 870008 bytes) removed from the image.
