Component: ARM Compiler 5.06 update 7 (build 960) Tool: armlink [4d3601]

==============================================================================

Section Cross References

    startup_stm32f407xx.o(RESET) refers to startup_stm32f407xx.o(STACK) for __initial_sp
    startup_stm32f407xx.o(RESET) refers to startup_stm32f407xx.o(.text) for Reset_Handler
    startup_stm32f407xx.o(RESET) refers to stm32f4xx_it.o(i.NMI_Handler) for NMI_Handler
    startup_stm32f407xx.o(RESET) refers to stm32f4xx_it.o(i.HardFault_Handler) for HardFault_Handler
    startup_stm32f407xx.o(RESET) refers to stm32f4xx_it.o(i.MemManage_Handler) for MemManage_Handler
    startup_stm32f407xx.o(RESET) refers to stm32f4xx_it.o(i.BusFault_Handler) for BusFault_Handler
    startup_stm32f407xx.o(RESET) refers to stm32f4xx_it.o(i.UsageFault_Handler) for UsageFault_Handler
    startup_stm32f407xx.o(RESET) refers to stm32f4xx_it.o(i.SVC_Handler) for SVC_Handler
    startup_stm32f407xx.o(RESET) refers to stm32f4xx_it.o(i.DebugMon_Handler) for DebugMon_Handler
    startup_stm32f407xx.o(RESET) refers to stm32f4xx_it.o(i.PendSV_Handler) for PendSV_Handler
    startup_stm32f407xx.o(RESET) refers to stm32f4xx_it.o(i.SysTick_Handler) for SysTick_Handler
    startup_stm32f407xx.o(RESET) refers to stm32f4xx_it.o(i.DMA1_Stream1_IRQHandler) for DMA1_Stream1_IRQHandler
    startup_stm32f407xx.o(RESET) refers to stm32f4xx_it.o(i.DMA1_Stream3_IRQHandler) for DMA1_Stream3_IRQHandler
    startup_stm32f407xx.o(RESET) refers to stm32f4xx_it.o(i.TIM4_IRQHandler) for TIM4_IRQHandler
    startup_stm32f407xx.o(RESET) refers to stm32f4xx_it.o(i.USART1_IRQHandler) for USART1_IRQHandler
    startup_stm32f407xx.o(RESET) refers to stm32f4xx_it.o(i.USART3_IRQHandler) for USART3_IRQHandler
    startup_stm32f407xx.o(RESET) refers to stm32f4xx_it.o(i.DMA2_Stream0_IRQHandler) for DMA2_Stream0_IRQHandler
    startup_stm32f407xx.o(RESET) refers to stm32f4xx_it.o(i.DMA2_Stream1_IRQHandler) for DMA2_Stream1_IRQHandler
    startup_stm32f407xx.o(.text) refers to system_stm32f4xx.o(i.SystemInit) for SystemInit
    startup_stm32f407xx.o(.text) refers to entry.o(.ARM.Collect$$$$00000000) for __main
    main.o(i.HAL_SYSTICK_Callback) refers to serial_screen.o(.data) for timer_tick_count
    main.o(i.SystemClock_Config) refers to memseta.o(.text) for __aeabi_memclr4
    main.o(i.SystemClock_Config) refers to stm32f4xx_hal_rcc.o(i.HAL_RCC_OscConfig) for HAL_RCC_OscConfig
    main.o(i.SystemClock_Config) refers to stm32f4xx_hal_rcc.o(i.HAL_RCC_ClockConfig) for HAL_RCC_ClockConfig
    main.o(i.main) refers to stm32f4xx_hal.o(i.HAL_Init) for HAL_Init
    main.o(i.main) refers to main.o(i.SystemClock_Config) for SystemClock_Config
    main.o(i.main) refers to gpio.o(i.MX_GPIO_Init) for MX_GPIO_Init
    main.o(i.main) refers to dma.o(i.MX_DMA_Init) for MX_DMA_Init
    main.o(i.main) refers to adc.o(i.MX_ADC1_Init) for MX_ADC1_Init
    main.o(i.main) refers to usart.o(i.MX_USART1_UART_Init) for MX_USART1_UART_Init
    main.o(i.main) refers to tim.o(i.MX_TIM2_Init) for MX_TIM2_Init
    main.o(i.main) refers to usart.o(i.MX_USART3_UART_Init) for MX_USART3_UART_Init
    main.o(i.main) refers to adc.o(i.MX_ADC2_Init) for MX_ADC2_Init
    main.o(i.main) refers to tim.o(i.MX_TIM8_Init) for MX_TIM8_Init
    main.o(i.main) refers to adc.o(i.MX_ADC3_Init) for MX_ADC3_Init
    main.o(i.main) refers to dac.o(i.MX_DAC_Init) for MX_DAC_Init
    main.o(i.main) refers to tim.o(i.MX_TIM3_Init) for MX_TIM3_Init
    main.o(i.main) refers to tim.o(i.MX_TIM4_Init) for MX_TIM4_Init
    main.o(i.main) refers to tim.o(i.MX_TIM5_Init) for MX_TIM5_Init
    main.o(i.main) refers to bsp_ad9833.o(i.AD9833_Init) for AD9833_Init
    main.o(i.main) refers to bsp_ad9833.o(i.AD9833_Config) for AD9833_Config
    main.o(i.main) refers to printfa.o(i.__0printf) for __2printf
    main.o(i.main) refers to cmd_queue.o(i.queue_find_cmd) for queue_find_cmd
    main.o(i.main) refers to serial_screen.o(i.ProcessMessage) for ProcessMessage
    main.o(i.main) refers to serial_screen.o(i.UpdateUI) for UpdateUI
    main.o(i.main) refers to serial_screen.o(.bss) for cmd_buffer
    main.o(i.main) refers to main.o(.data) for .data
    main.o(i.main) refers to serial_screen.o(.data) for timer_tick_count
    gpio.o(i.MX_GPIO_Init) refers to memseta.o(.text) for __aeabi_memclr4
    gpio.o(i.MX_GPIO_Init) refers to stm32f4xx_hal_gpio.o(i.HAL_GPIO_WritePin) for HAL_GPIO_WritePin
    gpio.o(i.MX_GPIO_Init) refers to stm32f4xx_hal_gpio.o(i.HAL_GPIO_Init) for HAL_GPIO_Init
    adc.o(i.HAL_ADC_ConvCpltCallback) refers to adc.o(.data) for .data
    adc.o(i.HAL_ADC_ConvHalfCpltCallback) refers to adc.o(.data) for .data
    adc.o(i.HAL_ADC_MspDeInit) refers to stm32f4xx_hal_gpio.o(i.HAL_GPIO_DeInit) for HAL_GPIO_DeInit
    adc.o(i.HAL_ADC_MspDeInit) refers to stm32f4xx_hal_dma.o(i.HAL_DMA_DeInit) for HAL_DMA_DeInit
    adc.o(i.HAL_ADC_MspInit) refers to memseta.o(.text) for __aeabi_memclr4
[...]
    _printf_fp_hex                           0x00000000   Number         0  stubs.o ABSOLUTE
    _printf_g                                0x00000000   Number         0  stubs.o ABSOLUTE
    _printf_i                                0x00000000   Number         0  stubs.o ABSOLUTE
    _printf_int_dec                          0x00000000   Number         0  stubs.o ABSOLUTE
    _printf_l                                0x00000000   Number         0  stubs.o ABSOLUTE
    _printf_lc                               0x00000000   Number         0  stubs.o ABSOLUTE
    _printf_ll                               0x00000000   Number         0  stubs.o ABSOLUTE
    _printf_lld                              0x00000000   Number         0  stubs.o ABSOLUTE
    _printf_lli                              0x00000000   Number         0  stubs.o ABSOLUTE
    _printf_llo                              0x00000000   Number         0  stubs.o ABSOLUTE
    _printf_llu                              0x00000000   Number         0  stubs.o ABSOLUTE
    _printf_llx                              0x00000000   Number         0  stubs.o ABSOLUTE
    _printf_longlong_dec                     0x00000000   Number         0  stubs.o ABSOLUTE
    _printf_longlong_hex                     0x00000000   Number         0  stubs.o ABSOLUTE
    _printf_longlong_oct                     0x00000000   Number         0  stubs.o ABSOLUTE
    _printf_ls                               0x00000000   Number         0  stubs.o ABSOLUTE
    _printf_mbtowc                           0x00000000   Number         0  stubs.o ABSOLUTE
    _printf_n                                0x00000000   Number         0  stubs.o ABSOLUTE
    _printf_o                                0x00000000   Number         0  stubs.o ABSOLUTE
    _printf_p                                0x00000000   Number         0  stubs.o ABSOLUTE
    _printf_percent                          0x00000000   Number         0  stubs.o ABSOLUTE
    _printf_pre_padding                      0x00000000   Number         0  stubs.o ABSOLUTE
    _printf_return_value                     0x00000000   Number         0  stubs.o ABSOLUTE
    _printf_s                                0x00000000   Number         0  stubs.o ABSOLUTE
    _printf_sizespec                         0x00000000   Number         0  stubs.o ABSOLUTE
    _printf_str                              0x00000000   Number         0  stubs.o ABSOLUTE
    _printf_truncate_signed                  0x00000000   Number         0  stubs.o ABSOLUTE
    _printf_truncate_unsigned                0x00000000   Number         0  stubs.o ABSOLUTE
    _printf_u                                0x00000000   Number         0  stubs.o ABSOLUTE
    _printf_wc                               0x00000000   Number         0  stubs.o ABSOLUTE
    _printf_wctomb                           0x00000000   Number         0  stubs.o ABSOLUTE
    _printf_widthprec                        0x00000000   Number         0  stubs.o ABSOLUTE
    _printf_x                                0x00000000   Number         0  stubs.o ABSOLUTE
    __arm_fini_                               - Undefined Weak Reference
    __cpp_initialize__aeabi_                  - Undefined Weak Reference
    __cxa_finalize                            - Undefined Weak Reference
    _clock_init                               - Undefined Weak Reference
    _microlib_exit                            - Undefined Weak Reference
    _scanf_longlong                           - Undefined Weak Reference
    _scanf_string                             - Undefined Weak Reference
    __Vectors_Size                           0x00000188   Number         0  startup_stm32f407xx.o ABSOLUTE
    __Vectors                                0x08000000   Data           4  startup_stm32f407xx.o(RESET)
    __Vectors_End                            0x08000188   Data           0  startup_stm32f407xx.o(RESET)
    __main                                   0x08000189   Thumb Code     0  entry.o(.ARM.Collect$$$$00000000)
    _main_stk                                0x08000189   Thumb Code     0  entry2.o(.ARM.Collect$$$$00000001)
    _main_scatterload                        0x0800018d   Thumb Code     0  entry5.o(.ARM.Collect$$$$00000004)
    __main_after_scatterload                 0x08000191   Thumb Code     0  entry5.o(.ARM.Collect$$$$00000004)
    _main_clock                              0x08000191   Thumb Code     0  entry7b.o(.ARM.Collect$$$$00000008)
    _main_cpp_init                           0x08000191   Thumb Code     0  entry8b.o(.ARM.Collect$$$$0000000A)
    _main_init                               0x08000191   Thumb Code     0  entry9a.o(.ARM.Collect$$$$0000000B)
    __rt_lib_shutdown_fini                   0x08000199   Thumb Code     0  entry12b.o(.ARM.Collect$$$$0000000E)
    __rt_final_cpp                           0x0800019d   Thumb Code     0  entry10a.o(.ARM.Collect$$$$0000000F)
    __rt_final_exit                          0x0800019d   Thumb Code     0  entry11a.o(.ARM.Collect$$$$00000011)
    Reset_Handler                            0x080001a1   Thumb Code     8  startup_stm32f407xx.o(.text)
    ADC_IRQHandler                           0x080001bb   Thumb Code     0  startup_stm32f407xx.o(.text)
    CAN1_RX0_IRQHandler                      0x080001bb   Thumb Code     0  startup_stm32f407xx.o(.text)
    CAN1_RX1_IRQHandler                      0x080001bb   Thumb Code     0  startup_stm32f407xx.o(.text)
    CAN1_SCE_IRQHandler                      0x080001bb   Thumb Code     0  startup_stm32f407xx.o(.text)
    CAN1_TX_IRQHandler                       0x080001bb   Thumb Code     0  startup_stm32f407xx.o(.text)
    CAN2_RX0_IRQHandler                      0x080001bb   Thumb Code     0  startup_stm32f407xx.o(.text)
    CAN2_RX1_IRQHandler                      0x080001bb   Thumb Code     0  startup_stm32f407xx.o(.text)
    CAN2_SCE_IRQHandler                      0x080001bb   Thumb Code     0  startup_stm32f407xx.o(.text)
    CAN2_TX_IRQHandler                       0x080001bb   Thumb Code     0  startup_stm32f407xx.o(.text)
    DCMI_IRQHandler                          0x080001bb   Thumb Code     0  startup_stm32f407xx.o(.text)
    DMA1_Stream0_IRQHandler                  0x080001bb   Thumb Code     0  startup_stm32f407xx.o(.text)
    DMA1_Stream2_IRQHandler                  0x080001bb   Thumb Code     0  startup_stm32f407xx.o(.text)
    DMA1_Stream4_IRQHandler                  0x080001bb   Thumb Code     0  startup_stm32f407xx.o(.text)
    DMA1_Stream5_IRQHandler                  0x080001bb   Thumb Code     0  startup_stm32f407xx.o(.text)
    DMA1_Stream6_IRQHandler                  0x080001bb   Thumb Code     0  startup_stm32f407xx.o(.text)
    DMA1_Stream7_IRQHandler                  0x080001bb   Thumb Code     0  startup_stm32f407xx.o(.text)
    DMA2_Stream2_IRQHandler                  0x080001bb   Thumb Code     0  startup_stm32f407xx.o(.text)
    DMA2_Stream3_IRQHandler                  0x080001bb   Thumb Code     0  startup_stm32f407xx.o(.text)
    DMA2_Stream4_IRQHandler                  0x080001bb   Thumb Code     0  startup_stm32f407xx.o(.text)
    DMA2_Stream5_IRQHandler                  0x080001bb   Thumb Code     0  startup_stm32f407xx.o(.text)
    DMA2_Stream6_IRQHandler                  0x080001bb   Thumb Code     0  startup_stm32f407xx.o(.text)
    DMA2_Stream7_IRQHandler                  0x080001bb   Thumb Code     0  startup_stm32f407xx.o(.text)
    ETH_IRQHandler                           0x080001bb   Thumb Code     0  startup_stm32f407xx.o(.text)
    ETH_WKUP_IRQHandler                      0x080001bb   Thumb Code     0  startup_stm32f407xx.o(.text)
    EXTI0_IRQHandler                         0x080001bb   Thumb Code     0  startup_stm32f407xx.o(.text)
    EXTI15_10_IRQHandler                     0x080001bb   Thumb Code     0  startup_stm32f407xx.o(.text)
    EXTI1_IRQHandler                         0x080001bb   Thumb Code     0  startup_stm32f407xx.o(.text)
    EXTI2_IRQHandler                         0x080001bb   Thumb Code     0  startup_stm32f407xx.o(.text)
    EXTI3_IRQHandler                         0x080001bb   Thumb Code     0  startup_stm32f407xx.o(.text)
    EXTI4_IRQHandler                         0x080001bb   Thumb Code     0  startup_stm32f407xx.o(.text)
    EXTI9_5_IRQHandler                       0x080001bb   Thumb Code     0  startup_stm32f407xx.o(.text)
    FLASH_IRQHandler                         0x080001bb   Thumb Code     0  startup_stm32f407xx.o(.text)
    FMC_IRQHandler                           0x080001bb   Thumb Code     0  startup_stm32f407xx.o(.text)
    FPU_IRQHandler                           0x080001bb   Thumb Code     0  startup_stm32f407xx.o(.text)
    HASH_RNG_IRQHandler                      0x080001bb   Thumb Code     0  startup_stm32f407xx.o(.text)
    I2C1_ER_IRQHandler                       0x080001bb   Thumb Code     0  startup_stm32f407xx.o(.text)
    I2C1_EV_IRQHandler                       0x080001bb   Thumb Code     0  startup_stm32f407xx.o(.text)
    I2C2_ER_IRQHandler                       0x080001bb   Thumb Code     0  startup_stm32f407xx.o(.text)
    I2C2_EV_IRQHandler                       0x080001bb   Thumb Code     0  startup_stm32f407xx.o(.text)
    I2C3_ER_IRQHandler                       0x080001bb   Thumb Code     0  startup_stm32f407xx.o(.text)
    I2C3_EV_IRQHandler                       0x080001bb   Thumb Code     0  startup_stm32f407xx.o(.text)
    OTG_FS_IRQHandler                        0x080001bb   Thumb Code     0  startup_stm32f407xx.o(.text)
    OTG_FS_WKUP_IRQHandler                   0x080001bb   Thumb Code     0  startup_stm32f407xx.o(.text)
    OTG_HS_EP1_IN_IRQHandler                 0x080001bb   Thumb Code     0  startup_stm32f407xx.o(.text)
    OTG_HS_EP1_OUT_IRQHandler                0x080001bb   Thumb Code     0  startup_stm32f407xx.o(.text)
    OTG_HS_IRQHandler                        0x080001bb   Thumb Code     0  startup_stm32f407xx.o(.text)
    OTG_HS_WKUP_IRQHandler                   0x080001bb   Thumb Code     0  startup_stm32f407xx.o(.text)
    PVD_IRQHandler                           0x080001bb   Thumb Code     0  startup_stm32f407xx.o(.text)
    RCC_IRQHandler                           0x080001bb   Thumb Code     0  startup_stm32f407xx.o(.text)
    RTC_Alarm_IRQHandler                     0x080001bb   Thumb Code     0  startup_stm32f407xx.o(.text)
    RTC_WKUP_IRQHandler                      0x080001bb   Thumb Code     0  startup_stm32f407xx.o(.text)
    SDIO_IRQHandler                          0x080001bb   Thumb Code     0  startup_stm32f407xx.o(.text)
    SPI1_IRQHandler                          0x080001bb   Thumb Code     0  startup_stm32f407xx.o(.text)
    SPI2_IRQHandler                          0x080001bb   Thumb Code     0  startup_stm32f407xx.o(.text)
    SPI3_IRQHandler                          0x080001bb   Thumb Code     0  startup_stm32f407xx.o(.text)
    TAMP_STAMP_IRQHandler                    0x080001bb   Thumb Code     0  startup_stm32f407xx.o(.text)
    TIM1_BRK_TIM9_IRQHandler                 0x080001bb   Thumb Code     0  startup_stm32f407xx.o(.text)
    TIM1_CC_IRQHandler                       0x080001bb   Thumb Code     0  startup_stm32f407xx.o(.text)
    TIM1_TRG_COM_TIM11_IRQHandler            0x080001bb   Thumb Code     0  startup_stm32f407xx.o(.text)
    TIM1_UP_TIM10_IRQHandler                 0x080001bb   Thumb Code     0  startup_stm32f407xx.o(.text)
    TIM2_IRQHandler                          0x080001bb   Thumb Code     0  startup_stm32f407xx.o(.text)
    TIM3_IRQHandler                          0x080001bb   Thumb Code     0  startup_stm32f407xx.o(.text)
    TIM5_IRQHandler                          0x080001bb   Thumb Code     0  startup_stm32f407xx.o(.text)
    TIM6_DAC_IRQHandler                      0x080001bb   Thumb Code     0  startup_stm32f407xx.o(.text)
    TIM7_IRQHandler                          0x080001bb   Thumb Code     0  startup_stm32f407xx.o(.text)
    TIM8_BRK_TIM12_IRQHandler                0x080001bb   Thumb Code     0  startup_stm32f407xx.o(.text)
    TIM8_CC_IRQHandler                       0x080001bb   Thumb Code     0  startup_stm32f407xx.o(.text)
    TIM8_TRG_COM_TIM14_IRQHandler            0x080001bb   Thumb Code     0  startup_stm32f407xx.o(.text)
    TIM8_UP_TIM13_IRQHandler                 0x080001bb   Thumb Code     0  startup_stm32f407xx.o(.text)
    UART4_IRQHandler                         0x080001bb   Thumb Code     0  startup_stm32f407xx.o(.text)
    UART5_IRQHandler                         0x080001bb   Thumb Code     0  startup_stm32f407xx.o(.text)
    USART2_IRQHandler                        0x080001bb   Thumb Code     0  startup_stm32f407xx.o(.text)
    USART6_IRQHandler                        0x080001bb   Thumb Code     0  startup_stm32f407xx.o(.text)
    WWDG_IRQHandler                          0x080001bb   Thumb Code     0  startup_stm32f407xx.o(.text)
    __aeabi_uldivmod                         0x080001c5   Thumb Code    98  uldiv.o(.text)
    __aeabi_memcpy                           0x08000227   Thumb Code    36  memcpya.o(.text)
    __aeabi_memcpy4                          0x08000227   Thumb Code     0  memcpya.o(.text)
    __aeabi_memcpy8                          0x08000227   Thumb Code     0  memcpya.o(.text)
    __aeabi_memset                           0x0800024b   Thumb Code    14  memseta.o(.text)
    __aeabi_memset4                          0x0800024b   Thumb Code     0  memseta.o(.text)
    __aeabi_memset8                          0x0800024b   Thumb Code     0  memseta.o(.text)
    __aeabi_memclr                           0x08000259   Thumb Code     4  memseta.o(.text)
    __aeabi_memclr4                          0x08000259   Thumb Code     0  memseta.o(.text)
    __aeabi_memclr8                          0x08000259   Thumb Code     0  memseta.o(.text)
    _memset$wrapper                          0x0800025d   Thumb Code    18  memseta.o(.text)
    __0sscanf                                0x08000271   Thumb Code    48  __0sscanf.o(.text)
    _scanf_int                               0x080002a9   Thumb Code   332  _scanf_int.o(.text)
    _scanf_real                              0x0800051d   Thumb Code     0  scanf_fp.o(.text)
    _scanf_really_real                       0x0800051d   Thumb Code   556  scanf_fp.o(.text)
    __aeabi_dmul                             0x08000755   Thumb Code   228  dmul.o(.text)
    __aeabi_ddiv                             0x08000839   Thumb Code   222  ddiv.o(.text)
    __aeabi_ui2d                             0x08000917   Thumb Code    26  dfltui.o(.text)
    __aeabi_d2uiz                            0x08000931   Thumb Code    50  dfixui.o(.text)
    __aeabi_f2d                              0x08000963   Thumb Code    38  f2d.o(.text)
    __aeabi_d2f                              0x08000989   Thumb Code    56  d2f.o(.text)
    __aeabi_uidiv                            0x080009c1   Thumb Code     0  uidiv.o(.text)
    __aeabi_uidivmod                         0x080009c1   Thumb Code    44  uidiv.o(.text)
    __aeabi_llsl                             0x080009ed   Thumb Code    30  llshl.o(.text)
    _ll_shift_l                              0x080009ed   Thumb Code     0  llshl.o(.text)
    __aeabi_llsr                             0x08000a0b   Thumb Code    32  llushr.o(.text)
    _ll_ushift_r                             0x08000a0b   Thumb Code     0  llushr.o(.text)
    _chval                                   0x08000a2b   Thumb Code    28  _chval.o(.text)
    __vfscanf_char                           0x08000a55   Thumb Code    20  scanf_char.o(.text)
    _sgetc                                   0x08000a71   Thumb Code    30  _sgetc.o(.text)
    _sbackspace                              0x08000a8f   Thumb Code    34  _sgetc.o(.text)
    __I$use$fp                               0x08000ab1   Thumb Code     0  iusefp.o(.text)
    _float_round                             0x08000ab1   Thumb Code    18  fepilogue.o(.text)
    _float_epilogue                          0x08000ac3   Thumb Code    92  fepilogue.o(.text)
    _double_round                            0x08000b1f   Thumb Code    30  depilogue.o(.text)
    _double_epilogue                         0x08000b3d   Thumb Code   156  depilogue.o(.text)
    __aeabi_dadd                             0x08000bd9   Thumb Code   322  dadd.o(.text)
    __aeabi_dsub                             0x08000d1b   Thumb Code     6  dadd.o(.text)
    __aeabi_drsub                            0x08000d21   Thumb Code     6  dadd.o(.text)
    __aeabi_ul2d                             0x08000d27   Thumb Code    24  dfltul.o(.text)
    __aeabi_d2ulz                            0x08000d3f   Thumb Code    48  dfixul.o(.text)
    __aeabi_cdrcmple                         0x08000d71   Thumb Code    48  cdrcmple.o(.text)
    __scatterload                            0x08000da1   Thumb Code    28  init.o(.text)
    __scatterload_rt2                        0x08000da1   Thumb Code     0  init.o(.text)
    __aeabi_lasr                             0x08000dc5   Thumb Code    36  llsshr.o(.text)
    _ll_sshift_r                             0x08000dc5   Thumb Code     0  llsshr.o(.text)
    isspace                                  0x08000de9   Thumb Code    10  isspace_c.o(.text)
    __vfscanf                                0x08000df5   Thumb Code   810  _scanf.o(.text)
    __ctype_lookup                           0x08001125   Thumb Code    34  ctype_c.o(.text)
    __decompress                             0x0800114d   Thumb Code     0  __dczerorl.o(.text)
    __decompress0                            0x0800114d   Thumb Code    58  __dczerorl.o(.text)
    arm_bitreversal_32                       0x08001189   Thumb Code    68  arm_bitreversal2.o(.text.arm_bitreversal_32)
    arm_cfft_f32                             0x080011cd   Thumb Code   224  arm_cfft_f32.o(.text.arm_cfft_f32)
    arm_cfft_init_f32                        0x080012ad   Thumb Code   180  arm_cfft_init_f32.o(.text.arm_cfft_init_f32)
    arm_cfft_radix8by2_f32                   0x08001361   Thumb Code   408  arm_cfft_f32.o(.text.arm_cfft_radix8by2_f32)
    arm_cfft_radix8by4_f32                   0x080014f9   Thumb Code  1020  arm_cfft_f32.o(.text.arm_cfft_radix8by4_f32)
    arm_cmplx_mag_f32                        0x080018f5   Thumb Code   340  arm_cmplx_mag_f32.o(.text.arm_cmplx_mag_f32)
    arm_max_f32                              0x08001a49   Thumb Code   188  arm_max_f32.o(.text.arm_max_f32)
    arm_radix8_butterfly_f32                 0x08001b05   Thumb Code  1458  arm_cfft_radix8_f32.o(.text.arm_radix8_butterfly_f32)
    arm_rfft_fast_f32                        0x080021f9   Thumb Code    70  arm_rfft_fast_f32.o(.text.arm_rfft_fast_f32)
    arm_rfft_fast_init_f32                   0x0800223f   Thumb Code   144  arm_rfft_fast_init_f32.o(.text.arm_rfft_fast_init_f32)
    merge_rfft_f32                           0x080022d1   Thumb Code   180  arm_rfft_fast_f32.o(.text.merge_rfft_f32)
    stage_rfft_f32                           0x08002385   Thumb Code   180  arm_rfft_fast_f32.o(.text.stage_rfft_f32)
    AD9833_Config                            0x08002439   Thumb Code   164  bsp_ad9833.o(i.AD9833_Config)
    AD9833_GPIO_Init                         0x080024f5   Thumb Code    58  bsp_ad9833.o(i.AD9833_GPIO_Init)
    AD9833_Init                              0x08002539   Thumb Code    18  bsp_ad9833.o(i.AD9833_Init)
    AD9833_SPI_Write                         0x0800254d   Thumb Code   150  bsp_ad9833.o(i.AD9833_SPI_Write)
    AD9833_SetRegisterValue                  0x080025e9   Thumb Code    32  bsp_ad9833.o(i.AD9833_SetRegisterValue)
    AnimationStart                           0x08002815   Thumb Code    76  hmi_driver.o(i.AnimationStart)
    BusFault_Handler                         0x08002861   Thumb Code     2  stm32f4xx_it.o(i.BusFault_Handler)
    CD4052_Init                              0x08002865   Thumb Code    58  ppl.o(i.CD4052_Init)
    CD4053_Init                              0x080028a9   Thumb Code    58  ppl.o(i.CD4053_Init)
    DMA1_Stream1_IRQHandler                  0x080028ed   Thumb Code     6  stm32f4xx_it.o(i.DMA1_Stream1_IRQHandler)
    DMA1_Stream3_IRQHandler                  0x080028f9   Thumb Code     6  stm32f4xx_it.o(i.DMA1_Stream3_IRQHandler)
    DMA2_Stream0_IRQHandler                  0x08002905   Thumb Code     6  stm32f4xx_it.o(i.DMA2_Stream0_IRQHandler)
    DMA2_Stream1_IRQHandler                  0x08002911   Thumb Code     6  stm32f4xx_it.o(i.DMA2_Stream1_IRQHandler)
    DebugMon_Handler                         0x080029c1   Thumb Code     2  stm32f4xx_it.o(i.DebugMon_Handler)
    Error_Handler                            0x080029c3   Thumb Code     4  main.o(i.Error_Handler)
    GUI_CleanScreen                          0x080029c7   Thumb Code    42  hmi_driver.o(i.GUI_CleanScreen)
    GUI_ConDots                              0x080029f1   Thumb Code    68  hmi_driver.o(i.GUI_ConDots)
    GetControlValue                          0x08002a35   Thumb Code    76  hmi_driver.o(i.GetControlValue)
    HAL_ADCEx_InjectedConfigChannel          0x08002a81   Thumb Code   780  stm32f4xx_hal_adc_ex.o(i.HAL_ADCEx_InjectedConfigChannel)
    HAL_ADCEx_MultiModeConfigChannel         0x08002dd9   Thumb Code   278  stm32f4xx_hal_adc_ex.o(i.HAL_ADCEx_MultiModeConfigChannel)
    HAL_ADC_ConfigChannel                    0x08002f31   Thumb Code   396  stm32f4xx_hal_adc.o(i.HAL_ADC_ConfigChannel)
    HAL_ADC_ConvCpltCallback                 0x08003105   Thumb Code    40  adc.o(i.HAL_ADC_ConvCpltCallback)
    HAL_ADC_ConvHalfCpltCallback             0x08003139   Thumb Code    30  adc.o(i.HAL_ADC_ConvHalfCpltCallback)
    HAL_ADC_ErrorCallback                    0x08003161   Thumb Code     2  stm32f4xx_hal_adc.o(i.HAL_ADC_ErrorCallback)
    HAL_ADC_Init                             0x08003165   Thumb Code   470  stm32f4xx_hal_adc.o(i.HAL_ADC_Init)
    HAL_ADC_MspInit                          0x08003385   Thumb Code   292  adc.o(i.HAL_ADC_MspInit)
    HAL_ADC_Start_DMA                        0x080034c9   Thumb Code   362  stm32f4xx_hal_adc.o(i.HAL_ADC_Start_DMA)
    HAL_ADC_Stop_DMA                         0x08003691   Thumb Code   140  stm32f4xx_hal_adc.o(i.HAL_ADC_Stop_DMA)
    HAL_DAC_ConfigChannel                    0x08003761   Thumb Code   168  stm32f4xx_hal_dac.o(i.HAL_DAC_ConfigChannel)
    HAL_DAC_Init                             0x08003841   Thumb Code    58  stm32f4xx_hal_dac.o(i.HAL_DAC_Init)
    HAL_DAC_MspInit                          0x080038b9   Thumb Code    84  dac.o(i.HAL_DAC_MspInit)
    HAL_DAC_SetValue                         0x08003919   Thumb Code    98  stm32f4xx_hal_dac.o(i.HAL_DAC_SetValue)
    HAL_DAC_Start                            0x080039b5   Thumb Code   114  stm32f4xx_hal_dac.o(i.HAL_DAC_Start)
    HAL_DMA_Abort                            0x08003a61   Thumb Code   146  stm32f4xx_hal_dma.o(i.HAL_DMA_Abort)
    HAL_DMA_Abort_IT                         0x08003af3   Thumb Code    36  stm32f4xx_hal_dma.o(i.HAL_DMA_Abort_IT)
    HAL_DMA_IRQHandler                       0x08003b19   Thumb Code   412  stm32f4xx_hal_dma.o(i.HAL_DMA_IRQHandler)
    HAL_DMA_Init                             0x08003cb9   Thumb Code   666  stm32f4xx_hal_dma.o(i.HAL_DMA_Init)
    HAL_DMA_Start_IT                         0x08003f99   Thumb Code   142  stm32f4xx_hal_dma.o(i.HAL_DMA_Start_IT)
    HAL_Delay                                0x08004061   Thumb Code    32  stm32f4xx_hal.o(i.HAL_Delay)
    HAL_GPIO_Init                            0x08004085   Thumb Code   654  stm32f4xx_hal_gpio.o(i.HAL_GPIO_Init)
    HAL_GPIO_WritePin                        0x08004381   Thumb Code    46  stm32f4xx_hal_gpio.o(i.HAL_GPIO_WritePin)
    HAL_GetTick                              0x080043ed   Thumb Code     6  stm32f4xx_hal.o(i.HAL_GetTick)
    HAL_IncTick                              0x080043f9   Thumb Code    12  stm32f4xx_hal.o(i.HAL_IncTick)
    HAL_Init                                 0x08004409   Thumb Code    48  stm32f4xx_hal.o(i.HAL_Init)
    HAL_InitTick                             0x0800443d   Thumb Code    54  stm32f4xx_hal.o(i.HAL_InitTick)
    HAL_MspInit                              0x0800447d   Thumb Code    42  stm32f4xx_hal_msp.o(i.HAL_MspInit)
    HAL_NVIC_EnableIRQ                       0x080044ad   Thumb Code    40  stm32f4xx_hal_cortex.o(i.HAL_NVIC_EnableIRQ)
    HAL_NVIC_SetPriority                     0x08004511   Thumb Code    94  stm32f4xx_hal_cortex.o(i.HAL_NVIC_SetPriority)
    HAL_NVIC_SetPriorityGrouping             0x080045b1   Thumb Code    58  stm32f4xx_hal_cortex.o(i.HAL_NVIC_SetPriorityGrouping)
    HAL_RCC_ClockConfig                      0x08004631   Thumb Code   512  stm32f4xx_hal_rcc.o(i.HAL_RCC_ClockConfig)
    HAL_RCC_GetPCLK1Freq                     0x0800487d   Thumb Code    20  stm32f4xx_hal_rcc.o(i.HAL_RCC_GetPCLK1Freq)
    HAL_RCC_GetPCLK2Freq                     0x0800489d   Thumb Code    20  stm32f4xx_hal_rcc.o(i.HAL_RCC_GetPCLK2Freq)
    HAL_RCC_GetSysClockFreq                  0x080048bd   Thumb Code    88  stm32f4xx_hal_rcc.o(i.HAL_RCC_GetSysClockFreq)
    HAL_RCC_OscConfig                        0x0800491d   Thumb Code  1192  stm32f4xx_hal_rcc.o(i.HAL_RCC_OscConfig)
    HAL_SYSTICK_Config                       0x08004dc5   Thumb Code    40  stm32f4xx_hal_cortex.o(i.HAL_SYSTICK_Config)
    HAL_TIMEx_BreakCallback                  0x08004ded   Thumb Code     2  stm32f4xx_hal_tim_ex.o(i.HAL_TIMEx_BreakCallback)
    HAL_TIMEx_CommutCallback                 0x08004def   Thumb Code     2  stm32f4xx_hal_tim_ex.o(i.HAL_TIMEx_CommutCallback)
    HAL_TIMEx_MasterConfigSynchronization    0x08004df1   Thumb Code   242  stm32f4xx_hal_tim_ex.o(i.HAL_TIMEx_MasterConfigSynchronization)
    HAL_TIM_Base_Init                        0x08004f41   Thumb Code   296  stm32f4xx_hal_tim.o(i.HAL_TIM_Base_Init)
    HAL_TIM_Base_MspInit                     0x080050d5   Thumb Code   162  tim.o(i.HAL_TIM_Base_MspInit)
    HAL_TIM_Base_Start                       0x0800518d   Thumb Code   190  stm32f4xx_hal_tim.o(i.HAL_TIM_Base_Start)
    HAL_TIM_Base_Stop                        0x080052b5   Thumb Code   138  stm32f4xx_hal_tim.o(i.HAL_TIM_Base_Stop)
    HAL_TIM_ConfigClockSource                0x080053ad   Thumb Code   930  stm32f4xx_hal_tim.o(i.HAL_TIM_ConfigClockSource)
    HAL_TIM_IC_CaptureCallback               0x080057bd   Thumb Code    84  tim.o(i.HAL_TIM_IC_CaptureCallback)
    HAL_TIM_IC_ConfigChannel                 0x0800581d   Thumb Code   594  stm32f4xx_hal_tim.o(i.HAL_TIM_IC_ConfigChannel)
    HAL_TIM_IC_Init                          0x08005ad5   Thumb Code   296  stm32f4xx_hal_tim.o(i.HAL_TIM_IC_Init)
    HAL_TIM_IC_MspInit                       0x08005c69   Thumb Code    86  tim.o(i.HAL_TIM_IC_MspInit)
    HAL_TIM_IC_Start_IT                      0x08005ccd   Thumb Code   450  stm32f4xx_hal_tim.o(i.HAL_TIM_IC_Start_IT)
    HAL_TIM_IC_Stop_IT                       0x08005ef5   Thumb Code   350  stm32f4xx_hal_tim.o(i.HAL_TIM_IC_Stop_IT)
    HAL_TIM_IRQHandler                       0x080060b9   Thumb Code   304  stm32f4xx_hal_tim.o(i.HAL_TIM_IRQHandler)
    HAL_TIM_OC_DelayElapsedCallback          0x080061e9   Thumb Code     2  stm32f4xx_hal_tim.o(i.HAL_TIM_OC_DelayElapsedCallback)
    HAL_TIM_PWM_PulseFinishedCallback        0x080061eb   Thumb Code     2  stm32f4xx_hal_tim.o(i.HAL_TIM_PWM_PulseFinishedCallback)
    HAL_TIM_PeriodElapsedCallback            0x080061ed   Thumb Code     2  stm32f4xx_hal_tim.o(i.HAL_TIM_PeriodElapsedCallback)
    HAL_TIM_ReadCapturedValue                0x080061f1   Thumb Code   254  stm32f4xx_hal_tim.o(i.HAL_TIM_ReadCapturedValue)
    HAL_TIM_SlaveConfigSynchro               0x08006355   Thumb Code   222  stm32f4xx_hal_tim.o(i.HAL_TIM_SlaveConfigSynchro)
    HAL_TIM_TriggerCallback                  0x08006489   Thumb Code     2  stm32f4xx_hal_tim.o(i.HAL_TIM_TriggerCallback)
    HAL_UARTEx_ReceiveToIdle_DMA             0x0800648b   Thumb Code    74  stm32f4xx_hal_uart.o(i.HAL_UARTEx_ReceiveToIdle_DMA)
    HAL_UARTEx_RxEventCallback               0x080064d5   Thumb Code    62  usart.o(i.HAL_UARTEx_RxEventCallback)
    HAL_UART_ErrorCallback                   0x08006521   Thumb Code     2  stm32f4xx_hal_uart.o(i.HAL_UART_ErrorCallback)
    HAL_UART_IRQHandler                      0x08006525   Thumb Code   636  stm32f4xx_hal_uart.o(i.HAL_UART_IRQHandler)
    HAL_UART_Init                            0x080067a5   Thumb Code   248  stm32f4xx_hal_uart.o(i.HAL_UART_Init)
    HAL_UART_MspInit                         0x080068f1   Thumb Code   282  usart.o(i.HAL_UART_MspInit)
    HAL_UART_Receive_IT                      0x08006a29   Thumb Code    28  stm32f4xx_hal_uart.o(i.HAL_UART_Receive_IT)
    HAL_UART_RxCpltCallback                  0x08006a45   Thumb Code    40  usart.o(i.HAL_UART_RxCpltCallback)
    HAL_UART_RxHalfCpltCallback              0x08006a79   Thumb Code     2  stm32f4xx_hal_uart.o(i.HAL_UART_RxHalfCpltCallback)
    HAL_UART_Transmit                        0x08006a7b   Thumb Code   160  stm32f4xx_hal_uart.o(i.HAL_UART_Transmit)
    HAL_UART_TxCpltCallback                  0x08006b1b   Thumb Code     2  stm32f4xx_hal_uart.o(i.HAL_UART_TxCpltCallback)
    HC161N_Init                              0x08006b1d   Thumb Code    58  ppl.o(i.HC161N_Init)
    HardFault_Handler                        0x08006b61   Thumb Code     2  stm32f4xx_it.o(i.HardFault_Handler)
    Lissajous_Graph_Display                  0x08006b65   Thumb Code   160  lissajous_graph.o(i.Lissajous_Graph_Display)
    Lissajous_Graph_Start                    0x08006c19   Thumb Code    30  lissajous_graph.o(i.Lissajous_Graph_Start)
    Lissajous_Graph_Stop                     0x08006c49   Thumb Code    24  lissajous_graph.o(i.Lissajous_Graph_Stop)
    Lissajous_Point_Config                   0x08006c6d   Thumb Code   102  lissajous_graph.o(i.Lissajous_Point_Config)
    MX_ADC1_Init                             0x08006ce5   Thumb Code   192  adc.o(i.MX_ADC1_Init)
    MX_ADC2_Init                             0x08006db1   Thumb Code    82  adc.o(i.MX_ADC2_Init)
    MX_ADC3_Init                             0x08006e0d   Thumb Code   102  adc.o(i.MX_ADC3_Init)
    MX_DAC_Init                              0x08006e7d   Thumb Code    66  dac.o(i.MX_DAC_Init)
    MX_DMA_Init                              0x08006ec9   Thumb Code   104  dma.o(i.MX_DMA_Init)
    MX_GPIO_Init                             0x08006f35   Thumb Code   402  gpio.o(i.MX_GPIO_Init)
    MX_TIM2_Init                             0x080070e9   Thumb Code    98  tim.o(i.MX_TIM2_Init)
    MX_TIM3_Init                             0x08007151   Thumb Code    94  tim.o(i.MX_TIM3_Init)
    MX_TIM4_Init                             0x080071b9   Thumb Code   196  tim.o(i.MX_TIM4_Init)
    MX_TIM5_Init                             0x08007285   Thumb Code    96  tim.o(i.MX_TIM5_Init)
    MX_TIM8_Init                             0x080072ed   Thumb Code    96  tim.o(i.MX_TIM8_Init)
    MX_USART1_UART_Init                      0x08007355   Thumb Code    54  usart.o(i.MX_USART1_UART_Init)
    MX_USART3_UART_Init                      0x08007399   Thumb Code    68  usart.o(i.MX_USART3_UART_Init)
    MeasureDuty                              0x080073e9   Thumb Code    96  duty_set.o(i.MeasureDuty)
    MeasureTHD                               0x08007479   Thumb Code   222  fft_hp_estimate.o(i.MeasureTHD)
    MemManage_Handler                        0x08007591   Thumb Code     2  stm32f4xx_it.o(i.MemManage_Handler)
    NMI_Handler                              0x08007593   Thumb Code     2  stm32f4xx_it.o(i.NMI_Handler)
    NotifyButton                             0x08007595   Thumb Code   190  serial_screen.o(i.NotifyButton)
    NotifyReadRTC                            0x08007669   Thumb Code     2  serial_screen.o(i.NotifyReadRTC)
    NotifyScreen                             0x0800766d   Thumb Code   236  serial_screen.o(i.NotifyScreen)
    NotifyText                               0x08007771   Thumb Code   182  serial_screen.o(i.NotifyText)
    PendSV_Handler                           0x0800783d   Thumb Code     2  stm32f4xx_it.o(i.PendSV_Handler)
    Phase_Detect                             0x08007841   Thumb Code   288  lissajous_graph.o(i.Phase_Detect)
    PlayMusic                                0x08007979   Thumb Code    56  hmi_driver.o(i.PlayMusic)
    ProcessMessage                           0x080079b1   Thumb Code   118  serial_screen.o(i.ProcessMessage)
    Record_ResetEvent                        0x08007a2d   Thumb Code   116  hmi_driver.o(i.Record_ResetEvent)
    Record_SetEvent                          0x08007aa1   Thumb Code   116  hmi_driver.o(i.Record_SetEvent)
    SVC_Handler                              0x08007b15   Thumb Code     2  stm32f4xx_it.o(i.SVC_Handler)
    SendChar                                 0x08007b19   Thumb Code    14  usart.o(i.SendChar)
    SendNU16                                 0x08007b2d   Thumb Code    40  hmi_driver.o(i.SendNU16)
    SendStrings                              0x08007b55   Thumb Code    22  hmi_driver.o(i.SendStrings)
    SetButtonValue                           0x08007b6b   Thumb Code    84  hmi_driver.o(i.SetButtonValue)
    SetDuty                                  0x08007bc1   Thumb Code   164  duty_set.o(i.SetDuty)
    SetPLLMultiply                           0x08007ca5   Thumb Code   100  ppl.o(i.SetPLLMultiply)
    SetTextFloat                             0x08007d1d   Thumb Code   136  hmi_driver.o(i.SetTextFloat)
    SetTextInt32                             0x08007da5   Thumb Code   138  hmi_driver.o(i.SetTextInt32)
    SetTextValue                             0x08007e2f   Thumb Code    84  hmi_driver.o(i.SetTextValue)
    Set_Prescaler                            0x08007e85   Thumb Code   540  ppl.o(i.Set_Prescaler)
    SysTick_Handler                          0x080080b1   Thumb Code     4  stm32f4xx_it.o(i.SysTick_Handler)
    SystemClock_Config                       0x080080b5   Thumb Code   140  main.o(i.SystemClock_Config)
    SystemInit                               0x08008149   Thumb Code    12  system_stm32f4xx.o(i.SystemInit)
    TIM4_IRQHandler                          0x08008159   Thumb Code     6  stm32f4xx_it.o(i.TIM4_IRQHandler)
    TIM_Base_SetConfig                       0x08008165   Thumb Code   164  stm32f4xx_hal_tim.o(i.TIM_Base_SetConfig)
    TIM_CCxChannelCmd                        0x08008235   Thumb Code   142  stm32f4xx_hal_tim.o(i.TIM_CCxChannelCmd)
    TIM_ETR_SetConfig                        0x08008329   Thumb Code    20  stm32f4xx_hal_tim.o(i.TIM_ETR_SetConfig)
    TIM_TI1_SetConfig                        0x08008649   Thumb Code   100  stm32f4xx_hal_tim.o(i.TIM_TI1_SetConfig)
    UART_Start_Receive_DMA                   0x08008aed   Thumb Code   146  stm32f4xx_hal_uart.o(i.UART_Start_Receive_DMA)
    UART_Start_Receive_IT                    0x08008b8d   Thumb Code    54  stm32f4xx_hal_uart.o(i.UART_Start_Receive_IT)
    USART1_IRQHandler                        0x08008c35   Thumb Code     6  stm32f4xx_it.o(i.USART1_IRQHandler)
    USART3_IRQHandler                        0x08008c41   Thumb Code     6  stm32f4xx_it.o(i.USART3_IRQHandler)
    UpdateUI                                 0x08008c4d   Thumb Code    60  serial_screen.o(i.UpdateUI)
    UsageFault_Handler                       0x08008c95   Thumb Code     2  stm32f4xx_it.o(i.UsageFault_Handler)
    __0printf                                0x08008c99   Thumb Code    22  printfa.o(i.__0printf)
    __1printf                                0x08008c99   Thumb Code     0  printfa.o(i.__0printf)
    __2printf                                0x08008c99   Thumb Code     0  printfa.o(i.__0printf)
    __c89printf                              0x08008c99   Thumb Code     0  printfa.o(i.__0printf)
    printf                                   0x08008c99   Thumb Code     0  printfa.o(i.__0printf)
    __0snprintf                              0x08008cb9   Thumb Code    48  printfa.o(i.__0snprintf)
    __1snprintf                              0x08008cb9   Thumb Code     0  printfa.o(i.__0snprintf)
    __2snprintf                              0x08008cb9   Thumb Code     0  printfa.o(i.__0snprintf)
    __c89snprintf                            0x08008cb9   Thumb Code     0  printfa.o(i.__0snprintf)
    snprintf                                 0x08008cb9   Thumb Code     0  printfa.o(i.__0snprintf)
    __hardfp_cosf                            0x08008d0d   Thumb Code   280  cosf.o(i.__hardfp_cosf)
    __hardfp_sqrtf                           0x08008e5d   Thumb Code    58  sqrtf.o(i.__hardfp_sqrtf)
    __mathlib_flt_infnan                     0x08008e97   Thumb Code     6  funder.o(i.__mathlib_flt_infnan)
    __mathlib_flt_invalid                    0x08008e9d   Thumb Code    10  funder.o(i.__mathlib_flt_invalid)
    __mathlib_rredf2                         0x08008ead   Thumb Code   316  rredf.o(i.__mathlib_rredf2)
    __scatterload_copy                       0x08009001   Thumb Code    14  handlers.o(i.__scatterload_copy)
    __scatterload_null                       0x0800900f   Thumb Code     2  handlers.o(i.__scatterload_null)
    __scatterload_zeroinit                   0x08009011   Thumb Code    14  handlers.o(i.__scatterload_zeroinit)
    __set_errno                              0x08009021   Thumb Code     6  errno.o(i.__set_errno)
    _is_digit                                0x080091b1   Thumb Code    14  scanf_fp.o(i._is_digit)
    adc_zero_bias                            0x080098dd   Thumb Code    92  fft_hp_estimate.o(i.adc_zero_bias)
    assert_failed                            0x08009941   Thumb Code     2  main.o(i.assert_failed)
    fft_tdh_hann                             0x08009945   Thumb Code   336  fft_hp_estimate.o(i.fft_tdh_hann)
    fputc                                    0x08009ab5   Thumb Code    20  usart.o(i.fputc)
    main                                     0x08009b65   Thumb Code   136  main.o(i.main)
    queue_find_cmd                           0x08009c0d   Thumb Code   110  cmd_queue.o(i.queue_find_cmd)
    queue_push                               0x08009c85   Thumb Code    26  cmd_queue.o(i.queue_push)
    AHBPrescTable                            0x08009cac   Data          16  system_stm32f4xx.o(.constdata)
    APBPrescTable                            0x08009cbc   Data           8  system_stm32f4xx.o(.constdata)
    __ctype_categories                       0x08009d00   Data          64  ctype_c.o(.constdata)
    armBitRevIndexTable1024                  0x08009d40   Data        3600  arm_common_tables.o(.rodata.armBitRevIndexTable1024)
    armBitRevIndexTable128                   0x0800ab50   Data         416  arm_common_tables.o(.rodata.armBitRevIndexTable128)
    armBitRevIndexTable16                    0x0800acf0   Data          40  arm_common_tables.o(.rodata.armBitRevIndexTable16)
    armBitRevIndexTable2048                  0x0800ad18   Data        7616  arm_common_tables.o(.rodata.armBitRevIndexTable2048)
    armBitRevIndexTable256                   0x0800cad8   Data         880  arm_common_tables.o(.rodata.armBitRevIndexTable256)
    armBitRevIndexTable32                    0x0800ce48   Data          96  arm_common_tables.o(.rodata.armBitRevIndexTable32)
    armBitRevIndexTable4096                  0x0800cea8   Data        8064  arm_common_tables.o(.rodata.armBitRevIndexTable4096)
    armBitRevIndexTable512                   0x0800ee28   Data         896  arm_common_tables.o(.rodata.armBitRevIndexTable512)
    armBitRevIndexTable64                    0x0800f1a8   Data         112  arm_common_tables.o(.rodata.armBitRevIndexTable64)
    arm_cfft_sR_f32_len1024                  0x0800f218   Data          16  arm_const_structs.o(.rodata.arm_cfft_sR_f32_len1024)
    arm_cfft_sR_f32_len128                   0x0800f228   Data          16  arm_const_structs.o(.rodata.arm_cfft_sR_f32_len128)
    arm_cfft_sR_f32_len16                    0x0800f238   Data          16  arm_const_structs.o(.rodata.arm_cfft_sR_f32_len16)
    arm_cfft_sR_f32_len2048                  0x0800f248   Data          16  arm_const_structs.o(.rodata.arm_cfft_sR_f32_len2048)
    arm_cfft_sR_f32_len256                   0x0800f258   Data          16  arm_const_structs.o(.rodata.arm_cfft_sR_f32_len256)
    arm_cfft_sR_f32_len32                    0x0800f268   Data          16  arm_const_structs.o(.rodata.arm_cfft_sR_f32_len32)
    arm_cfft_sR_f32_len4096                  0x0800f278   Data          16  arm_const_structs.o(.rodata.arm_cfft_sR_f32_len4096)
    arm_cfft_sR_f32_len512                   0x0800f288   Data          16  arm_const_structs.o(.rodata.arm_cfft_sR_f32_len512)
    arm_cfft_sR_f32_len64                    0x0800f298   Data          16  arm_const_structs.o(.rodata.arm_cfft_sR_f32_len64)
    twiddleCoef_1024                         0x0800f2a8   Data        8192  arm_common_tables.o(.rodata.twiddleCoef_1024)
    twiddleCoef_128                          0x080112a8   Data        1024  arm_common_tables.o(.rodata.twiddleCoef_128)
    twiddleCoef_16                           0x080116a8   Data         128  arm_common_tables.o(.rodata.twiddleCoef_16)
    twiddleCoef_2048                         0x08011728   Data       16384  arm_common_tables.o(.rodata.twiddleCoef_2048)
    twiddleCoef_256                          0x08015728   Data        2048  arm_common_tables.o(.rodata.twiddleCoef_256)
    twiddleCoef_32                           0x08015f28   Data         256  arm_common_tables.o(.rodata.twiddleCoef_32)
    twiddleCoef_4096                         0x08016028   Data       32768  arm_common_tables.o(.rodata.twiddleCoef_4096)
    twiddleCoef_512                          0x0801e028   Data        4096  arm_common_tables.o(.rodata.twiddleCoef_512)
    twiddleCoef_64                           0x0801f028   Data         512  arm_common_tables.o(.rodata.twiddleCoef_64)
    twiddleCoef_rfft_1024                    0x0801f228   Data        4096  arm_common_tables.o(.rodata.twiddleCoef_rfft_1024)
    twiddleCoef_rfft_128                     0x08020228   Data         512  arm_common_tables.o(.rodata.twiddleCoef_rfft_128)
    twiddleCoef_rfft_2048                    0x08020428   Data        8192  arm_common_tables.o(.rodata.twiddleCoef_rfft_2048)
    twiddleCoef_rfft_256                     0x08022428   Data        1024  arm_common_tables.o(.rodata.twiddleCoef_rfft_256)
    twiddleCoef_rfft_32                      0x08022828   Data         128  arm_common_tables.o(.rodata.twiddleCoef_rfft_32)
    twiddleCoef_rfft_4096                    0x080228a8   Data       16384  arm_common_tables.o(.rodata.twiddleCoef_rfft_4096)
    twiddleCoef_rfft_512                     0x080268a8   Data        2048  arm_common_tables.o(.rodata.twiddleCoef_rfft_512)
    twiddleCoef_rfft_64                      0x080270a8   Data         256  arm_common_tables.o(.rodata.twiddleCoef_rfft_64)
    Region$$Table$$Base                      0x080271a8   Number         0  anon$$obj.o(Region$$Table)
    Region$$Table$$Limit                     0x080271c8   Number         0  anon$$obj.o(Region$$Table)
    adc3_buffer                              0x20000000   Data        4096  adc.o(.bss)
    size                                     0x20001000   Data           2  main.o(.data)
    ADC3_BufferReadyFlag                     0x20001002   Data           1  adc.o(.data)
    head                                     0x20001003   Data           1  adc.o(.data)
    buf_ready_q                              0x20001004   Data           4  adc.o(.data)
    tail                                     0x20001008   Data           1  adc.o(.data)
    PWM_RisingCount                          0x2000100c   Data           2  tim.o(.data)
    PWM_FallingCount                         0x2000100e   Data           2  tim.o(.data)
    duty                                     0x20001010   Data           4  tim.o(.data)
    uart_rx_buffer                           0x20001014   Data           1  usart.o(.data)
    uwTickFreq                               0x20001018   Data           1  stm32f4xx_hal.o(.data)
    uwTickPrio                               0x2000101c   Data           4  stm32f4xx_hal.o(.data)
    uwTick                                   0x20001020   Data           4  stm32f4xx_hal.o(.data)
    SystemCoreClock                          0x20001024   Data           4  system_stm32f4xx.o(.data)
    timer_tick_count                         0x20001034   Data           4  serial_screen.o(.data)
    lissajous_graph_state                    0x2000103e   Data           2  lissajous_graph.o(.data)
    __stdout                                 0x20001044   Data           4  stdout.o(.data)
    adc_buf                                  0x2000104c   Data        1600  adc.o(.bss)
    hadc1                                    0x2000168c   Data          72  adc.o(.bss)
    hadc2                                    0x200016d4   Data          72  adc.o(.bss)
    hadc3                                    0x2000171c   Data          72  adc.o(.bss)
    hdma_adc1                                0x20001764   Data          96  adc.o(.bss)
    hdma_adc3                                0x200017c4   Data          96  adc.o(.bss)
    hdac                                     0x20001824   Data          20  dac.o(.bss)
    htim2                                    0x20001838   Data          72  tim.o(.bss)
    htim3                                    0x20001880   Data          72  tim.o(.bss)
    htim4                                    0x200018c8   Data          72  tim.o(.bss)
    htim5                                    0x20001910   Data          72  tim.o(.bss)
    htim8                                    0x20001958   Data          72  tim.o(.bss)
    rxBuf                                    0x200019a0   Data         256  usart.o(.bss)
    huart1                                   0x20001aa0   Data          72  usart.o(.bss)
    huart3                                   0x20001ae8   Data          72  usart.o(.bss)
    hdma_usart3_rx                           0x20001b30   Data          96  usart.o(.bss)
    hdma_usart3_tx                           0x20001b90   Data          96  usart.o(.bss)
    cmd_buffer                               0x20009c8c   Data          64  serial_screen.o(.bss)
    __initial_sp                             0x2000a0d0   Data           0  startup_stm32f407xx.o(STACK)



==============================================================================

Memory Map of the image

  Image Entry point : 0x08000189

  Load Region LR_IROM1 (Base: 0x08000000, Size: 0x00028214, Max: 0x00100000, ABSOLUTE, COMPRESSED[0x000271f4])

    Execution Region ER_IROM1 (Exec base: 0x08000000, Load base: 0x08000000, Size: 0x000271c8, Max: 0x00100000, ABSOLUTE)

    Exec Addr    Load Addr    Size         Type   Attr      Idx    E Section Name        Object

    0x08000000   0x08000000   0x00000188   Data   RO            3    RESET               startup_stm32f407xx.o
    0x08000188   0x08000188   0x00000000   Code   RO         5257  * .ARM.Collect$$$$00000000  mc_w.l(entry.o)
    0x08000188   0x08000188   0x00000004   Code   RO         5566    .ARM.Collect$$$$00000001  mc_w.l(entry2.o)
    0x0800018c   0x0800018c   0x00000004   Code   RO         5569    .ARM.Collect$$$$00000004  mc_w.l(entry5.o)
    0x08000190   0x08000190   0x00000000   Code   RO         5571    .ARM.Collect$$$$00000008  mc_w.l(entry7b.o)
    0x08000190   0x08000190   0x00000000   Code   RO         5573    .ARM.Collect$$$$0000000A  mc_w.l(entry8b.o)
    0x08000190   0x08000190   0x00000008   Code   RO         5574    .ARM.Collect$$$$0000000B  mc_w.l(entry9a.o)
    0x08000198   0x08000198   0x00000004   Code   RO         5581    .ARM.Collect$$$$0000000E  mc_w.l(entry12b.o)
    0x0800019c   0x0800019c   0x00000000   Code   RO         5576    .ARM.Collect$$$$0000000F  mc_w.l(entry10a.o)
    0x0800019c   0x0800019c   0x00000000   Code   RO         5578    .ARM.Collect$$$$00000011  mc_w.l(entry11a.o)
    0x0800019c   0x0800019c   0x00000004   Code   RO         5567    .ARM.Collect$$$$00002712  mc_w.l(entry2.o)
    0x080001a0   0x080001a0   0x00000024   Code   RO            4    .text               startup_stm32f407xx.o
    0x080001c4   0x080001c4   0x00000062   Code   RO         5260    .text               mc_w.l(uldiv.o)
    0x08000226   0x08000226   0x00000024   Code   RO         5262    .text               mc_w.l(memcpya.o)
    0x0800024a   0x0800024a   0x00000024   Code   RO         5264    .text               mc_w.l(memseta.o)
    0x0800026e   0x0800026e   0x00000002   PAD
    0x08000270   0x08000270   0x00000038   Code   RO         5529    .text               mc_w.l(__0sscanf.o)
    0x080002a8   0x080002a8   0x0000014c   Code   RO         5531    .text               mc_w.l(_scanf_int.o)
    0x080003f4   0x080003f4   0x00000360   Code   RO         5533    .text               mc_w.l(scanf_fp.o)
    0x08000754   0x08000754   0x000000e4   Code   RO         5537    .text               mf_w.l(dmul.o)
    0x08000838   0x08000838   0x000000de   Code   RO         5539    .text               mf_w.l(ddiv.o)
    0x08000916   0x08000916   0x0000001a   Code   RO         5541    .text               mf_w.l(dfltui.o)
    0x08000930   0x08000930   0x00000032   Code   RO         5543    .text               mf_w.l(dfixui.o)
    0x08000962   0x08000962   0x00000026   Code   RO         5545    .text               mf_w.l(f2d.o)
    0x08000988   0x08000988   0x00000038   Code   RO         5547    .text               mf_w.l(d2f.o)
    0x080009c0   0x080009c0   0x0000002c   Code   RO         5583    .text               mc_w.l(uidiv.o)
    0x080009ec   0x080009ec   0x0000001e   Code   RO         5585    .text               mc_w.l(llshl.o)
    0x08000a0a   0x08000a0a   0x00000020   Code   RO         5587    .text               mc_w.l(llushr.o)
    0x08000a2a   0x08000a2a   0x0000001c   Code   RO         5596    .text               mc_w.l(_chval.o)
    0x08000a46   0x08000a46   0x00000002   PAD
    0x08000a48   0x08000a48   0x00000028   Code   RO         5598    .text               mc_w.l(scanf_char.o)
    0x08000a70   0x08000a70   0x00000040   Code   RO         5600    .text               mc_w.l(_sgetc.o)
    0x08000ab0   0x08000ab0   0x00000000   Code   RO         5602    .text               mc_w.l(iusefp.o)
    0x08000ab0   0x08000ab0   0x0000006e   Code   RO         5603    .text               mf_w.l(fepilogue.o)
    0x08000b1e   0x08000b1e   0x000000ba   Code   RO         5605    .text               mf_w.l(depilogue.o)
    0x08000bd8   0x08000bd8   0x0000014e   Code   RO         5607    .text               mf_w.l(dadd.o)
    0x08000d26   0x08000d26   0x00000018   Code   RO         5609    .text               mf_w.l(dfltul.o)
    0x08000d3e   0x08000d3e   0x00000030   Code   RO         5611    .text               mf_w.l(dfixul.o)
    0x08000d6e   0x08000d6e   0x00000002   PAD
    0x08000d70   0x08000d70   0x00000030   Code   RO         5613    .text               mf_w.l(cdrcmple.o)
    0x08000da0   0x08000da0   0x00000024   Code   RO         5615    .text               mc_w.l(init.o)
    0x08000dc4   0x08000dc4   0x00000024   Code   RO         5617    .text               mc_w.l(llsshr.o)
    0x08000de8   0x08000de8   0x0000000a   Code   RO         5619    .text               mc_w.l(isspace_c.o)
    0x08000df2   0x08000df2   0x00000002   PAD
    0x08000df4   0x08000df4   0x00000330   Code   RO         5621    .text               mc_w.l(_scanf.o)
    0x08001124   0x08001124   0x00000028   Code   RO         5623    .text               mc_w.l(ctype_c.o)
    0x0800114c   0x0800114c   0x0000003a   Code   RO         5634    .text               mc_w.l(__dczerorl.o)
    0x08001186   0x08001186   0x00000002   PAD
    0x08001188   0x08001188   0x00000044   Code   RO         5138    .text.arm_bitreversal_32  arm_cortexM4lf_math.lib(arm_bitreversal2.o)
    0x080011cc   0x080011cc   0x000000e0   Code   RO         4997    .text.arm_cfft_f32  arm_cortexM4lf_math.lib(arm_cfft_f32.o)
    0x080012ac   0x080012ac   0x000000b4   Code   RO         5007    .text.arm_cfft_init_f32  arm_cortexM4lf_math.lib(arm_cfft_init_f32.o)
    0x08001360   0x08001360   0x00000198   Code   RO         4993    .text.arm_cfft_radix8by2_f32  arm_cortexM4lf_math.lib(arm_cfft_f32.o)
    0x080014f8   0x080014f8   0x000003fc   Code   RO         4995    .text.arm_cfft_radix8by4_f32  arm_cortexM4lf_math.lib(arm_cfft_f32.o)
    0x080018f4   0x080018f4   0x00000154   Code   RO         4934    .text.arm_cmplx_mag_f32  arm_cortexM4lf_math.lib(arm_cmplx_mag_f32.o)
    0x08001a48   0x08001a48   0x000000bc   Code   RO         4984    .text.arm_max_f32   arm_cortexM4lf_math.lib(arm_max_f32.o)
    0x08001b04   0x08001b04   0x000005b2   Code   RO         5150    .text.arm_radix8_butterfly_f32  arm_cortexM4lf_math.lib(arm_cfft_radix8_f32.o)
    0x080020b6   0x080020b6   0x0000002a   Code   RO         4964    .text.arm_rfft_1024_fast_init_f32  arm_cortexM4lf_math.lib(arm_rfft_fast_init_f32.o)
    0x080020e0   0x080020e0   0x00000026   Code   RO         4970    .text.arm_rfft_128_fast_init_f32  arm_cortexM4lf_math.lib(arm_rfft_fast_init_f32.o)
    0x08002106   0x08002106   0x0000002a   Code   RO         4962    .text.arm_rfft_2048_fast_init_f32  arm_cortexM4lf_math.lib(arm_rfft_fast_init_f32.o)
    0x08002130   0x08002130   0x00000028   Code   RO         4968    .text.arm_rfft_256_fast_init_f32  arm_cortexM4lf_math.lib(arm_rfft_fast_init_f32.o)
    0x08002158   0x08002158   0x00000026   Code   RO         4974    .text.arm_rfft_32_fast_init_f32  arm_cortexM4lf_math.lib(arm_rfft_fast_init_f32.o)
    0x0800217e   0x0800217e   0x0000002a   Code   RO         4960    .text.arm_rfft_4096_fast_init_f32  arm_cortexM4lf_math.lib(arm_rfft_fast_init_f32.o)
    0x080021a8   0x080021a8   0x0000002a   Code   RO         4966    .text.arm_rfft_512_fast_init_f32  arm_cortexM4lf_math.lib(arm_rfft_fast_init_f32.o)
    0x080021d2   0x080021d2   0x00000026   Code   RO         4972    .text.arm_rfft_64_fast_init_f32  arm_cortexM4lf_math.lib(arm_rfft_fast_init_f32.o)
    0x080021f8   0x080021f8   0x00000046   Code   RO         4948    .text.arm_rfft_fast_f32  arm_cortexM4lf_math.lib(arm_rfft_fast_f32.o)
    0x0800223e   0x0800223e   0x00000090   Code   RO         4958    .text.arm_rfft_fast_init_f32  arm_cortexM4lf_math.lib(arm_rfft_fast_init_f32.o)
    0x080022ce   0x080022ce   0x00000002   PAD
    0x080022d0   0x080022d0   0x000000b4   Code   RO         4946    .text.merge_rfft_f32  arm_cortexM4lf_math.lib(arm_rfft_fast_f32.o)
    0x08002384   0x08002384   0x000000b4   Code   RO         4944    .text.stage_rfft_f32  arm_cortexM4lf_math.lib(arm_rfft_fast_f32.o)
    0x08002438   0x08002438   0x000000bc   Code   RO         3810    i.AD9833_Config     bsp_ad9833.o
    0x080024f4   0x080024f4   0x00000044   Code   RO         3811    i.AD9833_GPIO_Init  bsp_ad9833.o
    0x08002538   0x08002538   0x00000012   Code   RO         3812    i.AD9833_Init       bsp_ad9833.o
    0x0800254a   0x0800254a   0x00000002   PAD
    0x0800254c   0x0800254c   0x0000009c   Code   RO         3814    i.AD9833_SPI_Write  bsp_ad9833.o
    0x080025e8   0x080025e8   0x00000024   Code   RO         3818    i.AD9833_SetRegisterValue  bsp_ad9833.o
    0x0800260c   0x0800260c   0x0000006e   Code   RO          751    i.ADC_DMAConvCplt   stm32f4xx_hal_adc.o
    0x0800267a   0x0800267a   0x00000016   Code   RO          752    i.ADC_DMAError      stm32f4xx_hal_adc.o
    0x08002690   0x08002690   0x0000000a   Code   RO          753    i.ADC_DMAHalfConvCplt  stm32f4xx_hal_adc.o
    0x0800269a   0x0800269a   0x00000002   PAD
    0x0800269c   0x0800269c   0x00000178   Code   RO          754    i.ADC_Init          stm32f4xx_hal_adc.o
    0x08002814   0x08002814   0x0000004c   Code   RO         4053    i.AnimationStart    hmi_driver.o
    0x08002860   0x08002860   0x00000002   Code   RO          609    i.BusFault_Handler  stm32f4xx_it.o
    0x08002862   0x08002862   0x00000002   PAD
    0x08002864   0x08002864   0x00000044   Code   RO         4887    i.CD4052_Init       ppl.o
    0x080028a8   0x080028a8   0x00000044   Code   RO         4888    i.CD4053_Init       ppl.o
    0x080028ec   0x080028ec   0x0000000c   Code   RO          610    i.DMA1_Stream1_IRQHandler  stm32f4xx_it.o
    0x080028f8   0x080028f8   0x0000000c   Code   RO          611    i.DMA1_Stream3_IRQHandler  stm32f4xx_it.o
    0x08002904   0x08002904   0x0000000c   Code   RO          612    i.DMA2_Stream0_IRQHandler  stm32f4xx_it.o
    0x08002910   0x08002910   0x0000000c   Code   RO          613    i.DMA2_Stream1_IRQHandler  stm32f4xx_it.o
    0x0800291c   0x0800291c   0x00000028   Code   RO         1503    i.DMA_CalcBaseAndBitshift  stm32f4xx_hal_dma.o
    0x08002944   0x08002944   0x00000054   Code   RO         1504    i.DMA_CheckFifoParam  stm32f4xx_hal_dma.o
    0x08002998   0x08002998   0x00000028   Code   RO         1505    i.DMA_SetConfig     stm32f4xx_hal_dma.o
    0x080029c0   0x080029c0   0x00000002   Code   RO          614    i.DebugMon_Handler  stm32f4xx_it.o
    0x080029c2   0x080029c2   0x00000004   Code   RO           47    i.Error_Handler     main.o
    0x080029c6   0x080029c6   0x0000002a   Code   RO         4083    i.GUI_CleanScreen   hmi_driver.o
    0x080029f0   0x080029f0   0x00000044   Code   RO         4084    i.GUI_ConDots       hmi_driver.o
    0x08002a34   0x08002a34   0x0000004c   Code   RO         4095    i.GetControlValue   hmi_driver.o
    0x08002a80   0x08002a80   0x00000358   Code   RO          924    i.HAL_ADCEx_InjectedConfigChannel  stm32f4xx_hal_adc_ex.o
    0x08002dd8   0x08002dd8   0x00000158   Code   RO          932    i.HAL_ADCEx_MultiModeConfigChannel  stm32f4xx_hal_adc_ex.o
    0x08002f30   0x08002f30   0x000001d4   Code   RO          756    i.HAL_ADC_ConfigChannel  stm32f4xx_hal_adc.o
    0x08003104   0x08003104   0x00000034   Code   RO          291    i.HAL_ADC_ConvCpltCallback  adc.o
    0x08003138   0x08003138   0x00000028   Code   RO          292    i.HAL_ADC_ConvHalfCpltCallback  adc.o
    0x08003160   0x08003160   0x00000002   Code   RO          760    i.HAL_ADC_ErrorCallback  stm32f4xx_hal_adc.o
    0x08003162   0x08003162   0x00000002   PAD
    0x08003164   0x08003164   0x00000220   Code   RO          765    i.HAL_ADC_Init      stm32f4xx_hal_adc.o
    0x08003384   0x08003384   0x00000144   Code   RO          294    i.HAL_ADC_MspInit   adc.o
    0x080034c8   0x080034c8   0x000001c8   Code   RO          772    i.HAL_ADC_Start_DMA  stm32f4xx_hal_adc.o
    0x08003690   0x08003690   0x000000d0   Code   RO          775    i.HAL_ADC_Stop_DMA  stm32f4xx_hal_adc.o
    0x08003760   0x08003760   0x000000e0   Code   RO         2197    i.HAL_DAC_ConfigChannel  stm32f4xx_hal_dac.o
    0x08003840   0x08003840   0x00000078   Code   RO         2207    i.HAL_DAC_Init      stm32f4xx_hal_dac.o
    0x080038b8   0x080038b8   0x00000060   Code   RO          362    i.HAL_DAC_MspInit   dac.o
    0x08003918   0x08003918   0x0000009c   Code   RO         2210    i.HAL_DAC_SetValue  stm32f4xx_hal_dac.o
    0x080039b4   0x080039b4   0x000000ac   Code   RO         2211    i.HAL_DAC_Start     stm32f4xx_hal_dac.o
    0x08003a60   0x08003a60   0x00000092   Code   RO         1506    i.HAL_DMA_Abort     stm32f4xx_hal_dma.o
    0x08003af2   0x08003af2   0x00000024   Code   RO         1507    i.HAL_DMA_Abort_IT  stm32f4xx_hal_dma.o
    0x08003b16   0x08003b16   0x00000002   PAD
    0x08003b18   0x08003b18   0x000001a0   Code   RO         1511    i.HAL_DMA_IRQHandler  stm32f4xx_hal_dma.o
    0x08003cb8   0x08003cb8   0x000002e0   Code   RO         1512    i.HAL_DMA_Init      stm32f4xx_hal_dma.o
    0x08003f98   0x08003f98   0x000000c8   Code   RO         1516    i.HAL_DMA_Start_IT  stm32f4xx_hal_dma.o
    0x08004060   0x08004060   0x00000024   Code   RO         1943    i.HAL_Delay         stm32f4xx_hal.o
    0x08004084   0x08004084   0x000002fc   Code   RO         1399    i.HAL_GPIO_Init     stm32f4xx_hal_gpio.o
    0x08004380   0x08004380   0x0000006c   Code   RO         1403    i.HAL_GPIO_WritePin  stm32f4xx_hal_gpio.o
    0x080043ec   0x080043ec   0x0000000c   Code   RO         1949    i.HAL_GetTick       stm32f4xx_hal.o
    0x080043f8   0x080043f8   0x00000010   Code   RO         1955    i.HAL_IncTick       stm32f4xx_hal.o
    0x08004408   0x08004408   0x00000034   Code   RO         1956    i.HAL_Init          stm32f4xx_hal.o
    0x0800443c   0x0800443c   0x00000040   Code   RO         1957    i.HAL_InitTick      stm32f4xx_hal.o
    0x0800447c   0x0800447c   0x00000030   Code   RO          727    i.HAL_MspInit       stm32f4xx_hal_msp.o
    0x080044ac   0x080044ac   0x00000064   Code   RO         1791    i.HAL_NVIC_EnableIRQ  stm32f4xx_hal_cortex.o
    0x08004510   0x08004510   0x000000a0   Code   RO         1797    i.HAL_NVIC_SetPriority  stm32f4xx_hal_cortex.o
    0x080045b0   0x080045b0   0x00000080   Code   RO         1798    i.HAL_NVIC_SetPriorityGrouping  stm32f4xx_hal_cortex.o
    0x08004630   0x08004630   0x0000024c   Code   RO         1030    i.HAL_RCC_ClockConfig  stm32f4xx_hal_rcc.o
    0x0800487c   0x0800487c   0x00000020   Code   RO         1037    i.HAL_RCC_GetPCLK1Freq  stm32f4xx_hal_rcc.o
    0x0800489c   0x0800489c   0x00000020   Code   RO         1038    i.HAL_RCC_GetPCLK2Freq  stm32f4xx_hal_rcc.o
    0x080048bc   0x080048bc   0x00000060   Code   RO         1039    i.HAL_RCC_GetSysClockFreq  stm32f4xx_hal_rcc.o
    0x0800491c   0x0800491c   0x000004a8   Code   RO         1042    i.HAL_RCC_OscConfig  stm32f4xx_hal_rcc.o
    0x08004dc4   0x08004dc4   0x00000028   Code   RO         1802    i.HAL_SYSTICK_Config  stm32f4xx_hal_cortex.o
    0x08004dec   0x08004dec   0x00000002   Code   RO         3141    i.HAL_TIMEx_BreakCallback  stm32f4xx_hal_tim_ex.o
    0x08004dee   0x08004dee   0x00000002   Code   RO         3142    i.HAL_TIMEx_CommutCallback  stm32f4xx_hal_tim_ex.o
    0x08004df0   0x08004df0   0x00000150   Code   RO         3160    i.HAL_TIMEx_MasterConfigSynchronization  stm32f4xx_hal_tim_ex.o
    0x08004f40   0x08004f40   0x00000194   Code   RO         2436    i.HAL_TIM_Base_Init  stm32f4xx_hal_tim.o
    0x080050d4   0x080050d4   0x000000b8   Code   RO          428    i.HAL_TIM_Base_MspInit  tim.o
    0x0800518c   0x0800518c   0x00000128   Code   RO         2439    i.HAL_TIM_Base_Start  stm32f4xx_hal_tim.o
    0x080052b4   0x080052b4   0x000000f8   Code   RO         2442    i.HAL_TIM_Base_Stop  stm32f4xx_hal_tim.o
    0x080053ac   0x080053ac   0x00000410   Code   RO         2445    i.HAL_TIM_ConfigClockSource  stm32f4xx_hal_tim.o
    0x080057bc   0x080057bc   0x00000060   Code   RO          429    i.HAL_TIM_IC_CaptureCallback  tim.o
    0x0800581c   0x0800581c   0x000002b8   Code   RO         2472    i.HAL_TIM_IC_ConfigChannel  stm32f4xx_hal_tim.o
    0x08005ad4   0x08005ad4   0x00000194   Code   RO         2475    i.HAL_TIM_IC_Init   stm32f4xx_hal_tim.o
    0x08005c68   0x08005c68   0x00000064   Code   RO          431    i.HAL_TIM_IC_MspInit  tim.o
    0x08005ccc   0x08005ccc   0x00000228   Code   RO         2480    i.HAL_TIM_IC_Start_IT  stm32f4xx_hal_tim.o
    0x08005ef4   0x08005ef4   0x000001c4   Code   RO         2483    i.HAL_TIM_IC_Stop_IT  stm32f4xx_hal_tim.o
    0x080060b8   0x080060b8   0x00000130   Code   RO         2484    i.HAL_TIM_IRQHandler  stm32f4xx_hal_tim.o
    0x080061e8   0x080061e8   0x00000002   Code   RO         2487    i.HAL_TIM_OC_DelayElapsedCallback  stm32f4xx_hal_tim.o
    0x080061ea   0x080061ea   0x00000002   Code   RO         2514    i.HAL_TIM_PWM_PulseFinishedCallback  stm32f4xx_hal_tim.o
    0x080061ec   0x080061ec   0x00000002   Code   RO         2522    i.HAL_TIM_PeriodElapsedCallback  stm32f4xx_hal_tim.o
    0x080061ee   0x080061ee   0x00000002   PAD
    0x080061f0   0x080061f0   0x00000164   Code   RO         2524    i.HAL_TIM_ReadCapturedValue  stm32f4xx_hal_tim.o
    0x08006354   0x08006354   0x00000134   Code   RO         2525    i.HAL_TIM_SlaveConfigSynchro  stm32f4xx_hal_tim.o
    0x08006488   0x08006488   0x00000002   Code   RO         2527    i.HAL_TIM_TriggerCallback  stm32f4xx_hal_tim.o
    0x0800648a   0x0800648a   0x0000004a   Code   RO         3418    i.HAL_UARTEx_ReceiveToIdle_DMA  stm32f4xx_hal_uart.o
    0x080064d4   0x080064d4   0x0000004c   Code   RO          512    i.HAL_UARTEx_RxEventCallback  usart.o
    0x08006520   0x08006520   0x00000002   Code   RO         3434    i.HAL_UART_ErrorCallback  stm32f4xx_hal_uart.o
    0x08006522   0x08006522   0x00000002   PAD
    0x08006524   0x08006524   0x00000280   Code   RO         3437    i.HAL_UART_IRQHandler  stm32f4xx_hal_uart.o
    0x080067a4   0x080067a4   0x0000014c   Code   RO         3438    i.HAL_UART_Init     stm32f4xx_hal_uart.o
    0x080068f0   0x080068f0   0x00000138   Code   RO          514    i.HAL_UART_MspInit  usart.o
    0x08006a28   0x08006a28   0x0000001c   Code   RO         3443    i.HAL_UART_Receive_IT  stm32f4xx_hal_uart.o
    0x08006a44   0x08006a44   0x00000034   Code   RO          515    i.HAL_UART_RxCpltCallback  usart.o
    0x08006a78   0x08006a78   0x00000002   Code   RO         3445    i.HAL_UART_RxHalfCpltCallback  stm32f4xx_hal_uart.o
    0x08006a7a   0x08006a7a   0x000000a0   Code   RO         3446    i.HAL_UART_Transmit  stm32f4xx_hal_uart.o
    0x08006b1a   0x08006b1a   0x00000002   Code   RO         3449    i.HAL_UART_TxCpltCallback  stm32f4xx_hal_uart.o
    0x08006b1c   0x08006b1c   0x00000044   Code   RO         4889    i.HC161N_Init       ppl.o
    0x08006b60   0x08006b60   0x00000002   Code   RO          615    i.HardFault_Handler  stm32f4xx_it.o
    0x08006b62   0x08006b62   0x00000002   PAD
    0x08006b64   0x08006b64   0x000000b4   Code   RO         4831    i.Lissajous_Graph_Display  lissajous_graph.o
    0x08006c18   0x08006c18   0x00000030   Code   RO         4832    i.Lissajous_Graph_Start  lissajous_graph.o
    0x08006c48   0x08006c48   0x00000024   Code   RO         4833    i.Lissajous_Graph_Stop  lissajous_graph.o
    0x08006c6c   0x08006c6c   0x00000078   Code   RO         4834    i.Lissajous_Point_Config  lissajous_graph.o
    0x08006ce4   0x08006ce4   0x000000cc   Code   RO          295    i.MX_ADC1_Init      adc.o
    0x08006db0   0x08006db0   0x0000005c   Code   RO          296    i.MX_ADC2_Init      adc.o
    0x08006e0c   0x08006e0c   0x00000070   Code   RO          297    i.MX_ADC3_Init      adc.o
    0x08006e7c   0x08006e7c   0x0000004c   Code   RO          363    i.MX_DAC_Init       dac.o
    0x08006ec8   0x08006ec8   0x0000006c   Code   RO          403    i.MX_DMA_Init       dma.o
    0x08006f34   0x08006f34   0x000001b4   Code   RO          267    i.MX_GPIO_Init      gpio.o
    0x080070e8   0x080070e8   0x00000068   Code   RO          432    i.MX_TIM2_Init      tim.o
    0x08007150   0x08007150   0x00000068   Code   RO          433    i.MX_TIM3_Init      tim.o
    0x080071b8   0x080071b8   0x000000cc   Code   RO          434    i.MX_TIM4_Init      tim.o
    0x08007284   0x08007284   0x00000068   Code   RO          435    i.MX_TIM5_Init      tim.o
    0x080072ec   0x080072ec   0x00000068   Code   RO          436    i.MX_TIM8_Init      tim.o
    0x08007354   0x08007354   0x00000044   Code   RO          516    i.MX_USART1_UART_Init  usart.o
    0x08007398   0x08007398   0x00000050   Code   RO          517    i.MX_USART3_UART_Init  usart.o
    0x080073e8   0x080073e8   0x00000090   Code   RO         4800    i.MeasureDuty       duty_set.o
    0x08007478   0x08007478   0x00000118   Code   RO         3899    i.MeasureTHD        fft_hp_estimate.o
    0x08007590   0x08007590   0x00000002   Code   RO          616    i.MemManage_Handler  stm32f4xx_it.o
    0x08007592   0x08007592   0x00000002   Code   RO          617    i.NMI_Handler       stm32f4xx_it.o
    0x08007594   0x08007594   0x000000d4   Code   RO         4688    i.NotifyButton      serial_screen.o
    0x08007668   0x08007668   0x00000002   Code   RO         4693    i.NotifyReadRTC     serial_screen.o
    0x0800766a   0x0800766a   0x00000002   PAD
    0x0800766c   0x0800766c   0x00000104   Code   RO         4694    i.NotifyScreen      serial_screen.o
    0x08007770   0x08007770   0x000000cc   Code   RO         4697    i.NotifyText        serial_screen.o
    0x0800783c   0x0800783c   0x00000002   Code   RO          618    i.PendSV_Handler    stm32f4xx_it.o
    0x0800783e   0x0800783e   0x00000002   PAD
    0x08007840   0x08007840   0x00000138   Code   RO         4835    i.Phase_Detect      lissajous_graph.o
    0x08007978   0x08007978   0x00000038   Code   RO         4105    i.PlayMusic         hmi_driver.o
    0x080079b0   0x080079b0   0x0000007c   Code   RO         4701    i.ProcessMessage    serial_screen.o
    0x08007a2c   0x08007a2c   0x00000074   Code   RO         4111    i.Record_ResetEvent  hmi_driver.o
    0x08007aa0   0x08007aa0   0x00000074   Code   RO         4112    i.Record_SetEvent   hmi_driver.o
    0x08007b14   0x08007b14   0x00000002   Code   RO          619    i.SVC_Handler       stm32f4xx_it.o
    0x08007b16   0x08007b16   0x00000002   PAD
    0x08007b18   0x08007b18   0x00000014   Code   RO          518    i.SendChar          usart.o
    0x08007b2c   0x08007b2c   0x00000028   Code   RO         4115    i.SendNU16          hmi_driver.o
    0x08007b54   0x08007b54   0x00000016   Code   RO         4117    i.SendStrings       hmi_driver.o
    0x08007b6a   0x08007b6a   0x00000054   Code   RO         4120    i.SetButtonValue    hmi_driver.o
    0x08007bbe   0x08007bbe   0x00000002   PAD
    0x08007bc0   0x08007bc0   0x000000e4   Code   RO         4801    i.SetDuty           duty_set.o
    0x08007ca4   0x08007ca4   0x00000078   Code   RO         4890    i.SetPLLMultiply    ppl.o
    0x08007d1c   0x08007d1c   0x00000088   Code   RO         4139    i.SetTextFloat      hmi_driver.o
    0x08007da4   0x08007da4   0x0000008a   Code   RO         4140    i.SetTextInt32      hmi_driver.o
    0x08007e2e   0x08007e2e   0x00000054   Code   RO         4142    i.SetTextValue      hmi_driver.o
    0x08007e82   0x08007e82   0x00000002   PAD
    0x08007e84   0x08007e84   0x0000022c   Code   RO         4891    i.Set_Prescaler     ppl.o
    0x080080b0   0x080080b0   0x00000004   Code   RO          620    i.SysTick_Handler   stm32f4xx_it.o
    0x080080b4   0x080080b4   0x00000094   Code   RO           49    i.SystemClock_Config  main.o
    0x08008148   0x08008148   0x00000010   Code   RO         3772    i.SystemInit        system_stm32f4xx.o
    0x08008158   0x08008158   0x0000000c   Code   RO          621    i.TIM4_IRQHandler   stm32f4xx_it.o
    0x08008164   0x08008164   0x000000d0   Code   RO         2529    i.TIM_Base_SetConfig  stm32f4xx_hal_tim.o
    0x08008234   0x08008234   0x000000f4   Code   RO         2530    i.TIM_CCxChannelCmd  stm32f4xx_hal_tim.o
    0x08008328   0x08008328   0x00000014   Code   RO         2540    i.TIM_ETR_SetConfig  stm32f4xx_hal_tim.o
    0x0800833c   0x0800833c   0x00000010   Code   RO         2541    i.TIM_ITRx_SetConfig  stm32f4xx_hal_tim.o
    0x0800834c   0x0800834c   0x000002d8   Code   RO         2546    i.TIM_SlaveTimer_SetConfig  stm32f4xx_hal_tim.o
    0x08008624   0x08008624   0x00000022   Code   RO         2547    i.TIM_TI1_ConfigInputStage  stm32f4xx_hal_tim.o
    0x08008646   0x08008646   0x00000002   PAD
    0x08008648   0x08008648   0x00000080   Code   RO         2548    i.TIM_TI1_SetConfig  stm32f4xx_hal_tim.o
    0x080086c8   0x080086c8   0x00000024   Code   RO         2549    i.TIM_TI2_ConfigInputStage  stm32f4xx_hal_tim.o
    0x080086ec   0x080086ec   0x00000036   Code   RO         2550    i.TIM_TI2_SetConfig  stm32f4xx_hal_tim.o
    0x08008722   0x08008722   0x0000000e   Code   RO         3451    i.UART_DMAAbortOnError  stm32f4xx_hal_uart.o
    0x08008730   0x08008730   0x0000004a   Code   RO         3452    i.UART_DMAError     stm32f4xx_hal_uart.o
    0x0800877a   0x0800877a   0x00000086   Code   RO         3453    i.UART_DMAReceiveCplt  stm32f4xx_hal_uart.o
    0x08008800   0x08008800   0x0000001e   Code   RO         3455    i.UART_DMARxHalfCplt  stm32f4xx_hal_uart.o
    0x0800881e   0x0800881e   0x0000004e   Code   RO         3461    i.UART_EndRxTransfer  stm32f4xx_hal_uart.o
    0x0800886c   0x0800886c   0x0000001c   Code   RO         3462    i.UART_EndTxTransfer  stm32f4xx_hal_uart.o
    0x08008888   0x08008888   0x000000c2   Code   RO         3463    i.UART_Receive_IT   stm32f4xx_hal_uart.o
    0x0800894a   0x0800894a   0x00000002   PAD
    0x0800894c   0x0800894c   0x000001a0   Code   RO         3464    i.UART_SetConfig    stm32f4xx_hal_uart.o
    0x08008aec   0x08008aec   0x000000a0   Code   RO         3465    i.UART_Start_Receive_DMA  stm32f4xx_hal_uart.o
    0x08008b8c   0x08008b8c   0x00000036   Code   RO         3466    i.UART_Start_Receive_IT  stm32f4xx_hal_uart.o
    0x08008bc2   0x08008bc2   0x00000072   Code   RO         3467    i.UART_WaitOnFlagUntilTimeout  stm32f4xx_hal_uart.o
    0x08008c34   0x08008c34   0x0000000c   Code   RO          622    i.USART1_IRQHandler  stm32f4xx_it.o
    0x08008c40   0x08008c40   0x0000000c   Code   RO          623    i.USART3_IRQHandler  stm32f4xx_it.o
    0x08008c4c   0x08008c4c   0x00000048   Code   RO         4702    i.UpdateUI          serial_screen.o
    0x08008c94   0x08008c94   0x00000002   Code   RO          624    i.UsageFault_Handler  stm32f4xx_it.o
    0x08008c96   0x08008c96   0x00000002   PAD
    0x08008c98   0x08008c98   0x00000020   Code   RO         5501    i.__0printf         mc_w.l(printfa.o)
    0x08008cb8   0x08008cb8   0x00000034   Code   RO         5502    i.__0snprintf       mc_w.l(printfa.o)
    0x08008cec   0x08008cec   0x00000020   Code   RO         1804    i.__NVIC_SetPriority  stm32f4xx_hal_cortex.o
    0x08008d0c   0x08008d0c   0x00000150   Code   RO         5233    i.__hardfp_cosf     m_wm.l(cosf.o)
    0x08008e5c   0x08008e5c   0x0000003a   Code   RO         5245    i.__hardfp_sqrtf    m_wm.l(sqrtf.o)
    0x08008e96   0x08008e96   0x00000006   Code   RO         5550    i.__mathlib_flt_infnan  m_wm.l(funder.o)
    0x08008e9c   0x08008e9c   0x00000010   Code   RO         5552    i.__mathlib_flt_invalid  m_wm.l(funder.o)
    0x08008eac   0x08008eac   0x00000154   Code   RO         5563    i.__mathlib_rredf2  m_wm.l(rredf.o)
    0x08009000   0x08009000   0x0000000e   Code   RO         5628    i.__scatterload_copy  mc_w.l(handlers.o)
    0x0800900e   0x0800900e   0x00000002   Code   RO         5629    i.__scatterload_null  mc_w.l(handlers.o)
    0x08009010   0x08009010   0x0000000e   Code   RO         5630    i.__scatterload_zeroinit  mc_w.l(handlers.o)
    0x0800901e   0x0800901e   0x00000002   PAD
    0x08009020   0x08009020   0x0000000c   Code   RO         5591    i.__set_errno       mc_w.l(errno.o)
    0x0800902c   0x0800902c   0x00000184   Code   RO         5508    i._fp_digits        mc_w.l(printfa.o)
    0x080091b0   0x080091b0   0x0000000e   Code   RO         5535    i._is_digit         mc_w.l(scanf_fp.o)
    0x080091be   0x080091be   0x00000002   PAD
    0x080091c0   0x080091c0   0x000006b4   Code   RO         5509    i._printf_core      mc_w.l(printfa.o)
    0x08009874   0x08009874   0x00000024   Code   RO         5510    i._printf_post_padding  mc_w.l(printfa.o)
    0x08009898   0x08009898   0x0000002e   Code   RO         5511    i._printf_pre_padding  mc_w.l(printfa.o)
    0x080098c6   0x080098c6   0x00000016   Code   RO         5512    i._snputc           mc_w.l(printfa.o)
    0x080098dc   0x080098dc   0x00000064   Code   RO         3900    i.adc_zero_bias     fft_hp_estimate.o
    0x08009940   0x08009940   0x00000002   Code   RO           50    i.assert_failed     main.o
    0x08009942   0x08009942   0x00000002   PAD
    0x08009944   0x08009944   0x00000170   Code   RO         3901    i.fft_tdh_hann      fft_hp_estimate.o
    0x08009ab4   0x08009ab4   0x00000018   Code   RO          521    i.fputc             usart.o
    0x08009acc   0x08009acc   0x00000098   Code   RO         3904    i.init_hann_fft     fft_hp_estimate.o
    0x08009b64   0x08009b64   0x000000a8   Code   RO           51    i.main              main.o
    0x08009c0c   0x08009c0c   0x00000078   Code   RO         4004    i.queue_find_cmd    cmd_queue.o
    0x08009c84   0x08009c84   0x00000020   Code   RO         4005    i.queue_push        cmd_queue.o
    0x08009ca4   0x08009ca4   0x00000008   Data   RO         1518    .constdata          stm32f4xx_hal_dma.o
    0x08009cac   0x08009cac   0x00000010   Data   RO         3773    .constdata          system_stm32f4xx.o
    0x08009cbc   0x08009cbc   0x00000008   Data   RO         3774    .constdata          system_stm32f4xx.o
    0x08009cc4   0x08009cc4   0x00000005   Data   RO         3821    .constdata          bsp_ad9833.o
    0x08009cc9   0x08009cc9   0x00000003   PAD
    0x08009ccc   0x08009ccc   0x00000013   Data   RO         4704    .constdata          serial_screen.o
    0x08009cdf   0x08009cdf   0x00000001   PAD
    0x08009ce0   0x08009ce0   0x00000020   Data   RO         5564    .constdata          m_wm.l(rredf.o)
    0x08009d00   0x08009d00   0x00000040   Data   RO         5624    .constdata          mc_w.l(ctype_c.o)
    0x08009d40   0x08009d40   0x00000e10   Data   RO         5068    .rodata.armBitRevIndexTable1024  arm_cortexM4lf_math.lib(arm_common_tables.o)
    0x0800ab50   0x0800ab50   0x000001a0   Data   RO         5065    .rodata.armBitRevIndexTable128  arm_cortexM4lf_math.lib(arm_common_tables.o)
    0x0800acf0   0x0800acf0   0x00000028   Data   RO         5062    .rodata.armBitRevIndexTable16  arm_cortexM4lf_math.lib(arm_common_tables.o)
    0x0800ad18   0x0800ad18   0x00001dc0   Data   RO         5069    .rodata.armBitRevIndexTable2048  arm_cortexM4lf_math.lib(arm_common_tables.o)
    0x0800cad8   0x0800cad8   0x00000370   Data   RO         5066    .rodata.armBitRevIndexTable256  arm_cortexM4lf_math.lib(arm_common_tables.o)
    0x0800ce48   0x0800ce48   0x00000060   Data   RO         5063    .rodata.armBitRevIndexTable32  arm_cortexM4lf_math.lib(arm_common_tables.o)
    0x0800cea8   0x0800cea8   0x00001f80   Data   RO         5070    .rodata.armBitRevIndexTable4096  arm_cortexM4lf_math.lib(arm_common_tables.o)
    0x0800ee28   0x0800ee28   0x00000380   Data   RO         5067    .rodata.armBitRevIndexTable512  arm_cortexM4lf_math.lib(arm_common_tables.o)
    0x0800f1a8   0x0800f1a8   0x00000070   Data   RO         5064    .rodata.armBitRevIndexTable64  arm_cortexM4lf_math.lib(arm_common_tables.o)
    0x0800f218   0x0800f218   0x00000010   Data   RO         5174    .rodata.arm_cfft_sR_f32_len1024  arm_cortexM4lf_math.lib(arm_const_structs.o)
    0x0800f228   0x0800f228   0x00000010   Data   RO         5171    .rodata.arm_cfft_sR_f32_len128  arm_cortexM4lf_math.lib(arm_const_structs.o)
    0x0800f238   0x0800f238   0x00000010   Data   RO         5168    .rodata.arm_cfft_sR_f32_len16  arm_cortexM4lf_math.lib(arm_const_structs.o)
    0x0800f248   0x0800f248   0x00000010   Data   RO         5175    .rodata.arm_cfft_sR_f32_len2048  arm_cortexM4lf_math.lib(arm_const_structs.o)
    0x0800f258   0x0800f258   0x00000010   Data   RO         5172    .rodata.arm_cfft_sR_f32_len256  arm_cortexM4lf_math.lib(arm_const_structs.o)
    0x0800f268   0x0800f268   0x00000010   Data   RO         5169    .rodata.arm_cfft_sR_f32_len32  arm_cortexM4lf_math.lib(arm_const_structs.o)
    0x0800f278   0x0800f278   0x00000010   Data   RO         5176    .rodata.arm_cfft_sR_f32_len4096  arm_cortexM4lf_math.lib(arm_const_structs.o)
    0x0800f288   0x0800f288   0x00000010   Data   RO         5173    .rodata.arm_cfft_sR_f32_len512  arm_cortexM4lf_math.lib(arm_const_structs.o)
    0x0800f298   0x0800f298   0x00000010   Data   RO         5170    .rodata.arm_cfft_sR_f32_len64  arm_cortexM4lf_math.lib(arm_const_structs.o)
    0x0800f2a8   0x0800f2a8   0x00002000   Data   RO         5032    .rodata.twiddleCoef_1024  arm_cortexM4lf_math.lib(arm_common_tables.o)
    0x080112a8   0x080112a8   0x00000400   Data   RO         5029    .rodata.twiddleCoef_128  arm_cortexM4lf_math.lib(arm_common_tables.o)
    0x080116a8   0x080116a8   0x00000080   Data   RO         5026    .rodata.twiddleCoef_16  arm_cortexM4lf_math.lib(arm_common_tables.o)
    0x08011728   0x08011728   0x00004000   Data   RO         5033    .rodata.twiddleCoef_2048  arm_cortexM4lf_math.lib(arm_common_tables.o)
    0x08015728   0x08015728   0x00000800   Data   RO         5030    .rodata.twiddleCoef_256  arm_cortexM4lf_math.lib(arm_common_tables.o)
    0x08015f28   0x08015f28   0x00000100   Data   RO         5027    .rodata.twiddleCoef_32  arm_cortexM4lf_math.lib(arm_common_tables.o)
    0x08016028   0x08016028   0x00008000   Data   RO         5034    .rodata.twiddleCoef_4096  arm_cortexM4lf_math.lib(arm_common_tables.o)
    0x0801e028   0x0801e028   0x00001000   Data   RO         5031    .rodata.twiddleCoef_512  arm_cortexM4lf_math.lib(arm_common_tables.o)
    0x0801f028   0x0801f028   0x00000200   Data   RO         5028    .rodata.twiddleCoef_64  arm_cortexM4lf_math.lib(arm_common_tables.o)
    0x0801f228   0x0801f228   0x00001000   Data   RO         5093    .rodata.twiddleCoef_rfft_1024  arm_cortexM4lf_math.lib(arm_common_tables.o)
    0x08020228   0x08020228   0x00000200   Data   RO         5090    .rodata.twiddleCoef_rfft_128  arm_cortexM4lf_math.lib(arm_common_tables.o)
    0x08020428   0x08020428   0x00002000   Data   RO         5094    .rodata.twiddleCoef_rfft_2048  arm_cortexM4lf_math.lib(arm_common_tables.o)
    0x08022428   0x08022428   0x00000400   Data   RO         5091    .rodata.twiddleCoef_rfft_256  arm_cortexM4lf_math.lib(arm_common_tables.o)
    0x08022828   0x08022828   0x00000080   Data   RO         5088    .rodata.twiddleCoef_rfft_32  arm_cortexM4lf_math.lib(arm_common_tables.o)
    0x080228a8   0x080228a8   0x00004000   Data   RO         5095    .rodata.twiddleCoef_rfft_4096  arm_cortexM4lf_math.lib(arm_common_tables.o)
    0x080268a8   0x080268a8   0x00000800   Data   RO         5092    .rodata.twiddleCoef_rfft_512  arm_cortexM4lf_math.lib(arm_common_tables.o)
    0x080270a8   0x080270a8   0x00000100   Data   RO         5089    .rodata.twiddleCoef_rfft_64  arm_cortexM4lf_math.lib(arm_common_tables.o)
    0x080271a8   0x080271a8   0x00000020   Data   RO         5626    Region$$Table       anon$$obj.o


    Execution Region RW_IRAM1 (Exec base: 0x20000000, Load base: 0x080271c8, Size: 0x0000a0d0, Max: 0x0001c000, ABSOLUTE, COMPRESSED[0x0000002c])

    Exec Addr    Load Addr    Size         Type   Attr      Idx    E Section Name        Object

    0x20000000   COMPRESSED   0x00001000   Data   RW          298    .bss                adc.o
    0x20001000   COMPRESSED   0x00000002   Data   RW           52    .data               main.o
    0x20001002   COMPRESSED   0x00000006   Data   RW          301    .data               adc.o
    0x20001008   COMPRESSED   0x00000001   Data   RW          302    .data               adc.o
    0x20001009   COMPRESSED   0x00000003   PAD
    0x2000100c   COMPRESSED   0x00000008   Data   RW          438    .data               tim.o
    0x20001014   COMPRESSED   0x00000001   Data   RW          524    .data               usart.o
    0x20001015   COMPRESSED   0x00000003   PAD
    0x20001018   COMPRESSED   0x0000000c   Data   RW         1963    .data               stm32f4xx_hal.o
    0x20001024   COMPRESSED   0x00000004   Data   RW         3775    .data               system_stm32f4xx.o
    0x20001028   COMPRESSED   0x00000002   Data   RW         3907    .data               fft_hp_estimate.o
    0x2000102a   COMPRESSED   0x00000002   PAD
    0x2000102c   COMPRESSED   0x00000008   Data   RW         4008    .data               cmd_queue.o
    0x20001034   COMPRESSED   0x00000004   Data   RW         4705    .data               serial_screen.o
    0x20001038   COMPRESSED   0x00000004   Data   RW         4706    .data               serial_screen.o
    0x2000103c   COMPRESSED   0x00000004   Data   RW         4836    .data               lissajous_graph.o
    0x20001040   COMPRESSED   0x00000001   Data   RW         4892    .data               ppl.o
    0x20001041   COMPRESSED   0x00000003   PAD
    0x20001044   COMPRESSED   0x00000004   Data   RW         5582    .data               mc_w.l(stdout.o)
    0x20001048   COMPRESSED   0x00000004   Data   RW         5592    .data               mc_w.l(errno.o)
    0x2000104c        -       0x00000640   Zero   RW          299    .bss                adc.o
    0x2000168c        -       0x00000198   Zero   RW          300    .bss                adc.o
    0x20001824        -       0x00000014   Zero   RW          364    .bss                dac.o
    0x20001838        -       0x00000168   Zero   RW          437    .bss                tim.o
    0x200019a0        -       0x00000250   Zero   RW          523    .bss                usart.o
    0x20001bf0        -       0x00008018   Zero   RW         3905    .bss                fft_hp_estimate.o
    0x20009c08        -       0x00000084   Zero   RW         4007    .bss                cmd_queue.o
    0x20009c8c        -       0x00000040   Zero   RW         4703    .bss                serial_screen.o
    0x20009ccc   COMPRESSED   0x00000004   PAD
    0x20009cd0        -       0x00000400   Zero   RW            1    STACK               startup_stm32f407xx.o


    Execution Region RW_IRAM2 (Exec base: 0x2001c000, Load base: 0x080271f4, Size: 0x00000000, Max: 0x00004000, ABSOLUTE)

    **** No section assigned to this execution region ****


==============================================================================

Image component sizes


      Code (inc. data)   RO Data    RW Data    ZI Data      Debug   Object Name

       824         86          0       4103       2008       5068   adc.o
         0          0          0          0          0       4500   armlib_lock_glue.o
       466         44          5          0          0       3924   bsp_ad9833.o
       152         16          0          8        132       2698   cmd_queue.o
       172         22          0          0         20       1791   dac.o
       108          4          0          0          0        890   dma.o
       372        112          0          0          0       1320   duty_set.o
       900        126          0          2      32792       4997   fft_hp_estimate.o
       436         34          0          0          0       1283   gpio.o
      1054          0          0          0          0      10583   hmi_driver.o
       696         92          0          4          0       6521   lissajous_graph.o
       322         40          0          2          0     733391   main.o
       880         82          0          1          0       3931   ppl.o
       874         88         19          8         64       7476   serial_screen.o
        36          8        392          0       1024        864   startup_stm32f407xx.o
       180         28          0         12          0       9633   stm32f4xx_hal.o
      2196        376          0          0          0       7690   stm32f4xx_hal_adc.o
      1200        142          0          0          0       2613   stm32f4xx_hal_adc_ex.o
       460        196          0          0          0      34139   stm32f4xx_hal_cortex.o
       672        234          0          0          0       3906   stm32f4xx_hal_dac.o
      1698        138          8          0          0       7770   stm32f4xx_hal_dma.o
       872        172          0          0          0       2428   stm32f4xx_hal_gpio.o
        48          6          0          0          0        914   stm32f4xx_hal_msp.o
      1940        184          0          0          0       5624   stm32f4xx_hal_rcc.o
      6536       1318          0          0          0      21684   stm32f4xx_hal_tim.o
       340         94          0          0          0       2669   stm32f4xx_hal_tim_ex.o
      2536        174          0          0          0      16517   stm32f4xx_hal_uart.o
       104         42          0          0          0       7924   stm32f4xx_it.o
        16          4         24          4          0       1211   system_stm32f4xx.o
      1000         88          0          8        360       6454   tim.o
       632         92          0          1        592       5268   usart.o

    ----------------------------------------------------------------------
     27756       4042        484       4164      36996     925681   Object Totals
         0          0         32          0          0          0   (incl. Generated)
        34          0          4         11          4          0   (incl. Padding)

    ----------------------------------------------------------------------

      Code (inc. data)   RO Data    RW Data    ZI Data      Debug   Library Member Name

        68          0          0          0          0       1792   arm_bitreversal2.o
      1652          0          0          0          0       7236   arm_cfft_f32.o
       180          0          0          0          0       1283   arm_cfft_init_f32.o
      1458          4          0          0          0       5452   arm_cfft_radix8_f32.o
       340          0          0          0          0       2270   arm_cmplx_mag_f32.o
         0          0     119768          0          0       6294   arm_common_tables.o
         0          0        144          0          0       4820   arm_const_structs.o
       188          0          0          0          0       1174   arm_max_f32.o
       430          0          0          0          0       3280   arm_rfft_fast_f32.o
       466          0          0          0          0       3844   arm_rfft_fast_init_f32.o
       336         56          0          0          0        136   cosf.o
        22          6          0          0          0        232   funder.o
       340         24         32          0          0        160   rredf.o
        58          0          0          0          0        136   sqrtf.o
        56          8          0          0          0         84   __0sscanf.o
        58          0          0          0          0          0   __dczerorl.o
        28          0          0          0          0         68   _chval.o
       816          6          0          0          0        112   _scanf.o
       332          0          0          0          0         96   _scanf_int.o
        64          0          0          0          0         84   _sgetc.o
        40          6         64          0          0         68   ctype_c.o
         0          0          0          0          0          0   entry.o
         0          0          0          0          0          0   entry10a.o
         0          0          0          0          0          0   entry11a.o
         4          0          0          0          0          0   entry12b.o
         8          4          0          0          0          0   entry2.o
         4          0          0          0          0          0   entry5.o
         0          0          0          0          0          0   entry7b.o
         0          0          0          0          0          0   entry8b.o
         8          4          0          0          0          0   entry9a.o
        12          6          0          4          0         68   errno.o
        30          0          0          0          0          0   handlers.o
        36          8          0          0          0         68   init.o
        10          0          0          0          0         68   isspace_c.o
         0          0          0          0          0          0   iusefp.o
        30          0          0          0          0         68   llshl.o
        36          0          0          0          0         68   llsshr.o
        32          0          0          0          0         68   llushr.o
        36          0          0          0          0         68   memcpya.o
        36          0          0          0          0        108   memseta.o
      2292         94          0          0          0        620   printfa.o
        40          8          0          0          0         84   scanf_char.o
       878         12          0          0          0        216   scanf_fp.o
         0          0          0          4          0          0   stdout.o
        44          0          0          0          0         80   uidiv.o
        98          0          0          0          0         92   uldiv.o
        48          0          0          0          0         68   cdrcmple.o
        56          0          0          0          0         88   d2f.o
       334          0          0          0          0        148   dadd.o
       222          0          0          0          0        100   ddiv.o
       186          0          0          0          0        176   depilogue.o
        50          0          0          0          0         76   dfixui.o
        48          0          0          0          0         68   dfixul.o
        26          0          0          0          0         76   dfltui.o
        24          0          0          0          0         76   dfltul.o
       228          0          0          0          0         96   dmul.o
        38          0          0          0          0         68   f2d.o
       110          0          0          0          0        168   fepilogue.o

    ----------------------------------------------------------------------
     11952        246     120008          8          0      41505   Library Totals
        16          0          0          0          0          0   (incl. Padding)

    ----------------------------------------------------------------------

      Code (inc. data)   RO Data    RW Data    ZI Data      Debug   Library Name

      4782          4     119912          0          0      37445   arm_cortexM4lf_math.lib
       756         86         32          0          0        664   m_wm.l
      5028        156         64          8          0       2188   mc_w.l
      1370          0          0          0          0       1208   mf_w.l

    ----------------------------------------------------------------------
     11952        246     120008          8          0      41505   Library Totals

    ----------------------------------------------------------------------

==============================================================================


      Code (inc. data)   RO Data    RW Data    ZI Data      Debug   

     39708       4288     120492       4172      36996     948538   Grand Totals
     39708       4288     120492         44      36996     948538   ELF Image Totals (compressed)
     39708       4288     120492         44          0          0   ROM Totals

==============================================================================

    Total RO  Size (Code + RO Data)               160200 ( 156.45kB)
    Total RW  Size (RW Data + ZI Data)             41168 (  40.20kB)
    Total ROM Size (Code + RO Data + RW Data)     160244 ( 156.49kB)

==============================================================================

